Initialized native services in: /home/ramazan/.gradle/native
The client will now receive all logging from the daemon (pid: 20026). The daemon log file: /home/ramazan/.gradle/daemon/4.5.1/daemon-20026.out.log
Starting 6th build in daemon [uptime: 3 mins 58.875 secs, performance: 99%]
Using 4 worker leases.
Starting Build
Settings evaluated using settings file '/home/ramazan/Documents/crossovertest/crossblogs-java-sa/settings.gradle'.
Projects loaded. Root project using build file '/home/ramazan/Documents/crossovertest/crossblogs-java-sa/build.gradle'.
Included projects: [root project 'crossblogs-java-sa']
Evaluating root project 'crossblogs-java-sa' using build file '/home/ramazan/Documents/crossovertest/crossblogs-java-sa/build.gradle'.
Applying dependency management to configuration 'apiElements' in project 'crossblogs-java-sa'
Applying dependency management to configuration 'archives' in project 'crossblogs-java-sa'
Applying dependency management to configuration 'compile' in project 'crossblogs-java-sa'
Applying dependency management to configuration 'compileClasspath' in project 'crossblogs-java-sa'
Applying dependency management to configuration 'compileOnly' in project 'crossblogs-java-sa'
Applying dependency management to configuration 'default' in project 'crossblogs-java-sa'
Applying dependency management to configuration 'implementation' in project 'crossblogs-java-sa'
Applying dependency management to configuration 'jacocoAgent' in project 'crossblogs-java-sa'
Applying dependency management to configuration 'jacocoAnt' in project 'crossblogs-java-sa'
Applying dependency management to configuration 'runtime' in project 'crossblogs-java-sa'
Applying dependency management to configuration 'runtimeClasspath' in project 'crossblogs-java-sa'
Applying dependency management to configuration 'runtimeElements' in project 'crossblogs-java-sa'
Applying dependency management to configuration 'runtimeOnly' in project 'crossblogs-java-sa'
Applying dependency management to configuration 'testCompile' in project 'crossblogs-java-sa'
Applying dependency management to configuration 'testCompileClasspath' in project 'crossblogs-java-sa'
Applying dependency management to configuration 'testCompileOnly' in project 'crossblogs-java-sa'
Applying dependency management to configuration 'testImplementation' in project 'crossblogs-java-sa'
Applying dependency management to configuration 'testRuntime' in project 'crossblogs-java-sa'
Applying dependency management to configuration 'testRuntimeClasspath' in project 'crossblogs-java-sa'
Applying dependency management to configuration 'testRuntimeOnly' in project 'crossblogs-java-sa'
Applying dependency management to configuration 'bootArchives' in project 'crossblogs-java-sa'
All projects evaluated.
Selected primary task 'clean' from project :
Selected primary task 'test' from project :
Tasks to be executed: [task ':clean', task ':compileJava', task ':processResources', task ':classes', task ':compileTestJava', task ':processTestResources', task ':testClasses', task ':test']
:clean (Thread[Task worker for ':',5,main]) started.
:clean
Task ':clean' is not up-to-date because:
  Task has not declared any outputs.
:clean (Thread[Task worker for ':',5,main]) completed. Took 0.018 secs.
:compileJava (Thread[Task worker for ':' Thread 3,5,main]) started.
:compileJava
Resolving global dependency management for project 'crossblogs-java-sa'
Excluding [org.apache.tomcat:tomcat-annotations-api]
Task ':compileJava' is not up-to-date because:
  Output property 'destinationDir' file /home/ramazan/Documents/crossovertest/crossblogs-java-sa/build/classes/java/main has been removed.
  Output property 'destinationDir' file /home/ramazan/Documents/crossovertest/crossblogs-java-sa/build/classes/java/main/com has been removed.
  Output property 'destinationDir' file /home/ramazan/Documents/crossovertest/crossblogs-java-sa/build/classes/java/main/com/crossover has been removed.
All input files are considered out-of-date for incremental task ':compileJava'.
Compiling with JDK Java compiler API.
:compileJava (Thread[Task worker for ':' Thread 3,5,main]) completed. Took 0.811 secs.
:processResources (Thread[Task worker for ':' Thread 2,5,main]) started.
:processResources
Task ':processResources' is not up-to-date because:
  Output property 'destinationDir' file /home/ramazan/Documents/crossovertest/crossblogs-java-sa/build/resources/main has been removed.
  Output property 'destinationDir' file /home/ramazan/Documents/crossovertest/crossblogs-java-sa/build/resources/main/db has been removed.
  Output property 'destinationDir' file /home/ramazan/Documents/crossovertest/crossblogs-java-sa/build/resources/main/db/changelog has been removed.
:processResources (Thread[Task worker for ':' Thread 2,5,main]) completed. Took 0.02 secs.
:classes (Thread[Task worker for ':' Thread 3,5,main]) started.
:classes
Skipping task ':classes' as it has no actions.
:classes (Thread[Task worker for ':' Thread 3,5,main]) completed. Took 0.0 secs.
:compileTestJava (Thread[Task worker for ':' Thread 3,5,main]) started.
:compileTestJava
Cached resource https://repo.maven.apache.org/maven2/org/apache/derby/derby/10.5.3.0/derby-10.5.3.0.pom is up-to-date (lastModified: Wed Aug 26 21:58:01 EEST 2009).
Excluding []
Task ':compileTestJava' is not up-to-date because:
  Output property 'destinationDir' file /home/ramazan/Documents/crossovertest/crossblogs-java-sa/build/classes/java/test has been removed.
  Output property 'destinationDir' file /home/ramazan/Documents/crossovertest/crossblogs-java-sa/build/classes/java/test/com has been removed.
  Output property 'destinationDir' file /home/ramazan/Documents/crossovertest/crossblogs-java-sa/build/classes/java/test/com/crossover has been removed.
All input files are considered out-of-date for incremental task ':compileTestJava'.
Compiling with JDK Java compiler API.
:compileTestJava (Thread[Task worker for ':' Thread 3,5,main]) completed. Took 1.128 secs.
:processTestResources (Thread[Task worker for ':' Thread 3,5,main]) started.
:processTestResources
Skipping task ':processTestResources' as it has no source files and no previous output files.
:processTestResources NO-SOURCE
:processTestResources (Thread[Task worker for ':' Thread 3,5,main]) completed. Took 0.001 secs.
:testClasses (Thread[Task worker for ':' Thread 3,5,main]) started.
:testClasses
Skipping task ':testClasses' as it has no actions.
:testClasses (Thread[Task worker for ':' Thread 3,5,main]) completed. Took 0.0 secs.
:test (Thread[Task worker for ':' Thread 3,5,main]) started.
:test
Excluding []
Excluding []
Task ':test' is not up-to-date because:
  Output property 'binResultsDir' file /home/ramazan/Documents/crossovertest/crossblogs-java-sa/build/test-results/test/binary has been removed.
  Output property 'binResultsDir' file /home/ramazan/Documents/crossovertest/crossblogs-java-sa/build/test-results/test/binary/output.bin has been removed.
  Output property 'binResultsDir' file /home/ramazan/Documents/crossovertest/crossblogs-java-sa/build/test-results/test/binary/output.bin.idx has been removed.
Starting process 'Gradle Test Executor 2'. Working directory: /home/ramazan/Documents/crossovertest/crossblogs-java-sa Command: /usr/lib/jvm/java-8-openjdk-amd64/bin/java -Djava.security.manager=worker.org.gradle.process.internal.worker.child.BootstrapSecurityManager -Dorg.gradle.native=false -javaagent:build/tmp/expandedArchives/org.jacoco.agent-0.7.9.jar_17d4cd69b5d9b44b59ac09d2e4756e43/jacocoagent.jar=destfile=build/jacoco/test.exec,append=true,inclnolocationclasses=false,dumponexit=true,output=file,jmx=false -Dfile.encoding=UTF-8 -Duser.country=US -Duser.language=en -Duser.variant -ea -cp /home/ramazan/.gradle/caches/4.5.1/workerMain/gradle-worker.jar worker.org.gradle.process.internal.worker.GradleWorkerMain 'Gradle Test Executor 2'
Successfully started process 'Gradle Test Executor 2'
Gradle Test Executor 2 started executing tests.

com.crossover.techtrial.service.ArticleServiceTest STANDARD_OUT
    14:28:13.846 [Test worker] DEBUG org.springframework.test.context.junit4.SpringJUnit4ClassRunner - SpringJUnit4ClassRunner constructor called with [class com.crossover.techtrial.service.ArticleServiceTest]
    14:28:13.862 [Test worker] DEBUG org.springframework.test.context.BootstrapUtils - Instantiating CacheAwareContextLoaderDelegate from class [org.springframework.test.context.cache.DefaultCacheAwareContextLoaderDelegate]
    14:28:13.885 [Test worker] DEBUG org.springframework.test.context.BootstrapUtils - Instantiating BootstrapContext using constructor [public org.springframework.test.context.support.DefaultBootstrapContext(java.lang.Class,org.springframework.test.context.CacheAwareContextLoaderDelegate)]
    14:28:13.926 [Test worker] DEBUG org.springframework.test.context.BootstrapUtils - Instantiating TestContextBootstrapper for test class [com.crossover.techtrial.service.ArticleServiceTest] from class [org.springframework.boot.test.context.SpringBootTestContextBootstrapper]
    14:28:13.957 [Test worker] INFO org.springframework.boot.test.context.SpringBootTestContextBootstrapper - Neither @ContextConfiguration nor @ContextHierarchy found for test class [com.crossover.techtrial.service.ArticleServiceTest], using SpringBootContextLoader
    14:28:13.970 [Test worker] DEBUG org.springframework.test.context.support.AbstractContextLoader - Did not detect default resource location for test class [com.crossover.techtrial.service.ArticleServiceTest]: class path resource [com/crossover/techtrial/service/ArticleServiceTest-context.xml] does not exist
    14:28:13.971 [Test worker] DEBUG org.springframework.test.context.support.AbstractContextLoader - Did not detect default resource location for test class [com.crossover.techtrial.service.ArticleServiceTest]: class path resource [com/crossover/techtrial/service/ArticleServiceTestContext.groovy] does not exist
    14:28:13.972 [Test worker] INFO org.springframework.test.context.support.AbstractContextLoader - Could not detect default resource locations for test class [com.crossover.techtrial.service.ArticleServiceTest]: no resource found for suffixes {-context.xml, Context.groovy}.
    14:28:13.974 [Test worker] INFO org.springframework.test.context.support.AnnotationConfigContextLoaderUtils - Could not detect default configuration classes for test class [com.crossover.techtrial.service.ArticleServiceTest]: ArticleServiceTest does not declare any static, non-private, non-final, nested classes annotated with @Configuration.
    14:28:14.081 [Test worker] DEBUG org.springframework.core.env.StandardEnvironment - Adding PropertySource 'systemProperties' with lowest search precedence
    14:28:14.081 [Test worker] DEBUG org.springframework.core.env.StandardEnvironment - Adding PropertySource 'systemEnvironment' with lowest search precedence
    14:28:14.083 [Test worker] DEBUG org.springframework.core.env.StandardEnvironment - Initialized StandardEnvironment with PropertySources [MapPropertySource@1096735081 {name='systemProperties', properties={java.runtime.name=OpenJDK Runtime Environment, sun.boot.library.path=/usr/lib/jvm/java-8-openjdk-amd64/jre/lib/amd64, java.vm.version=25.131-b11, java.vm.vendor=Oracle Corporation, java.vendor.url=http://java.oracle.com/, path.separator=:, java.vm.name=OpenJDK 64-Bit Server VM, file.encoding.pkg=sun.io, sun.java.launcher=SUN_STANDARD, user.country=US, sun.os.patch.level=unknown, java.vm.specification.name=Java Virtual Machine Specification, user.dir=/home/ramazan/Documents/crossovertest/crossblogs-java-sa, java.runtime.version=1.8.0_131-8u131-b11-2ubuntu1.16.04.3-b11, java.awt.graphicsenv=sun.awt.X11GraphicsEnvironment, java.endorsed.dirs=/usr/lib/jvm/java-8-openjdk-amd64/jre/lib/endorsed, os.arch=amd64, java.io.tmpdir=/tmp, line.separator=
    , java.vm.specification.vendor=Oracle Corporation, user.variant=, os.name=Linux, sun.jnu.encoding=UTF-8, java.library.path=/usr/java/packages/lib/amd64:/usr/lib/x86_64-linux-gnu/jni:/lib/x86_64-linux-gnu:/usr/lib/x86_64-linux-gnu:/usr/lib/jni:/lib:/usr/lib, java.specification.name=Java Platform API Specification, java.class.version=52.0, org.gradle.native=false, sun.management.compiler=HotSpot 64-Bit Tiered Compilers, os.version=4.13.0-38-generic, user.home=/home/ramazan, user.timezone=Europe/Istanbul, java.awt.printerjob=sun.print.PSPrinterJob, file.encoding=UTF-8, java.specification.version=1.8, java.class.path=/home/ramazan/Documents/crossovertest/crossblogs-java-sa/build/classes/java/test:/home/ramazan/Documents/crossovertest/crossblogs-java-sa/build/resources/test:/home/ramazan/Documents/crossovertest/crossblogs-java-sa/build/classes/java/main:/home/ramazan/Documents/crossovertest/crossblogs-java-sa/build/resources/main:/home/ramazan/.gradle/caches/modules-2/files-2.1/org.modelmapper/modelmapper/1.1.0/98b2cbf292dad9e284124e5d4c1f97771d9333a3/modelmapper-1.1.0.jar:/home/ramazan/.gradle/caches/modules-2/files-2.1/com.google.guava/guava/24.0-jre/41ac1e74d6b4e1ea1f027139cffeb536c732a81/guava-24.0-jre.jar:/home/ramazan/.gradle/caches/modules-2/files-2.1/org.springframework.boot/spring-boot-starter-data-jpa/2.0.0.RELEASE/cc7bc2df046149870255d22367f8f7276eb82e98/spring-boot-starter-data-jpa-2.0.0.RELEASE.jar:/home/ramazan/.gradle/caches/modules-2/files-2.1/org.springframework.boot/spring-boot-starter-data-rest/2.0.0.RELEASE/ebf929e1d4ba783f3e32459fe8d29cb61ddbb92/spring-boot-starter-data-rest-2.0.0.RELEASE.jar:/home/ramazan/.gradle/caches/modules-2/files-2.1/org.springframework.boot/spring-boot-starter-web/2.0.0.RELEASE/fcb2a9e18f98382e626935841f85ed44d7153615/spring-boot-starter-web-2.0.0.RELEASE.jar:/home/ramazan/.gradle/caches/modules-2/files-2.1/org.springframework.boot/spring-boot-starter-json/2.0.0.RELEASE/5a09c939d8bd60d7f163c1c0c20a3127ba9fffa/spring-boot-starter-json-2.0.0.RELEASE.jar:/home/ramazan/.gradle/caches/modules-2/files-2.1/org.springframework.data/spring-data-rest-webmvc/3.0.5.RELEASE/760f62765b03fbbc402ae8910da28dc336f02e7d/spring-data-rest-webmvc-3.0.5.RELEASE.jar:/home/ramazan/.gradle/caches/modules-2/files-2.1/org.springframework.data/spring-data-rest-core/3.0.5.RELEASE/3e806c4587efe30303585c48e40d6cd08092aced/spring-data-rest-core-3.0.5.RELEASE.jar:/home/ramazan/.gradle/caches/modules-2/files-2.1/com.fasterxml.jackson.datatype/jackson-datatype-jdk8/2.9.4/63ac052d52a70a15820d3dc07ea757826fd51d40/jackson-datatype-jdk8-2.9.4.jar:/home/ramazan/.gradle/caches/modules-2/files-2.1/com.fasterxml.jackson.datatype/jackson-datatype-jsr310/2.9.4/12d52679a6615c7972ea25bd8ebb60b191fe79b7/jackson-datatype-jsr310-2.9.4.jar:/home/ramazan/.gradle/caches/modules-2/files-2.1/com.fasterxml.jackson.module/jackson-module-parameter-names/2.9.4/5833c819877c3e85bad847f4d2fa4e70379217c6/jackson-module-parameter-names-2.9.4.jar:/home/ramazan/.gradle/caches/modules-2/files-2.1/com.fasterxml.jackson.core/jackson-databind/2.9.4/498bbc3b94f566982c7f7c6d4d303fce365529be/jackson-databind-2.9.4.jar:/home/ramazan/.gradle/caches/modules-2/files-2.1/com.fasterxml.jackson.core/jackson-core/2.9.4/a9a71ec1aa37da47db168fede9a4a5fb5e374320/jackson-core-2.9.4.jar:/home/ramazan/.gradle/caches/modules-2/files-2.1/org.liquibase/liquibase-core/3.5.5/c65051f327382018bd09c30380f25eac96f210da/liquibase-core-3.5.5.jar:/home/ramazan/.gradle/caches/modules-2/files-2.1/mysql/mysql-connector-java/5.1.45/ee64ec436a87c35362176ea300d69c912d1cbeac/mysql-connector-java-5.1.45.jar:/home/ramazan/.gradle/caches/modules-2/files-2.1/org.springframework.boot/spring-boot-starter-aop/2.0.0.RELEASE/9afd572ca8de272e6d919d914db5c73cd7d06ea2/spring-boot-starter-aop-2.0.0.RELEASE.jar:/home/ramazan/.gradle/caches/modules-2/files-2.1/org.springframework.boot/spring-boot-starter-test/2.0.0.RELEASE/4ff0e1d9bd315a4a5867e9c6128691cac8b37348/spring-boot-starter-test-2.0.0.RELEASE.jar:/home/ramazan/.gradle/caches/modules-2/files-2.1/org.apache.derby/derby/10.5.3.0/b0146dd76c2601a5a0632dd2e0b3b85e5b1b713/derby-10.5.3.0.jar:/home/ramazan/.gradle/caches/modules-2/files-2.1/com.h2database/h2/1.3.148/ce09b82b041aed744c94cb1b1addd8a8ba244e54/h2-1.3.148.jar:/home/ramazan/.gradle/caches/modules-2/files-2.1/com.google.code.findbugs/jsr305/1.3.9/40719ea6961c0cb6afaeb6a921eaa1f6afd4cfdf/jsr305-1.3.9.jar:/home/ramazan/.gradle/caches/modules-2/files-2.1/org.checkerframework/checker-compat-qual/2.0.0/fc89b03860d11d6213d0154a62bcd1c2f69b9efa/checker-compat-qual-2.0.0.jar:/home/ramazan/.gradle/caches/modules-2/files-2.1/com.google.errorprone/error_prone_annotations/2.1.3/39b109f2cd352b2d71b52a3b5a1a9850e1dc304b/error_prone_annotations-2.1.3.jar:/home/ramazan/.gradle/caches/modules-2/files-2.1/com.google.j2objc/j2objc-annotations/1.1/ed28ded51a8b1c6b112568def5f4b455e6809019/j2objc-annotations-1.1.jar:/home/ramazan/.gradle/caches/modules-2/files-2.1/org.codehaus.mojo/animal-sniffer-annotations/1.14/775b7e22fb10026eed3f86e8dc556dfafe35f2d5/animal-sniffer-annotations-1.14.jar:/home/ramazan/.gradle/caches/modules-2/files-2.1/org.springframework.boot/spring-boot-starter-jdbc/2.0.0.RELEASE/bfe586f729ed86a421a79ac1b18d4e05acd25d68/spring-boot-starter-jdbc-2.0.0.RELEASE.jar:/home/ramazan/.gradle/caches/modules-2/files-2.1/org.springframework.boot/spring-boot-starter/2.0.0.RELEASE/6d7d8e4bf053cd1833f3c7dbce676bc274f0892f/spring-boot-starter-2.0.0.RELEASE.jar:/home/ramazan/.gradle/caches/modules-2/files-2.1/org.hibernate/hibernate-core/5.2.14.Final/2132ad4a9fa5088156469ec85306afe574bb8c24/hibernate-core-5.2.14.Final.jar:/home/ramazan/.gradle/caches/modules-2/files-2.1/javax.transaction/javax.transaction-api/1.2/d81aff979d603edd90dcd8db2abc1f4ce6479e3e/javax.transaction-api-1.2.jar:/home/ramazan/.gradle/caches/modules-2/files-2.1/org.springframework.data/spring-data-jpa/2.0.5.RELEASE/51b2e315174e32b4c8a4841a147002555add076c/spring-data-jpa-2.0.5.RELEASE.jar:/home/ramazan/.gradle/caches/modules-2/files-2.1/org.springframework/spring-aspects/5.0.4.RELEASE/454ee13fc4f439065572dd526e81c699d1d61e3e/spring-aspects-5.0.4.RELEASE.jar:/home/ramazan/.gradle/caches/modules-2/files-2.1/org.springframework.boot/spring-boot-starter-tomcat/2.0.0.RELEASE/908bc9de1a7cfa857edf44182d426f6e0d8a3008/spring-boot-starter-tomcat-2.0.0.RELEASE.jar:/home/ramazan/.gradle/caches/modules-2/files-2.1/org.hibernate.validator/hibernate-validator/6.0.7.Final/8b9d9c7ec8c73963ea0fe81912fc67711a4ef76/hibernate-validator-6.0.7.Final.jar:/home/ramazan/.gradle/caches/modules-2/files-2.1/org.springframework.hateoas/spring-hateoas/0.24.0.RELEASE/b6401a781a58e0b2ab95242a553683e04300fe69/spring-hateoas-0.24.0.RELEASE.jar:/home/ramazan/.gradle/caches/modules-2/files-2.1/org.springframework/spring-webmvc/5.0.4.RELEASE/addcf1caa22613c474bd6dde8c7134fef940b1f0/spring-webmvc-5.0.4.RELEASE.jar:/home/ramazan/.gradle/caches/modules-2/files-2.1/org.springframework/spring-web/5.0.4.RELEASE/9565bbc67bf1a850a6505deaa5103931712a7b80/spring-web-5.0.4.RELEASE.jar:/home/ramazan/.gradle/caches/modules-2/files-2.1/org.yaml/snakeyaml/1.19/2d998d3d674b172a588e54ab619854d073f555b5/snakeyaml-1.19.jar:/home/ramazan/.gradle/caches/modules-2/files-2.1/org.springframework.boot/spring-boot-test-autoconfigure/2.0.0.RELEASE/db0595321e96929d9473cf061f3408972d03c6aa/spring-boot-test-autoconfigure-2.0.0.RELEASE.jar:/home/ramazan/.gradle/caches/modules-2/files-2.1/org.springframework.boot/spring-boot-test/2.0.0.RELEASE/1565e78c2801bd3c7ece0a8ddc08e5ed53676878/spring-boot-test-2.0.0.RELEASE.jar:/home/ramazan/.gradle/caches/modules-2/files-2.1/org.springframework.boot/spring-boot-autoconfigure/2.0.0.RELEASE/c89896a469ecf92996ecba40755919896ace5470/spring-boot-autoconfigure-2.0.0.RELEASE.jar:/home/ramazan/.gradle/caches/modules-2/files-2.1/org.springframework.boot/spring-boot/2.0.0.RELEASE/771da2071ff14a47f108642a641c204ae4ef7b15/spring-boot-2.0.0.RELEASE.jar:/home/ramazan/.gradle/caches/modules-2/files-2.1/org.springframework.plugin/spring-plugin-core/1.2.0.RELEASE/f380e7760032e7d929184f8ad8a33716b75c0657/spring-plugin-core-1.2.0.RELEASE.jar:/home/ramazan/.gradle/caches/modules-2/files-2.1/org.springframework/spring-context/5.0.4.RELEASE/3e76d08c851113077642c5704f0f94d5ce58e905/spring-context-5.0.4.RELEASE.jar:/home/ramazan/.gradle/caches/modules-2/files-2.1/org.springframework/spring-aop/5.0.4.RELEASE/f8e029e54c0267dadb6b9f713f3feb54ec4f3a0e/spring-aop-5.0.4.RELEASE.jar:/home/ramazan/.gradle/caches/modules-2/files-2.1/org.aspectj/aspectjweaver/1.8.13/ad94df2a28d658a40dc27bbaff6a1ce5fbf04e9b/aspectjweaver-1.8.13.jar:/home/ramazan/.gradle/caches/modules-2/files-2.1/com.jayway.jsonpath/json-path/2.4.0/765a4401ceb2dc8d40553c2075eb80a8fa35c2ae/json-path-2.4.0.jar:/home/ramazan/.gradle/caches/modules-2/files-2.1/junit/junit/4.12/2973d150c0dc1fefe998f834810d68f278ea58ec/junit-4.12.jar:/home/ramazan/.gradle/caches/modules-2/files-2.1/org.assertj/assertj-core/3.9.1/c5ce126b15f28d56cd8f960c1a6a058b9c9aea87/assertj-core-3.9.1.jar:/home/ramazan/.gradle/caches/modules-2/files-2.1/org.mockito/mockito-core/2.15.0/b84bfbbc29cd22c9529409627af6ea2897f4fa85/mockito-core-2.15.0.jar:/home/ramazan/.gradle/caches/modules-2/files-2.1/org.hamcrest/hamcrest-library/1.3/4785a3c21320980282f9f33d0d1264a69040538f/hamcrest-library-1.3.jar:/home/ramazan/.gradle/caches/modules-2/files-2.1/org.hamcrest/hamcrest-core/1.3/42a25dc3219429f0e5d060061f71acb49bf010a0/hamcrest-core-1.3.jar:/home/ramazan/.gradle/caches/modules-2/files-2.1/org.skyscreamer/jsonassert/1.5.0/6c9d5fe2f59da598d9aefc1cfc6528ff3cf32df3/jsonassert-1.5.0.jar:/home/ramazan/.gradle/caches/modules-2/files-2.1/org.springframework/spring-test/5.0.4.RELEASE/3fc10b6535a113593fa8780951465012a7677e21/spring-test-5.0.4.RELEASE.jar:/home/ramazan/.gradle/caches/modules-2/files-2.1/org.springframework/spring-orm/5.0.4.RELEASE/dc83e08ecdb4ab28339f87358b53d75b4a8d1b9/spring-orm-5.0.4.RELEASE.jar:/home/ramazan/.gradle/caches/modules-2/files-2.1/org.springframework/spring-jdbc/5.0.4.RELEASE/6b5ac0db11d81d6319ebd0bb253b2f01713df3ab/spring-jdbc-5.0.4.RELEASE.jar:/home/ramazan/.gradle/caches/modules-2/files-2.1/org.springframework/spring-tx/5.0.4.RELEASE/7afc193c5d2b812ee6d2ccaf6fcc81fb83bfb4a7/spring-tx-5.0.4.RELEASE.jar:/home/ramazan/.gradle/caches/modules-2/files-2.1/org.springframework.data/spring-data-commons/2.0.5.RELEASE/f5357c650f63f3a187d3d4086a9e9132f33851a6/spring-data-commons-2.0.5.RELEASE.jar:/home/ramazan/.gradle/caches/modules-2/files-2.1/org.springframework/spring-beans/5.0.4.RELEASE/7a8c3d48d4c33621e64d1399721d8e067450fcbd/spring-beans-5.0.4.RELEASE.jar:/home/ramazan/.gradle/caches/modules-2/files-2.1/org.springframework/spring-expression/5.0.4.RELEASE/4bda161f2e34c1486f2527a23eb47293567f473c/spring-expression-5.0.4.RELEASE.jar:/home/ramazan/.gradle/caches/modules-2/files-2.1/org.springframework/spring-core/5.0.4.RELEASE/2221a957b5561a34f044350ba4e30ef5870254a3/spring-core-5.0.4.RELEASE.jar:/home/ramazan/.gradle/caches/modules-2/files-2.1/org.xmlunit/xmlunit-core/2.5.1/4ffdb346572a7356f7521cd3119ce5287d2e339d/xmlunit-core-2.5.1.jar:/home/ramazan/.gradle/caches/modules-2/files-2.1/org.springframework.boot/spring-boot-starter-logging/2.0.0.RELEASE/fe939b71659ef1f98a53cce0b5bcf771685cf6a6/spring-boot-starter-logging-2.0.0.RELEASE.jar:/home/ramazan/.gradle/caches/modules-2/files-2.1/javax.annotation/javax.annotation-api/1.3.2/934c04d3cfef185a8008e7bf34331b79730a9d43/javax.annotation-api-1.3.2.jar:/home/ramazan/.gradle/caches/modules-2/files-2.1/com.zaxxer/HikariCP/2.7.8/4a3a604fa2efa89621aa498d04e000b2bed90c39/HikariCP-2.7.8.jar:/home/ramazan/.gradle/caches/modules-2/files-2.1/org.hibernate.common/hibernate-commons-annotations/5.0.1.Final/71e1cff3fcb20d3b3af4f3363c3ddb24d33c6879/hibernate-commons-annotations-5.0.1.Final.jar:/home/ramazan/.gradle/caches/modules-2/files-2.1/org.jboss.logging/jboss-logging/3.3.2.Final/3789d00e859632e6c6206adc0c71625559e6e3b0/jboss-logging-3.3.2.Final.jar:/home/ramazan/.gradle/caches/modules-2/files-2.1/org.hibernate.javax.persistence/hibernate-jpa-2.1-api/1.0.0.Final/5e731d961297e5a07290bfaf3db1fbc8bbbf405a/hibernate-jpa-2.1-api-1.0.0.Final.jar:/home/ramazan/.gradle/caches/modules-2/files-2.1/org.javassist/javassist/3.22.0-GA/3e83394258ae2089be7219b971ec21a8288528ad/javassist-3.22.0-GA.jar:/home/ramazan/.gradle/caches/modules-2/files-2.1/antlr/antlr/2.7.7/83cd2cd674a217ade95a4bb83a8a14f351f48bd0/antlr-2.7.7.jar:/home/ramazan/.gradle/caches/modules-2/files-2.1/org.jboss/jandex/2.0.3.Final/bfc4d6257dbff7a33a357f0de116be6ff951d849/jandex-2.0.3.Final.jar:/home/ramazan/.gradle/caches/modules-2/files-2.1/com.fasterxml/classmate/1.3.4/3d5f48f10bbe4eb7bd862f10c0583be2e0053c6/classmate-1.3.4.jar:/home/ramazan/.gradle/caches/modules-2/files-2.1/dom4j/dom4j/1.6.1/5d3ccc056b6f056dbf0dddfdf43894b9065a8f94/dom4j-1.6.1.jar:/home/ramazan/.gradle/caches/modules-2/files-2.1/ch.qos.logback/logback-classic/1.2.3/7c4f3c474fb2c041d8028740440937705ebb473a/logback-classic-1.2.3.jar:/home/ramazan/.gradle/caches/modules-2/files-2.1/org.apache.logging.log4j/log4j-to-slf4j/2.10.0/f7e631ccf49cfc0aefa4a2a728da7d374c05bd3c/log4j-to-slf4j-2.10.0.jar:/home/ramazan/.gradle/caches/modules-2/files-2.1/org.slf4j/jul-to-slf4j/1.7.25/af5364cd6679bfffb114f0dec8a157aaa283b76/jul-to-slf4j-1.7.25.jar:/home/ramazan/.gradle/caches/modules-2/files-2.1/org.slf4j/slf4j-api/1.7.25/da76ca59f6a57ee3102f8f9bd9cee742973efa8a/slf4j-api-1.7.25.jar:/home/ramazan/.gradle/caches/modules-2/files-2.1/org.apache.tomcat.embed/tomcat-embed-websocket/8.5.28/8a5a48740dd80cad644ceb541e77fd8e0809e3b7/tomcat-embed-websocket-8.5.28.jar:/home/ramazan/.gradle/caches/modules-2/files-2.1/org.apache.tomcat.embed/tomcat-embed-core/8.5.28/b684c98cf77c6528079c4e59fc1feeb218bf82f1/tomcat-embed-core-8.5.28.jar:/home/ramazan/.gradle/caches/modules-2/files-2.1/org.apache.tomcat.embed/tomcat-embed-el/8.5.28/75745598f60646ccf0c4b105468a9c8be9b8432e/tomcat-embed-el-8.5.28.jar:/home/ramazan/.gradle/caches/modules-2/files-2.1/javax.validation/validation-api/2.0.1.Final/cb855558e6271b1b32e716d24cb85c7f583ce09e/validation-api-2.0.1.Final.jar:/home/ramazan/.gradle/caches/modules-2/files-2.1/com.fasterxml.jackson.core/jackson-annotations/2.9.0/7c10d545325e3a6e72e06381afe469fd40eb701/jackson-annotations-2.9.0.jar:/home/ramazan/.gradle/caches/modules-2/files-2.1/net.minidev/json-smart/2.3/7396407491352ce4fa30de92efb158adb76b5b/json-smart-2.3.jar:/home/ramazan/.gradle/caches/modules-2/files-2.1/net.bytebuddy/byte-buddy/1.7.10/3c8ec287c0a5bd04b1e3f11723bc46a50346602b/byte-buddy-1.7.10.jar:/home/ramazan/.gradle/caches/modules-2/files-2.1/net.bytebuddy/byte-buddy-agent/1.7.10/9b092a8fb9112b89f6cb23fc929cfb931b14007b/byte-buddy-agent-1.7.10.jar:/home/ramazan/.gradle/caches/modules-2/files-2.1/org.objenesis/objenesis/2.6/639033469776fd37c08358c6b92a4761feb2af4b/objenesis-2.6.jar:/home/ramazan/.gradle/caches/modules-2/files-2.1/com.vaadin.external.google/android-json/0.0.20131108.vaadin1/fa26d351fe62a6a17f5cda1287c1c6110dec413f/android-json-0.0.20131108.vaadin1.jar:/home/ramazan/.gradle/caches/modules-2/files-2.1/org.springframework/spring-jcl/5.0.4.RELEASE/3053e2bad0a18571bdbb9596ce51f9d458f5934f/spring-jcl-5.0.4.RELEASE.jar:/home/ramazan/.gradle/caches/modules-2/files-2.1/org.atteo/evo-inflector/1.2.2/2551aad98d65ac5464d81fe05f0e1516cfe471c9/evo-inflector-1.2.2.jar:/home/ramazan/.gradle/caches/modules-2/files-2.1/net.minidev/accessors-smart/1.2/c592b500269bfde36096641b01238a8350f8aa31/accessors-smart-1.2.jar:/home/ramazan/.gradle/caches/modules-2/files-2.1/ch.qos.logback/logback-core/1.2.3/864344400c3d4d92dfeb0a305dc87d953677c03c/logback-core-1.2.3.jar:/home/ramazan/.gradle/caches/modules-2/files-2.1/org.apache.logging.log4j/log4j-api/2.10.0/fec5797a55b786184a537abd39c3fa1449d752d6/log4j-api-2.10.0.jar:/home/ramazan/.gradle/caches/modules-2/files-2.1/org.ow2.asm/asm/5.0.4/da08b8cce7bbf903602a25a3a163ae252435795/asm-5.0.4.jar, user.name=ramazan, java.vm.specification.version=1.8, sun.java.command=worker.org.gradle.process.internal.worker.GradleWorkerMain 'Gradle Test Executor 2', java.home=/usr/lib/jvm/java-8-openjdk-amd64/jre, sun.arch.data.model=64, user.language=en, java.specification.vendor=Oracle Corporation, awt.toolkit=sun.awt.X11.XToolkit, java.vm.info=mixed mode, java.version=1.8.0_131, java.ext.dirs=/usr/lib/jvm/java-8-openjdk-amd64/jre/lib/ext:/usr/java/packages/lib/ext, sun.boot.class.path=/usr/lib/jvm/java-8-openjdk-amd64/jre/lib/resources.jar:/usr/lib/jvm/java-8-openjdk-amd64/jre/lib/rt.jar:/usr/lib/jvm/java-8-openjdk-amd64/jre/lib/sunrsasign.jar:/usr/lib/jvm/java-8-openjdk-amd64/jre/lib/jsse.jar:/usr/lib/jvm/java-8-openjdk-amd64/jre/lib/jce.jar:/usr/lib/jvm/java-8-openjdk-amd64/jre/lib/charsets.jar:/usr/lib/jvm/java-8-openjdk-amd64/jre/lib/jfr.jar:/usr/lib/jvm/java-8-openjdk-amd64/jre/classes, java.vendor=Oracle Corporation, org.gradle.test.worker=2, file.separator=/, java.vendor.url.bug=http://bugreport.sun.com/bugreport/, sun.io.unicode.encoding=UnicodeLittle, sun.cpu.endian=little, sun.desktop=gnome, sun.cpu.isalist=}}, SystemEnvironmentPropertySource@75328773 {name='systemEnvironment', properties={PATH=/home/ramazan/bin:/home/ramazan/.local/bin:/usr/local/sbin:/usr/local/bin:/usr/sbin:/usr/bin:/sbin:/bin:/usr/games:/usr/local/games:/home/ramazan/Android/Sdk/platform-tools:/home/ramazan/Android/Sdk/tools:/snap/bin, LC_MEASUREMENT=tr_TR.UTF-8, XAUTHORITY=/home/ramazan/.Xauthority, XMODIFIERS=@im=ibus, LC_TELEPHONE=tr_TR.UTF-8, XDG_DATA_DIRS=/usr/share/ubuntu:/usr/share/gnome:/usr/local/share/:/usr/share/:/var/lib/snapd/desktop, GDMSESSION=ubuntu, MANDATORY_PATH=/usr/share/gconf/ubuntu.mandatory.path, LC_TIME=tr_TR.UTF-8, GTK_IM_MODULE=ibus, DBUS_SESSION_BUS_ADDRESS=unix:abstract=/tmp/dbus-u4nqhr1i9U, ANDROID_HOME=/home/ramazan/Android/Sdk/, DEFAULTS_PATH=/usr/share/gconf/ubuntu.default.path, XDG_CURRENT_DESKTOP=Unity, UPSTART_SESSION=unix:abstract=/com/ubuntu/upstart-session/1000/3117, QT4_IM_MODULE=xim, LC_PAPER=tr_TR.UTF-8, SESSION_MANAGER=local/ramazan-Lenovo-G50-70:@/tmp/.ICE-unix/3382,unix/ramazan-Lenovo-G50-70:/tmp/.ICE-unix/3382, QT_LINUX_ACCESSIBILITY_ALWAYS_ON=1, LOGNAME=ramazan, JOB=unity-settings-daemon, PWD=/home/ramazan/Documents/crossovertest/crossblogs-java-sa, IM_CONFIG_PHASE=1, LANGUAGE=en_US, SHELL=/bin/bash, LESSOPEN=| /usr/bin/lesspipe %s, LC_ADDRESS=tr_TR.UTF-8, GIO_LAUNCHED_DESKTOP_FILE=/usr/share/applications/lxterminal.desktop, INSTANCE=, GTK2_MODULES=overlay-scrollbar, OLDPWD=/home/ramazan/Documents/crossovertest/crossblogs-java-sa, UPSTART_INSTANCE=, GNOME_DESKTOP_SESSION_ID=this-is-deprecated, GTK_MODULES=gail:atk-bridge:unity-gtk-module, CLUTTER_IM_MODULE=xim, XDG_SESSION_PATH=/org/freedesktop/DisplayManager/Session0, COMPIZ_BIN_PATH=/usr/bin/, SESSIONTYPE=gnome-session, XDG_SESSION_DESKTOP=ubuntu, LS_COLORS=rs=0:di=01;34:ln=01;36:mh=00:pi=40;33:so=01;35:do=01;35:bd=40;33;01:cd=40;33;01:or=40;31;01:mi=00:su=37;41:sg=30;43:ca=30;41:tw=30;42:ow=34;42:st=37;44:ex=01;32:*.tar=01;31:*.tgz=01;31:*.arc=01;31:*.arj=01;31:*.taz=01;31:*.lha=01;31:*.lz4=01;31:*.lzh=01;31:*.lzma=01;31:*.tlz=01;31:*.txz=01;31:*.tzo=01;31:*.t7z=01;31:*.zip=01;31:*.z=01;31:*.Z=01;31:*.dz=01;31:*.gz=01;31:*.lrz=01;31:*.lz=01;31:*.lzo=01;31:*.xz=01;31:*.bz2=01;31:*.bz=01;31:*.tbz=01;31:*.tbz2=01;31:*.tz=01;31:*.deb=01;31:*.rpm=01;31:*.jar=01;31:*.war=01;31:*.ear=01;31:*.sar=01;31:*.rar=01;31:*.alz=01;31:*.ace=01;31:*.zoo=01;31:*.cpio=01;31:*.7z=01;31:*.rz=01;31:*.cab=01;31:*.jpg=01;35:*.jpeg=01;35:*.gif=01;35:*.bmp=01;35:*.pbm=01;35:*.pgm=01;35:*.ppm=01;35:*.tga=01;35:*.xbm=01;35:*.xpm=01;35:*.tif=01;35:*.tiff=01;35:*.png=01;35:*.svg=01;35:*.svgz=01;35:*.mng=01;35:*.pcx=01;35:*.mov=01;35:*.mpg=01;35:*.mpeg=01;35:*.m2v=01;35:*.mkv=01;35:*.webm=01;35:*.ogm=01;35:*.mp4=01;35:*.m4v=01;35:*.mp4v=01;35:*.vob=01;35:*.qt=01;35:*.nuv=01;35:*.wmv=01;35:*.asf=01;35:*.rm=01;35:*.rmvb=01;35:*.flc=01;35:*.avi=01;35:*.fli=01;35:*.flv=01;35:*.gl=01;35:*.dl=01;35:*.xcf=01;35:*.xwd=01;35:*.yuv=01;35:*.cgm=01;35:*.emf=01;35:*.ogv=01;35:*.ogx=01;35:*.aac=00;36:*.au=00;36:*.flac=00;36:*.m4a=00;36:*.mid=00;36:*.midi=00;36:*.mka=00;36:*.mp3=00;36:*.mpc=00;36:*.ogg=00;36:*.ra=00;36:*.wav=00;36:*.oga=00;36:*.opus=00;36:*.spx=00;36:*.xspf=00;36:, SHLVL=1, LC_IDENTIFICATION=tr_TR.UTF-8, LESSCLOSE=/usr/bin/lesspipe %s %s, LC_MONETARY=tr_TR.UTF-8, COMPIZ_CONFIG_PROFILE=ubuntu, QT_IM_MODULE=ibus, UPSTART_JOB=unity7, JAVA_HOME=/usr/lib/jvm/java-8-openjdk-amd64, TERM=xterm, XDG_CONFIG_DIRS=/etc/xdg/xdg-ubuntu:/usr/share/upstart/xdg:/etc/xdg, GNOME_KEYRING_CONTROL=, LANG=en_US.UTF-8, XDG_SEAT_PATH=/org/freedesktop/DisplayManager/Seat0, XDG_SESSION_ID=c2, XDG_SESSION_TYPE=x11, DISPLAY=:0, LC_NAME=tr_TR.UTF-8, _=./gradlew, GDM_LANG=en_US, XDG_GREETER_DATA_DIR=/var/lib/lightdm-data/ramazan, UPSTART_EVENTS=xsession started, GPG_AGENT_INFO=/home/ramazan/.gnupg/S.gpg-agent:0:1, DESKTOP_SESSION=ubuntu, SESSION=ubuntu, USER=ramazan, XDG_MENU_PREFIX=gnome-, GIO_LAUNCHED_DESKTOP_FILE_PID=8955, QT_ACCESSIBILITY=1, LC_NUMERIC=tr_TR.UTF-8, SSH_AUTH_SOCK=/run/user/1000/keyring/ssh, XDG_SEAT=seat0, QT_QPA_PLATFORMTHEME=appmenu-qt5, XDG_VTNR=7, XDG_RUNTIME_DIR=/run/user/1000, HOME=/home/ramazan, GNOME_KEYRING_PID=}}]
    14:28:14.124 [Test worker] DEBUG org.springframework.core.io.support.PathMatchingResourcePatternResolver - Resolved classpath location [com/crossover/techtrial/service/] to resources [URL [file:/home/ramazan/Documents/crossovertest/crossblogs-java-sa/build/classes/java/test/com/crossover/techtrial/service/], URL [file:/home/ramazan/Documents/crossovertest/crossblogs-java-sa/build/classes/java/main/com/crossover/techtrial/service/]]
    14:28:14.125 [Test worker] DEBUG org.springframework.core.io.support.PathMatchingResourcePatternResolver - Looking for matching resources in directory tree [/home/ramazan/Documents/crossovertest/crossblogs-java-sa/build/classes/java/test/com/crossover/techtrial/service]
    14:28:14.126 [Test worker] DEBUG org.springframework.core.io.support.PathMatchingResourcePatternResolver - Searching directory [/home/ramazan/Documents/crossovertest/crossblogs-java-sa/build/classes/java/test/com/crossover/techtrial/service] for files matching pattern [/home/ramazan/Documents/crossovertest/crossblogs-java-sa/build/classes/java/test/com/crossover/techtrial/service/*.class]
    14:28:14.131 [Test worker] DEBUG org.springframework.core.io.support.PathMatchingResourcePatternResolver - Looking for matching resources in directory tree [/home/ramazan/Documents/crossovertest/crossblogs-java-sa/build/classes/java/main/com/crossover/techtrial/service]
    14:28:14.132 [Test worker] DEBUG org.springframework.core.io.support.PathMatchingResourcePatternResolver - Searching directory [/home/ramazan/Documents/crossovertest/crossblogs-java-sa/build/classes/java/main/com/crossover/techtrial/service] for files matching pattern [/home/ramazan/Documents/crossovertest/crossblogs-java-sa/build/classes/java/main/com/crossover/techtrial/service/*.class]
    14:28:14.133 [Test worker] DEBUG org.springframework.core.io.support.PathMatchingResourcePatternResolver - Resolved location pattern [classpath*:com/crossover/techtrial/service/*.class] to resources [file [/home/ramazan/Documents/crossovertest/crossblogs-java-sa/build/classes/java/test/com/crossover/techtrial/service/ArticleServiceTest.class], file [/home/ramazan/Documents/crossovertest/crossblogs-java-sa/build/classes/java/main/com/crossover/techtrial/service/ArticleService.class], file [/home/ramazan/Documents/crossovertest/crossblogs-java-sa/build/classes/java/main/com/crossover/techtrial/service/ArticleServiceImpl.class], file [/home/ramazan/Documents/crossovertest/crossblogs-java-sa/build/classes/java/main/com/crossover/techtrial/service/CommentService.class], file [/home/ramazan/Documents/crossovertest/crossblogs-java-sa/build/classes/java/main/com/crossover/techtrial/service/CommentServiceImpl.class]]
    14:28:14.206 [Test worker] DEBUG org.springframework.core.io.support.PathMatchingResourcePatternResolver - Resolved classpath location [com/crossover/techtrial/] to resources [URL [file:/home/ramazan/Documents/crossovertest/crossblogs-java-sa/build/classes/java/test/com/crossover/techtrial/], URL [file:/home/ramazan/Documents/crossovertest/crossblogs-java-sa/build/classes/java/main/com/crossover/techtrial/]]
    14:28:14.207 [Test worker] DEBUG org.springframework.core.io.support.PathMatchingResourcePatternResolver - Looking for matching resources in directory tree [/home/ramazan/Documents/crossovertest/crossblogs-java-sa/build/classes/java/test/com/crossover/techtrial]
    14:28:14.208 [Test worker] DEBUG org.springframework.core.io.support.PathMatchingResourcePatternResolver - Searching directory [/home/ramazan/Documents/crossovertest/crossblogs-java-sa/build/classes/java/test/com/crossover/techtrial] for files matching pattern [/home/ramazan/Documents/crossovertest/crossblogs-java-sa/build/classes/java/test/com/crossover/techtrial/*.class]
    14:28:14.209 [Test worker] DEBUG org.springframework.core.io.support.PathMatchingResourcePatternResolver - Looking for matching resources in directory tree [/home/ramazan/Documents/crossovertest/crossblogs-java-sa/build/classes/java/main/com/crossover/techtrial]
    14:28:14.210 [Test worker] DEBUG org.springframework.core.io.support.PathMatchingResourcePatternResolver - Searching directory [/home/ramazan/Documents/crossovertest/crossblogs-java-sa/build/classes/java/main/com/crossover/techtrial] for files matching pattern [/home/ramazan/Documents/crossovertest/crossblogs-java-sa/build/classes/java/main/com/crossover/techtrial/*.class]
    14:28:14.211 [Test worker] DEBUG org.springframework.core.io.support.PathMatchingResourcePatternResolver - Resolved location pattern [classpath*:com/crossover/techtrial/*.class] to resources [file [/home/ramazan/Documents/crossovertest/crossblogs-java-sa/build/classes/java/test/com/crossover/techtrial/CrossBlogsApplicationTests.class], file [/home/ramazan/Documents/crossovertest/crossblogs-java-sa/build/classes/java/main/com/crossover/techtrial/CrossBlogsApplication.class]]
    14:28:14.268 [Test worker] DEBUG org.springframework.context.annotation.ClassPathScanningCandidateComponentProvider - Identified candidate component class: file [/home/ramazan/Documents/crossovertest/crossblogs-java-sa/build/classes/java/main/com/crossover/techtrial/CrossBlogsApplication.class]
    14:28:14.270 [Test worker] INFO org.springframework.boot.test.context.SpringBootTestContextBootstrapper - Found @SpringBootConfiguration com.crossover.techtrial.CrossBlogsApplication for test class com.crossover.techtrial.service.ArticleServiceTest
    14:28:14.516 [Test worker] DEBUG org.springframework.boot.test.context.SpringBootTestContextBootstrapper - @TestExecutionListeners is not present for class [com.crossover.techtrial.service.ArticleServiceTest]: using defaults.
    14:28:14.517 [Test worker] INFO org.springframework.boot.test.context.SpringBootTestContextBootstrapper - Loaded default TestExecutionListener class names from location [META-INF/spring.factories]: [org.springframework.boot.test.autoconfigure.restdocs.RestDocsTestExecutionListener, org.springframework.boot.test.autoconfigure.web.client.MockRestServiceServerResetTestExecutionListener, org.springframework.boot.test.autoconfigure.web.servlet.MockMvcPrintOnlyOnFailureTestExecutionListener, org.springframework.boot.test.autoconfigure.web.servlet.WebDriverTestExecutionListener, org.springframework.boot.test.mock.mockito.MockitoTestExecutionListener, org.springframework.boot.test.mock.mockito.ResetMocksTestExecutionListener, org.springframework.test.context.web.ServletTestExecutionListener, org.springframework.test.context.support.DirtiesContextBeforeModesTestExecutionListener, org.springframework.test.context.support.DependencyInjectionTestExecutionListener, org.springframework.test.context.support.DirtiesContextTestExecutionListener, org.springframework.test.context.transaction.TransactionalTestExecutionListener, org.springframework.test.context.jdbc.SqlScriptsTestExecutionListener]
    14:28:14.566 [Test worker] INFO org.springframework.boot.test.context.SpringBootTestContextBootstrapper - Using TestExecutionListeners: [org.springframework.test.context.web.ServletTestExecutionListener@56410f86, org.springframework.test.context.support.DirtiesContextBeforeModesTestExecutionListener@605142a4, org.springframework.boot.test.mock.mockito.MockitoTestExecutionListener@16251c07, org.springframework.boot.test.autoconfigure.SpringBootDependencyInjectionTestExecutionListener@101e153a, org.springframework.test.context.support.DirtiesContextTestExecutionListener@4e7d0580, org.springframework.test.context.transaction.TransactionalTestExecutionListener@24533a89, org.springframework.test.context.jdbc.SqlScriptsTestExecutionListener@1a28cf20, org.springframework.boot.test.autoconfigure.restdocs.RestDocsTestExecutionListener@7affbe9a, org.springframework.boot.test.autoconfigure.web.client.MockRestServiceServerResetTestExecutionListener@5c88e540, org.springframework.boot.test.autoconfigure.web.servlet.MockMvcPrintOnlyOnFailureTestExecutionListener@61321b2a, org.springframework.boot.test.autoconfigure.web.servlet.WebDriverTestExecutionListener@3d3f89e3, org.springframework.boot.test.mock.mockito.ResetMocksTestExecutionListener@3ab3ebb0]
    14:28:14.572 [Test worker] DEBUG org.springframework.test.annotation.ProfileValueUtils - Retrieved @ProfileValueSourceConfiguration [null] for test class [com.crossover.techtrial.service.ArticleServiceTest]
    14:28:14.574 [Test worker] DEBUG org.springframework.test.annotation.ProfileValueUtils - Retrieved ProfileValueSource type [class org.springframework.test.annotation.SystemProfileValueSource] for class [com.crossover.techtrial.service.ArticleServiceTest]
    14:28:14.576 [Test worker] DEBUG org.springframework.test.annotation.ProfileValueUtils - Retrieved @ProfileValueSourceConfiguration [null] for test class [com.crossover.techtrial.service.ArticleServiceTest]
    14:28:14.577 [Test worker] DEBUG org.springframework.test.annotation.ProfileValueUtils - Retrieved ProfileValueSource type [class org.springframework.test.annotation.SystemProfileValueSource] for class [com.crossover.techtrial.service.ArticleServiceTest]
    14:28:14.586 [Test worker] DEBUG org.springframework.test.context.support.AbstractDirtiesContextTestExecutionListener - Before test class: context [DefaultTestContext@52fbbebf testClass = ArticleServiceTest, testInstance = [null], testMethod = [null], testException = [null], mergedContextConfiguration = [WebMergedContextConfiguration@4f93ccf0 testClass = ArticleServiceTest, locations = '{}', classes = '{class com.crossover.techtrial.CrossBlogsApplication}', contextInitializerClasses = '[]', activeProfiles = '{test}', propertySourceLocations = '{}', propertySourceProperties = '{org.springframework.boot.test.context.SpringBootTestContextBootstrapper=true, server.port=0}', contextCustomizers = set[org.springframework.boot.test.autoconfigure.properties.PropertyMappingContextCustomizer@0, org.springframework.boot.test.autoconfigure.web.servlet.WebDriverContextCustomizerFactory$Customizer@2ecf0ab3, org.springframework.boot.test.context.filter.ExcludeFilterContextCustomizer@1d166fe6, org.springframework.boot.test.json.DuplicateJsonObjectContextCustomizerFactory$DuplicateJsonObjectContextCustomizer@7d547dff, org.springframework.boot.test.mock.mockito.MockitoContextCustomizer@0, org.springframework.boot.test.web.client.TestRestTemplateContextCustomizer@23cc638d], resourceBasePath = 'src/main/webapp', contextLoader = 'org.springframework.boot.test.context.SpringBootContextLoader', parent = [null]], attributes = map['org.springframework.test.context.web.ServletTestExecutionListener.activateListener' -> false]], class annotated with @DirtiesContext [false] with mode [null].
    14:28:14.588 [Test worker] DEBUG org.springframework.test.annotation.ProfileValueUtils - Retrieved @ProfileValueSourceConfiguration [null] for test class [com.crossover.techtrial.service.ArticleServiceTest]
    14:28:14.589 [Test worker] DEBUG org.springframework.test.annotation.ProfileValueUtils - Retrieved ProfileValueSource type [class org.springframework.test.annotation.SystemProfileValueSource] for class [com.crossover.techtrial.service.ArticleServiceTest]
    14:28:14.608 [Test worker] DEBUG org.springframework.test.context.support.DependencyInjectionTestExecutionListener - Performing dependency injection for test context [[DefaultTestContext@52fbbebf testClass = ArticleServiceTest, testInstance = com.crossover.techtrial.service.ArticleServiceTest@3d04ec66, testMethod = [null], testException = [null], mergedContextConfiguration = [WebMergedContextConfiguration@4f93ccf0 testClass = ArticleServiceTest, locations = '{}', classes = '{class com.crossover.techtrial.CrossBlogsApplication}', contextInitializerClasses = '[]', activeProfiles = '{test}', propertySourceLocations = '{}', propertySourceProperties = '{org.springframework.boot.test.context.SpringBootTestContextBootstrapper=true, server.port=0}', contextCustomizers = set[org.springframework.boot.test.autoconfigure.properties.PropertyMappingContextCustomizer@0, org.springframework.boot.test.autoconfigure.web.servlet.WebDriverContextCustomizerFactory$Customizer@2ecf0ab3, org.springframework.boot.test.context.filter.ExcludeFilterContextCustomizer@1d166fe6, org.springframework.boot.test.json.DuplicateJsonObjectContextCustomizerFactory$DuplicateJsonObjectContextCustomizer@7d547dff, org.springframework.boot.test.mock.mockito.MockitoContextCustomizer@0, org.springframework.boot.test.web.client.TestRestTemplateContextCustomizer@23cc638d], resourceBasePath = 'src/main/webapp', contextLoader = 'org.springframework.boot.test.context.SpringBootContextLoader', parent = [null]], attributes = map['org.springframework.test.context.web.ServletTestExecutionListener.activateListener' -> false]]].
    14:28:14.665 [Test worker] DEBUG org.springframework.core.env.StandardEnvironment - Adding PropertySource 'systemProperties' with lowest search precedence
    14:28:14.666 [Test worker] DEBUG org.springframework.core.env.StandardEnvironment - Adding PropertySource 'systemEnvironment' with lowest search precedence
    14:28:14.667 [Test worker] DEBUG org.springframework.core.env.StandardEnvironment - Initialized StandardEnvironment with PropertySources [MapPropertySource@59731869 {name='systemProperties', properties={java.runtime.name=OpenJDK Runtime Environment, sun.boot.library.path=/usr/lib/jvm/java-8-openjdk-amd64/jre/lib/amd64, java.vm.version=25.131-b11, java.vm.vendor=Oracle Corporation, java.vendor.url=http://java.oracle.com/, path.separator=:, java.vm.name=OpenJDK 64-Bit Server VM, file.encoding.pkg=sun.io, sun.java.launcher=SUN_STANDARD, user.country=US, sun.os.patch.level=unknown, java.vm.specification.name=Java Virtual Machine Specification, user.dir=/home/ramazan/Documents/crossovertest/crossblogs-java-sa, java.runtime.version=1.8.0_131-8u131-b11-2ubuntu1.16.04.3-b11, java.awt.graphicsenv=sun.awt.X11GraphicsEnvironment, java.endorsed.dirs=/usr/lib/jvm/java-8-openjdk-amd64/jre/lib/endorsed, os.arch=amd64, java.io.tmpdir=/tmp, line.separator=
    , java.vm.specification.vendor=Oracle Corporation, user.variant=, os.name=Linux, sun.jnu.encoding=UTF-8, java.library.path=/usr/java/packages/lib/amd64:/usr/lib/x86_64-linux-gnu/jni:/lib/x86_64-linux-gnu:/usr/lib/x86_64-linux-gnu:/usr/lib/jni:/lib:/usr/lib, java.specification.name=Java Platform API Specification, java.class.version=52.0, org.gradle.native=false, sun.management.compiler=HotSpot 64-Bit Tiered Compilers, os.version=4.13.0-38-generic, user.home=/home/ramazan, user.timezone=Europe/Istanbul, java.awt.printerjob=sun.print.PSPrinterJob, file.encoding=UTF-8, java.specification.version=1.8, java.class.path=/home/ramazan/Documents/crossovertest/crossblogs-java-sa/build/classes/java/test:/home/ramazan/Documents/crossovertest/crossblogs-java-sa/build/resources/test:/home/ramazan/Documents/crossovertest/crossblogs-java-sa/build/classes/java/main:/home/ramazan/Documents/crossovertest/crossblogs-java-sa/build/resources/main:/home/ramazan/.gradle/caches/modules-2/files-2.1/org.modelmapper/modelmapper/1.1.0/98b2cbf292dad9e284124e5d4c1f97771d9333a3/modelmapper-1.1.0.jar:/home/ramazan/.gradle/caches/modules-2/files-2.1/com.google.guava/guava/24.0-jre/41ac1e74d6b4e1ea1f027139cffeb536c732a81/guava-24.0-jre.jar:/home/ramazan/.gradle/caches/modules-2/files-2.1/org.springframework.boot/spring-boot-starter-data-jpa/2.0.0.RELEASE/cc7bc2df046149870255d22367f8f7276eb82e98/spring-boot-starter-data-jpa-2.0.0.RELEASE.jar:/home/ramazan/.gradle/caches/modules-2/files-2.1/org.springframework.boot/spring-boot-starter-data-rest/2.0.0.RELEASE/ebf929e1d4ba783f3e32459fe8d29cb61ddbb92/spring-boot-starter-data-rest-2.0.0.RELEASE.jar:/home/ramazan/.gradle/caches/modules-2/files-2.1/org.springframework.boot/spring-boot-starter-web/2.0.0.RELEASE/fcb2a9e18f98382e626935841f85ed44d7153615/spring-boot-starter-web-2.0.0.RELEASE.jar:/home/ramazan/.gradle/caches/modules-2/files-2.1/org.springframework.boot/spring-boot-starter-json/2.0.0.RELEASE/5a09c939d8bd60d7f163c1c0c20a3127ba9fffa/spring-boot-starter-json-2.0.0.RELEASE.jar:/home/ramazan/.gradle/caches/modules-2/files-2.1/org.springframework.data/spring-data-rest-webmvc/3.0.5.RELEASE/760f62765b03fbbc402ae8910da28dc336f02e7d/spring-data-rest-webmvc-3.0.5.RELEASE.jar:/home/ramazan/.gradle/caches/modules-2/files-2.1/org.springframework.data/spring-data-rest-core/3.0.5.RELEASE/3e806c4587efe30303585c48e40d6cd08092aced/spring-data-rest-core-3.0.5.RELEASE.jar:/home/ramazan/.gradle/caches/modules-2/files-2.1/com.fasterxml.jackson.datatype/jackson-datatype-jdk8/2.9.4/63ac052d52a70a15820d3dc07ea757826fd51d40/jackson-datatype-jdk8-2.9.4.jar:/home/ramazan/.gradle/caches/modules-2/files-2.1/com.fasterxml.jackson.datatype/jackson-datatype-jsr310/2.9.4/12d52679a6615c7972ea25bd8ebb60b191fe79b7/jackson-datatype-jsr310-2.9.4.jar:/home/ramazan/.gradle/caches/modules-2/files-2.1/com.fasterxml.jackson.module/jackson-module-parameter-names/2.9.4/5833c819877c3e85bad847f4d2fa4e70379217c6/jackson-module-parameter-names-2.9.4.jar:/home/ramazan/.gradle/caches/modules-2/files-2.1/com.fasterxml.jackson.core/jackson-databind/2.9.4/498bbc3b94f566982c7f7c6d4d303fce365529be/jackson-databind-2.9.4.jar:/home/ramazan/.gradle/caches/modules-2/files-2.1/com.fasterxml.jackson.core/jackson-core/2.9.4/a9a71ec1aa37da47db168fede9a4a5fb5e374320/jackson-core-2.9.4.jar:/home/ramazan/.gradle/caches/modules-2/files-2.1/org.liquibase/liquibase-core/3.5.5/c65051f327382018bd09c30380f25eac96f210da/liquibase-core-3.5.5.jar:/home/ramazan/.gradle/caches/modules-2/files-2.1/mysql/mysql-connector-java/5.1.45/ee64ec436a87c35362176ea300d69c912d1cbeac/mysql-connector-java-5.1.45.jar:/home/ramazan/.gradle/caches/modules-2/files-2.1/org.springframework.boot/spring-boot-starter-aop/2.0.0.RELEASE/9afd572ca8de272e6d919d914db5c73cd7d06ea2/spring-boot-starter-aop-2.0.0.RELEASE.jar:/home/ramazan/.gradle/caches/modules-2/files-2.1/org.springframework.boot/spring-boot-starter-test/2.0.0.RELEASE/4ff0e1d9bd315a4a5867e9c6128691cac8b37348/spring-boot-starter-test-2.0.0.RELEASE.jar:/home/ramazan/.gradle/caches/modules-2/files-2.1/org.apache.derby/derby/10.5.3.0/b0146dd76c2601a5a0632dd2e0b3b85e5b1b713/derby-10.5.3.0.jar:/home/ramazan/.gradle/caches/modules-2/files-2.1/com.h2database/h2/1.3.148/ce09b82b041aed744c94cb1b1addd8a8ba244e54/h2-1.3.148.jar:/home/ramazan/.gradle/caches/modules-2/files-2.1/com.google.code.findbugs/jsr305/1.3.9/40719ea6961c0cb6afaeb6a921eaa1f6afd4cfdf/jsr305-1.3.9.jar:/home/ramazan/.gradle/caches/modules-2/files-2.1/org.checkerframework/checker-compat-qual/2.0.0/fc89b03860d11d6213d0154a62bcd1c2f69b9efa/checker-compat-qual-2.0.0.jar:/home/ramazan/.gradle/caches/modules-2/files-2.1/com.google.errorprone/error_prone_annotations/2.1.3/39b109f2cd352b2d71b52a3b5a1a9850e1dc304b/error_prone_annotations-2.1.3.jar:/home/ramazan/.gradle/caches/modules-2/files-2.1/com.google.j2objc/j2objc-annotations/1.1/ed28ded51a8b1c6b112568def5f4b455e6809019/j2objc-annotations-1.1.jar:/home/ramazan/.gradle/caches/modules-2/files-2.1/org.codehaus.mojo/animal-sniffer-annotations/1.14/775b7e22fb10026eed3f86e8dc556dfafe35f2d5/animal-sniffer-annotations-1.14.jar:/home/ramazan/.gradle/caches/modules-2/files-2.1/org.springframework.boot/spring-boot-starter-jdbc/2.0.0.RELEASE/bfe586f729ed86a421a79ac1b18d4e05acd25d68/spring-boot-starter-jdbc-2.0.0.RELEASE.jar:/home/ramazan/.gradle/caches/modules-2/files-2.1/org.springframework.boot/spring-boot-starter/2.0.0.RELEASE/6d7d8e4bf053cd1833f3c7dbce676bc274f0892f/spring-boot-starter-2.0.0.RELEASE.jar:/home/ramazan/.gradle/caches/modules-2/files-2.1/org.hibernate/hibernate-core/5.2.14.Final/2132ad4a9fa5088156469ec85306afe574bb8c24/hibernate-core-5.2.14.Final.jar:/home/ramazan/.gradle/caches/modules-2/files-2.1/javax.transaction/javax.transaction-api/1.2/d81aff979d603edd90dcd8db2abc1f4ce6479e3e/javax.transaction-api-1.2.jar:/home/ramazan/.gradle/caches/modules-2/files-2.1/org.springframework.data/spring-data-jpa/2.0.5.RELEASE/51b2e315174e32b4c8a4841a147002555add076c/spring-data-jpa-2.0.5.RELEASE.jar:/home/ramazan/.gradle/caches/modules-2/files-2.1/org.springframework/spring-aspects/5.0.4.RELEASE/454ee13fc4f439065572dd526e81c699d1d61e3e/spring-aspects-5.0.4.RELEASE.jar:/home/ramazan/.gradle/caches/modules-2/files-2.1/org.springframework.boot/spring-boot-starter-tomcat/2.0.0.RELEASE/908bc9de1a7cfa857edf44182d426f6e0d8a3008/spring-boot-starter-tomcat-2.0.0.RELEASE.jar:/home/ramazan/.gradle/caches/modules-2/files-2.1/org.hibernate.validator/hibernate-validator/6.0.7.Final/8b9d9c7ec8c73963ea0fe81912fc67711a4ef76/hibernate-validator-6.0.7.Final.jar:/home/ramazan/.gradle/caches/modules-2/files-2.1/org.springframework.hateoas/spring-hateoas/0.24.0.RELEASE/b6401a781a58e0b2ab95242a553683e04300fe69/spring-hateoas-0.24.0.RELEASE.jar:/home/ramazan/.gradle/caches/modules-2/files-2.1/org.springframework/spring-webmvc/5.0.4.RELEASE/addcf1caa22613c474bd6dde8c7134fef940b1f0/spring-webmvc-5.0.4.RELEASE.jar:/home/ramazan/.gradle/caches/modules-2/files-2.1/org.springframework/spring-web/5.0.4.RELEASE/9565bbc67bf1a850a6505deaa5103931712a7b80/spring-web-5.0.4.RELEASE.jar:/home/ramazan/.gradle/caches/modules-2/files-2.1/org.yaml/snakeyaml/1.19/2d998d3d674b172a588e54ab619854d073f555b5/snakeyaml-1.19.jar:/home/ramazan/.gradle/caches/modules-2/files-2.1/org.springframework.boot/spring-boot-test-autoconfigure/2.0.0.RELEASE/db0595321e96929d9473cf061f3408972d03c6aa/spring-boot-test-autoconfigure-2.0.0.RELEASE.jar:/home/ramazan/.gradle/caches/modules-2/files-2.1/org.springframework.boot/spring-boot-test/2.0.0.RELEASE/1565e78c2801bd3c7ece0a8ddc08e5ed53676878/spring-boot-test-2.0.0.RELEASE.jar:/home/ramazan/.gradle/caches/modules-2/files-2.1/org.springframework.boot/spring-boot-autoconfigure/2.0.0.RELEASE/c89896a469ecf92996ecba40755919896ace5470/spring-boot-autoconfigure-2.0.0.RELEASE.jar:/home/ramazan/.gradle/caches/modules-2/files-2.1/org.springframework.boot/spring-boot/2.0.0.RELEASE/771da2071ff14a47f108642a641c204ae4ef7b15/spring-boot-2.0.0.RELEASE.jar:/home/ramazan/.gradle/caches/modules-2/files-2.1/org.springframework.plugin/spring-plugin-core/1.2.0.RELEASE/f380e7760032e7d929184f8ad8a33716b75c0657/spring-plugin-core-1.2.0.RELEASE.jar:/home/ramazan/.gradle/caches/modules-2/files-2.1/org.springframework/spring-context/5.0.4.RELEASE/3e76d08c851113077642c5704f0f94d5ce58e905/spring-context-5.0.4.RELEASE.jar:/home/ramazan/.gradle/caches/modules-2/files-2.1/org.springframework/spring-aop/5.0.4.RELEASE/f8e029e54c0267dadb6b9f713f3feb54ec4f3a0e/spring-aop-5.0.4.RELEASE.jar:/home/ramazan/.gradle/caches/modules-2/files-2.1/org.aspectj/aspectjweaver/1.8.13/ad94df2a28d658a40dc27bbaff6a1ce5fbf04e9b/aspectjweaver-1.8.13.jar:/home/ramazan/.gradle/caches/modules-2/files-2.1/com.jayway.jsonpath/json-path/2.4.0/765a4401ceb2dc8d40553c2075eb80a8fa35c2ae/json-path-2.4.0.jar:/home/ramazan/.gradle/caches/modules-2/files-2.1/junit/junit/4.12/2973d150c0dc1fefe998f834810d68f278ea58ec/junit-4.12.jar:/home/ramazan/.gradle/caches/modules-2/files-2.1/org.assertj/assertj-core/3.9.1/c5ce126b15f28d56cd8f960c1a6a058b9c9aea87/assertj-core-3.9.1.jar:/home/ramazan/.gradle/caches/modules-2/files-2.1/org.mockito/mockito-core/2.15.0/b84bfbbc29cd22c9529409627af6ea2897f4fa85/mockito-core-2.15.0.jar:/home/ramazan/.gradle/caches/modules-2/files-2.1/org.hamcrest/hamcrest-library/1.3/4785a3c21320980282f9f33d0d1264a69040538f/hamcrest-library-1.3.jar:/home/ramazan/.gradle/caches/modules-2/files-2.1/org.hamcrest/hamcrest-core/1.3/42a25dc3219429f0e5d060061f71acb49bf010a0/hamcrest-core-1.3.jar:/home/ramazan/.gradle/caches/modules-2/files-2.1/org.skyscreamer/jsonassert/1.5.0/6c9d5fe2f59da598d9aefc1cfc6528ff3cf32df3/jsonassert-1.5.0.jar:/home/ramazan/.gradle/caches/modules-2/files-2.1/org.springframework/spring-test/5.0.4.RELEASE/3fc10b6535a113593fa8780951465012a7677e21/spring-test-5.0.4.RELEASE.jar:/home/ramazan/.gradle/caches/modules-2/files-2.1/org.springframework/spring-orm/5.0.4.RELEASE/dc83e08ecdb4ab28339f87358b53d75b4a8d1b9/spring-orm-5.0.4.RELEASE.jar:/home/ramazan/.gradle/caches/modules-2/files-2.1/org.springframework/spring-jdbc/5.0.4.RELEASE/6b5ac0db11d81d6319ebd0bb253b2f01713df3ab/spring-jdbc-5.0.4.RELEASE.jar:/home/ramazan/.gradle/caches/modules-2/files-2.1/org.springframework/spring-tx/5.0.4.RELEASE/7afc193c5d2b812ee6d2ccaf6fcc81fb83bfb4a7/spring-tx-5.0.4.RELEASE.jar:/home/ramazan/.gradle/caches/modules-2/files-2.1/org.springframework.data/spring-data-commons/2.0.5.RELEASE/f5357c650f63f3a187d3d4086a9e9132f33851a6/spring-data-commons-2.0.5.RELEASE.jar:/home/ramazan/.gradle/caches/modules-2/files-2.1/org.springframework/spring-beans/5.0.4.RELEASE/7a8c3d48d4c33621e64d1399721d8e067450fcbd/spring-beans-5.0.4.RELEASE.jar:/home/ramazan/.gradle/caches/modules-2/files-2.1/org.springframework/spring-expression/5.0.4.RELEASE/4bda161f2e34c1486f2527a23eb47293567f473c/spring-expression-5.0.4.RELEASE.jar:/home/ramazan/.gradle/caches/modules-2/files-2.1/org.springframework/spring-core/5.0.4.RELEASE/2221a957b5561a34f044350ba4e30ef5870254a3/spring-core-5.0.4.RELEASE.jar:/home/ramazan/.gradle/caches/modules-2/files-2.1/org.xmlunit/xmlunit-core/2.5.1/4ffdb346572a7356f7521cd3119ce5287d2e339d/xmlunit-core-2.5.1.jar:/home/ramazan/.gradle/caches/modules-2/files-2.1/org.springframework.boot/spring-boot-starter-logging/2.0.0.RELEASE/fe939b71659ef1f98a53cce0b5bcf771685cf6a6/spring-boot-starter-logging-2.0.0.RELEASE.jar:/home/ramazan/.gradle/caches/modules-2/files-2.1/javax.annotation/javax.annotation-api/1.3.2/934c04d3cfef185a8008e7bf34331b79730a9d43/javax.annotation-api-1.3.2.jar:/home/ramazan/.gradle/caches/modules-2/files-2.1/com.zaxxer/HikariCP/2.7.8/4a3a604fa2efa89621aa498d04e000b2bed90c39/HikariCP-2.7.8.jar:/home/ramazan/.gradle/caches/modules-2/files-2.1/org.hibernate.common/hibernate-commons-annotations/5.0.1.Final/71e1cff3fcb20d3b3af4f3363c3ddb24d33c6879/hibernate-commons-annotations-5.0.1.Final.jar:/home/ramazan/.gradle/caches/modules-2/files-2.1/org.jboss.logging/jboss-logging/3.3.2.Final/3789d00e859632e6c6206adc0c71625559e6e3b0/jboss-logging-3.3.2.Final.jar:/home/ramazan/.gradle/caches/modules-2/files-2.1/org.hibernate.javax.persistence/hibernate-jpa-2.1-api/1.0.0.Final/5e731d961297e5a07290bfaf3db1fbc8bbbf405a/hibernate-jpa-2.1-api-1.0.0.Final.jar:/home/ramazan/.gradle/caches/modules-2/files-2.1/org.javassist/javassist/3.22.0-GA/3e83394258ae2089be7219b971ec21a8288528ad/javassist-3.22.0-GA.jar:/home/ramazan/.gradle/caches/modules-2/files-2.1/antlr/antlr/2.7.7/83cd2cd674a217ade95a4bb83a8a14f351f48bd0/antlr-2.7.7.jar:/home/ramazan/.gradle/caches/modules-2/files-2.1/org.jboss/jandex/2.0.3.Final/bfc4d6257dbff7a33a357f0de116be6ff951d849/jandex-2.0.3.Final.jar:/home/ramazan/.gradle/caches/modules-2/files-2.1/com.fasterxml/classmate/1.3.4/3d5f48f10bbe4eb7bd862f10c0583be2e0053c6/classmate-1.3.4.jar:/home/ramazan/.gradle/caches/modules-2/files-2.1/dom4j/dom4j/1.6.1/5d3ccc056b6f056dbf0dddfdf43894b9065a8f94/dom4j-1.6.1.jar:/home/ramazan/.gradle/caches/modules-2/files-2.1/ch.qos.logback/logback-classic/1.2.3/7c4f3c474fb2c041d8028740440937705ebb473a/logback-classic-1.2.3.jar:/home/ramazan/.gradle/caches/modules-2/files-2.1/org.apache.logging.log4j/log4j-to-slf4j/2.10.0/f7e631ccf49cfc0aefa4a2a728da7d374c05bd3c/log4j-to-slf4j-2.10.0.jar:/home/ramazan/.gradle/caches/modules-2/files-2.1/org.slf4j/jul-to-slf4j/1.7.25/af5364cd6679bfffb114f0dec8a157aaa283b76/jul-to-slf4j-1.7.25.jar:/home/ramazan/.gradle/caches/modules-2/files-2.1/org.slf4j/slf4j-api/1.7.25/da76ca59f6a57ee3102f8f9bd9cee742973efa8a/slf4j-api-1.7.25.jar:/home/ramazan/.gradle/caches/modules-2/files-2.1/org.apache.tomcat.embed/tomcat-embed-websocket/8.5.28/8a5a48740dd80cad644ceb541e77fd8e0809e3b7/tomcat-embed-websocket-8.5.28.jar:/home/ramazan/.gradle/caches/modules-2/files-2.1/org.apache.tomcat.embed/tomcat-embed-core/8.5.28/b684c98cf77c6528079c4e59fc1feeb218bf82f1/tomcat-embed-core-8.5.28.jar:/home/ramazan/.gradle/caches/modules-2/files-2.1/org.apache.tomcat.embed/tomcat-embed-el/8.5.28/75745598f60646ccf0c4b105468a9c8be9b8432e/tomcat-embed-el-8.5.28.jar:/home/ramazan/.gradle/caches/modules-2/files-2.1/javax.validation/validation-api/2.0.1.Final/cb855558e6271b1b32e716d24cb85c7f583ce09e/validation-api-2.0.1.Final.jar:/home/ramazan/.gradle/caches/modules-2/files-2.1/com.fasterxml.jackson.core/jackson-annotations/2.9.0/7c10d545325e3a6e72e06381afe469fd40eb701/jackson-annotations-2.9.0.jar:/home/ramazan/.gradle/caches/modules-2/files-2.1/net.minidev/json-smart/2.3/7396407491352ce4fa30de92efb158adb76b5b/json-smart-2.3.jar:/home/ramazan/.gradle/caches/modules-2/files-2.1/net.bytebuddy/byte-buddy/1.7.10/3c8ec287c0a5bd04b1e3f11723bc46a50346602b/byte-buddy-1.7.10.jar:/home/ramazan/.gradle/caches/modules-2/files-2.1/net.bytebuddy/byte-buddy-agent/1.7.10/9b092a8fb9112b89f6cb23fc929cfb931b14007b/byte-buddy-agent-1.7.10.jar:/home/ramazan/.gradle/caches/modules-2/files-2.1/org.objenesis/objenesis/2.6/639033469776fd37c08358c6b92a4761feb2af4b/objenesis-2.6.jar:/home/ramazan/.gradle/caches/modules-2/files-2.1/com.vaadin.external.google/android-json/0.0.20131108.vaadin1/fa26d351fe62a6a17f5cda1287c1c6110dec413f/android-json-0.0.20131108.vaadin1.jar:/home/ramazan/.gradle/caches/modules-2/files-2.1/org.springframework/spring-jcl/5.0.4.RELEASE/3053e2bad0a18571bdbb9596ce51f9d458f5934f/spring-jcl-5.0.4.RELEASE.jar:/home/ramazan/.gradle/caches/modules-2/files-2.1/org.atteo/evo-inflector/1.2.2/2551aad98d65ac5464d81fe05f0e1516cfe471c9/evo-inflector-1.2.2.jar:/home/ramazan/.gradle/caches/modules-2/files-2.1/net.minidev/accessors-smart/1.2/c592b500269bfde36096641b01238a8350f8aa31/accessors-smart-1.2.jar:/home/ramazan/.gradle/caches/modules-2/files-2.1/ch.qos.logback/logback-core/1.2.3/864344400c3d4d92dfeb0a305dc87d953677c03c/logback-core-1.2.3.jar:/home/ramazan/.gradle/caches/modules-2/files-2.1/org.apache.logging.log4j/log4j-api/2.10.0/fec5797a55b786184a537abd39c3fa1449d752d6/log4j-api-2.10.0.jar:/home/ramazan/.gradle/caches/modules-2/files-2.1/org.ow2.asm/asm/5.0.4/da08b8cce7bbf903602a25a3a163ae252435795/asm-5.0.4.jar, user.name=ramazan, java.vm.specification.version=1.8, sun.java.command=worker.org.gradle.process.internal.worker.GradleWorkerMain 'Gradle Test Executor 2', java.home=/usr/lib/jvm/java-8-openjdk-amd64/jre, sun.arch.data.model=64, user.language=en, java.specification.vendor=Oracle Corporation, awt.toolkit=sun.awt.X11.XToolkit, java.vm.info=mixed mode, java.version=1.8.0_131, java.ext.dirs=/usr/lib/jvm/java-8-openjdk-amd64/jre/lib/ext:/usr/java/packages/lib/ext, sun.boot.class.path=/usr/lib/jvm/java-8-openjdk-amd64/jre/lib/resources.jar:/usr/lib/jvm/java-8-openjdk-amd64/jre/lib/rt.jar:/usr/lib/jvm/java-8-openjdk-amd64/jre/lib/sunrsasign.jar:/usr/lib/jvm/java-8-openjdk-amd64/jre/lib/jsse.jar:/usr/lib/jvm/java-8-openjdk-amd64/jre/lib/jce.jar:/usr/lib/jvm/java-8-openjdk-amd64/jre/lib/charsets.jar:/usr/lib/jvm/java-8-openjdk-amd64/jre/lib/jfr.jar:/usr/lib/jvm/java-8-openjdk-amd64/jre/classes, java.vendor=Oracle Corporation, org.gradle.test.worker=2, file.separator=/, java.vendor.url.bug=http://bugreport.sun.com/bugreport/, sun.io.unicode.encoding=UnicodeLittle, sun.cpu.endian=little, sun.desktop=gnome, sun.cpu.isalist=}}, SystemEnvironmentPropertySource@954928371 {name='systemEnvironment', properties={PATH=/home/ramazan/bin:/home/ramazan/.local/bin:/usr/local/sbin:/usr/local/bin:/usr/sbin:/usr/bin:/sbin:/bin:/usr/games:/usr/local/games:/home/ramazan/Android/Sdk/platform-tools:/home/ramazan/Android/Sdk/tools:/snap/bin, LC_MEASUREMENT=tr_TR.UTF-8, XAUTHORITY=/home/ramazan/.Xauthority, XMODIFIERS=@im=ibus, LC_TELEPHONE=tr_TR.UTF-8, XDG_DATA_DIRS=/usr/share/ubuntu:/usr/share/gnome:/usr/local/share/:/usr/share/:/var/lib/snapd/desktop, GDMSESSION=ubuntu, MANDATORY_PATH=/usr/share/gconf/ubuntu.mandatory.path, LC_TIME=tr_TR.UTF-8, GTK_IM_MODULE=ibus, DBUS_SESSION_BUS_ADDRESS=unix:abstract=/tmp/dbus-u4nqhr1i9U, ANDROID_HOME=/home/ramazan/Android/Sdk/, DEFAULTS_PATH=/usr/share/gconf/ubuntu.default.path, XDG_CURRENT_DESKTOP=Unity, UPSTART_SESSION=unix:abstract=/com/ubuntu/upstart-session/1000/3117, QT4_IM_MODULE=xim, LC_PAPER=tr_TR.UTF-8, SESSION_MANAGER=local/ramazan-Lenovo-G50-70:@/tmp/.ICE-unix/3382,unix/ramazan-Lenovo-G50-70:/tmp/.ICE-unix/3382, QT_LINUX_ACCESSIBILITY_ALWAYS_ON=1, LOGNAME=ramazan, JOB=unity-settings-daemon, PWD=/home/ramazan/Documents/crossovertest/crossblogs-java-sa, IM_CONFIG_PHASE=1, LANGUAGE=en_US, SHELL=/bin/bash, LESSOPEN=| /usr/bin/lesspipe %s, LC_ADDRESS=tr_TR.UTF-8, GIO_LAUNCHED_DESKTOP_FILE=/usr/share/applications/lxterminal.desktop, INSTANCE=, GTK2_MODULES=overlay-scrollbar, OLDPWD=/home/ramazan/Documents/crossovertest/crossblogs-java-sa, UPSTART_INSTANCE=, GNOME_DESKTOP_SESSION_ID=this-is-deprecated, GTK_MODULES=gail:atk-bridge:unity-gtk-module, CLUTTER_IM_MODULE=xim, XDG_SESSION_PATH=/org/freedesktop/DisplayManager/Session0, COMPIZ_BIN_PATH=/usr/bin/, SESSIONTYPE=gnome-session, XDG_SESSION_DESKTOP=ubuntu, LS_COLORS=rs=0:di=01;34:ln=01;36:mh=00:pi=40;33:so=01;35:do=01;35:bd=40;33;01:cd=40;33;01:or=40;31;01:mi=00:su=37;41:sg=30;43:ca=30;41:tw=30;42:ow=34;42:st=37;44:ex=01;32:*.tar=01;31:*.tgz=01;31:*.arc=01;31:*.arj=01;31:*.taz=01;31:*.lha=01;31:*.lz4=01;31:*.lzh=01;31:*.lzma=01;31:*.tlz=01;31:*.txz=01;31:*.tzo=01;31:*.t7z=01;31:*.zip=01;31:*.z=01;31:*.Z=01;31:*.dz=01;31:*.gz=01;31:*.lrz=01;31:*.lz=01;31:*.lzo=01;31:*.xz=01;31:*.bz2=01;31:*.bz=01;31:*.tbz=01;31:*.tbz2=01;31:*.tz=01;31:*.deb=01;31:*.rpm=01;31:*.jar=01;31:*.war=01;31:*.ear=01;31:*.sar=01;31:*.rar=01;31:*.alz=01;31:*.ace=01;31:*.zoo=01;31:*.cpio=01;31:*.7z=01;31:*.rz=01;31:*.cab=01;31:*.jpg=01;35:*.jpeg=01;35:*.gif=01;35:*.bmp=01;35:*.pbm=01;35:*.pgm=01;35:*.ppm=01;35:*.tga=01;35:*.xbm=01;35:*.xpm=01;35:*.tif=01;35:*.tiff=01;35:*.png=01;35:*.svg=01;35:*.svgz=01;35:*.mng=01;35:*.pcx=01;35:*.mov=01;35:*.mpg=01;35:*.mpeg=01;35:*.m2v=01;35:*.mkv=01;35:*.webm=01;35:*.ogm=01;35:*.mp4=01;35:*.m4v=01;35:*.mp4v=01;35:*.vob=01;35:*.qt=01;35:*.nuv=01;35:*.wmv=01;35:*.asf=01;35:*.rm=01;35:*.rmvb=01;35:*.flc=01;35:*.avi=01;35:*.fli=01;35:*.flv=01;35:*.gl=01;35:*.dl=01;35:*.xcf=01;35:*.xwd=01;35:*.yuv=01;35:*.cgm=01;35:*.emf=01;35:*.ogv=01;35:*.ogx=01;35:*.aac=00;36:*.au=00;36:*.flac=00;36:*.m4a=00;36:*.mid=00;36:*.midi=00;36:*.mka=00;36:*.mp3=00;36:*.mpc=00;36:*.ogg=00;36:*.ra=00;36:*.wav=00;36:*.oga=00;36:*.opus=00;36:*.spx=00;36:*.xspf=00;36:, SHLVL=1, LC_IDENTIFICATION=tr_TR.UTF-8, LESSCLOSE=/usr/bin/lesspipe %s %s, LC_MONETARY=tr_TR.UTF-8, COMPIZ_CONFIG_PROFILE=ubuntu, QT_IM_MODULE=ibus, UPSTART_JOB=unity7, JAVA_HOME=/usr/lib/jvm/java-8-openjdk-amd64, TERM=xterm, XDG_CONFIG_DIRS=/etc/xdg/xdg-ubuntu:/usr/share/upstart/xdg:/etc/xdg, GNOME_KEYRING_CONTROL=, LANG=en_US.UTF-8, XDG_SEAT_PATH=/org/freedesktop/DisplayManager/Seat0, XDG_SESSION_ID=c2, XDG_SESSION_TYPE=x11, DISPLAY=:0, LC_NAME=tr_TR.UTF-8, _=./gradlew, GDM_LANG=en_US, XDG_GREETER_DATA_DIR=/var/lib/lightdm-data/ramazan, UPSTART_EVENTS=xsession started, GPG_AGENT_INFO=/home/ramazan/.gnupg/S.gpg-agent:0:1, DESKTOP_SESSION=ubuntu, SESSION=ubuntu, USER=ramazan, XDG_MENU_PREFIX=gnome-, GIO_LAUNCHED_DESKTOP_FILE_PID=8955, QT_ACCESSIBILITY=1, LC_NUMERIC=tr_TR.UTF-8, SSH_AUTH_SOCK=/run/user/1000/keyring/ssh, XDG_SEAT=seat0, QT_QPA_PLATFORMTHEME=appmenu-qt5, XDG_VTNR=7, XDG_RUNTIME_DIR=/run/user/1000, HOME=/home/ramazan, GNOME_KEYRING_PID=}}]
    14:28:14.678 [Test worker] DEBUG org.springframework.core.env.StandardEnvironment - Adding PropertySource 'test' with highest search precedence
    14:28:14.684 [Test worker] DEBUG org.springframework.core.env.StandardEnvironment - Adding PropertySource 'configurationProperties' with highest search precedence
    14:28:14.688 [Test worker] DEBUG org.springframework.test.context.support.TestPropertySourceUtils - Adding inlined properties to environment: {spring.jmx.enabled=false, org.springframework.boot.test.context.SpringBootTestContextBootstrapper=true, server.port=0}
    14:28:14.689 [Test worker] DEBUG org.springframework.core.env.StandardEnvironment - Adding PropertySource 'Inlined Test Properties' with highest search precedence

      .   ____          _            __ _ _
     /\\ / ___'_ __ _ _(_)_ __  __ _ \ \ \ \
    ( ( )\___ | '_ | '_| | '_ \/ _` | \ \ \ \
     \\/  ___)| |_)| | | | | || (_| |  ) ) ) )
      '  |____| .__|_| |_|_| |_\__, | / / / /
     =========|_|==============|___/=/_/_/_/
     :: Spring Boot ::        (v2.0.0.RELEASE)

    2018-04-24 14:28:16.434  INFO 20521 --- [    Test worker] c.c.t.service.ArticleServiceTest         : Starting ArticleServiceTest on ramazan-Lenovo-G50-70 with PID 20521 (started by ramazan in /home/ramazan/Documents/crossovertest/crossblogs-java-sa)
    2018-04-24 14:28:16.436  INFO 20521 --- [    Test worker] c.c.t.service.ArticleServiceTest         : The following profiles are active: test
    2018-04-24 14:28:16.476  INFO 20521 --- [    Test worker] ConfigServletWebServerApplicationContext : Refreshing org.springframework.boot.web.servlet.context.AnnotationConfigServletWebServerApplicationContext@527ee9f2: startup date [Tue Apr 24 14:28:16 EET 2018]; root of context hierarchy
    2018-04-24 14:28:17.793  INFO 20521 --- [    Test worker] o.s.b.f.s.DefaultListableBeanFactory     : Overriding bean definition for bean 'httpRequestHandlerAdapter' with a different definition: replacing [Root bean: class [null]; scope=; abstract=false; lazyInit=false; autowireMode=3; dependencyCheck=0; autowireCandidate=true; primary=false; factoryBeanName=org.springframework.boot.autoconfigure.web.servlet.WebMvcAutoConfiguration$EnableWebMvcConfiguration; factoryMethodName=httpRequestHandlerAdapter; initMethodName=null; destroyMethodName=(inferred); defined in class path resource [org/springframework/boot/autoconfigure/web/servlet/WebMvcAutoConfiguration$EnableWebMvcConfiguration.class]] with [Root bean: class [null]; scope=; abstract=false; lazyInit=false; autowireMode=3; dependencyCheck=0; autowireCandidate=true; primary=false; factoryBeanName=org.springframework.data.rest.webmvc.config.RepositoryRestMvcConfiguration; factoryMethodName=httpRequestHandlerAdapter; initMethodName=null; destroyMethodName=(inferred); defined in class path resource [org/springframework/data/rest/webmvc/config/RepositoryRestMvcConfiguration.class]]
    2018-04-24 14:28:18.812  INFO 20521 --- [    Test worker] trationDelegate$BeanPostProcessorChecker : Bean 'org.springframework.transaction.annotation.ProxyTransactionManagementConfiguration' of type [org.springframework.transaction.annotation.ProxyTransactionManagementConfiguration$$EnhancerBySpringCGLIB$$5b761c33] is not eligible for getting processed by all BeanPostProcessors (for example: not eligible for auto-proxying)
    2018-04-24 14:28:19.624  INFO 20521 --- [    Test worker] o.s.b.w.embedded.tomcat.TomcatWebServer  : Tomcat initialized with port(s): 0 (http)
    2018-04-24 14:28:19.706  INFO 20521 --- [    Test worker] o.apache.catalina.core.StandardService   : Starting service [Tomcat]
    2018-04-24 14:28:19.708  INFO 20521 --- [    Test worker] org.apache.catalina.core.StandardEngine  : Starting Servlet Engine: Apache Tomcat/8.5.28
    2018-04-24 14:28:19.739  INFO 20521 --- [ost-startStop-1] o.a.catalina.core.AprLifecycleListener   : The APR based Apache Tomcat Native library which allows optimal performance in production environments was not found on the java.library.path: [/usr/java/packages/lib/amd64:/usr/lib/x86_64-linux-gnu/jni:/lib/x86_64-linux-gnu:/usr/lib/x86_64-linux-gnu:/usr/lib/jni:/lib:/usr/lib]
    2018-04-24 14:28:19.953  INFO 20521 --- [ost-startStop-1] o.a.c.c.C.[Tomcat].[localhost].[/]       : Initializing Spring embedded WebApplicationContext
    2018-04-24 14:28:19.955  INFO 20521 --- [ost-startStop-1] o.s.web.context.ContextLoader            : Root WebApplicationContext: initialization completed in 3479 ms
    2018-04-24 14:28:20.227  INFO 20521 --- [ost-startStop-1] o.s.b.w.servlet.ServletRegistrationBean  : Servlet dispatcherServlet mapped to [/]
    2018-04-24 14:28:20.236  INFO 20521 --- [ost-startStop-1] o.s.b.w.servlet.FilterRegistrationBean   : Mapping filter: 'characterEncodingFilter' to: [/*]
    2018-04-24 14:28:20.237  INFO 20521 --- [ost-startStop-1] o.s.b.w.servlet.FilterRegistrationBean   : Mapping filter: 'hiddenHttpMethodFilter' to: [/*]
    2018-04-24 14:28:20.239  INFO 20521 --- [ost-startStop-1] o.s.b.w.servlet.FilterRegistrationBean   : Mapping filter: 'httpPutFormContentFilter' to: [/*]
    2018-04-24 14:28:20.241  INFO 20521 --- [ost-startStop-1] o.s.b.w.servlet.FilterRegistrationBean   : Mapping filter: 'requestContextFilter' to: [/*]
    2018-04-24 14:28:20.745  INFO 20521 --- [    Test worker] com.zaxxer.hikari.HikariDataSource       : HikariPool-1 - Starting...
    2018-04-24 14:28:21.043  INFO 20521 --- [    Test worker] com.zaxxer.hikari.pool.PoolBase          : HikariPool-1 - Driver does not support get/set network timeout for connections. (org.h2.jdbc.JdbcConnection.getNetworkTimeout()I)
    2018-04-24 14:28:21.065  INFO 20521 --- [    Test worker] com.zaxxer.hikari.HikariDataSource       : HikariPool-1 - Start completed.
    2018-04-24 14:28:22.045  INFO 20521 --- [    Test worker] liquibase                                : Successfully acquired change log lock
    2018-04-24 14:28:23.537  INFO 20521 --- [    Test worker] liquibase                                : Creating database history table with name: PUBLIC.DATABASECHANGELOG
    2018-04-24 14:28:23.540  INFO 20521 --- [    Test worker] liquibase                                : Reading from PUBLIC.DATABASECHANGELOG
    2018-04-24 14:28:23.582  INFO 20521 --- [    Test worker] liquibase                                : classpath:/db/changelog/db.changelog-master.xml: db/changelog/db.changelog-1.0.xml::1484386901782-1::crossover: Table article created
    2018-04-24 14:28:23.587  INFO 20521 --- [    Test worker] liquibase                                : classpath:/db/changelog/db.changelog-master.xml: db/changelog/db.changelog-1.0.xml::1484386901782-1::crossover: Table comment created
    2018-04-24 14:28:23.588  INFO 20521 --- [    Test worker] liquibase                                : classpath:/db/changelog/db.changelog-master.xml: db/changelog/db.changelog-1.0.xml::1484386901782-1::crossover: ChangeSet db/changelog/db.changelog-1.0.xml::1484386901782-1::crossover ran successfully in 24ms
    2018-04-24 14:28:23.602  INFO 20521 --- [    Test worker] liquibase                                : classpath:/db/changelog/db.changelog-master.xml: db/changelog/db.changelog-1.0.xml::insert_article::java: New row inserted into article
    2018-04-24 14:28:23.604  INFO 20521 --- [    Test worker] liquibase                                : classpath:/db/changelog/db.changelog-master.xml: db/changelog/db.changelog-1.0.xml::insert_article::java: ChangeSet db/changelog/db.changelog-1.0.xml::insert_article::java ran successfully in 6ms
    2018-04-24 14:28:23.628  INFO 20521 --- [    Test worker] liquibase                                : classpath:/db/changelog/db.changelog-master.xml: db/changelog/db.changelog-1.1.xml::1484386901782-2::crossover: article.title datatype was changed to VARCHAR(120)
    2018-04-24 14:28:23.634  INFO 20521 --- [    Test worker] liquibase                                : classpath:/db/changelog/db.changelog-master.xml: db/changelog/db.changelog-1.1.xml::1484386901782-2::crossover: article.content datatype was changed to TEXT
    2018-04-24 14:28:23.639  INFO 20521 --- [    Test worker] liquibase                                : classpath:/db/changelog/db.changelog-master.xml: db/changelog/db.changelog-1.1.xml::1484386901782-2::crossover: comment.message datatype was changed to TEXT
    2018-04-24 14:28:23.641  INFO 20521 --- [    Test worker] liquibase                                : classpath:/db/changelog/db.changelog-master.xml: db/changelog/db.changelog-1.1.xml::1484386901782-2::crossover: Null constraint has been added to article.email
    2018-04-24 14:28:23.642  INFO 20521 --- [    Test worker] liquibase                                : classpath:/db/changelog/db.changelog-master.xml: db/changelog/db.changelog-1.1.xml::1484386901782-2::crossover: Null constraint has been added to comment.email
    2018-04-24 14:28:23.643  INFO 20521 --- [    Test worker] liquibase                                : classpath:/db/changelog/db.changelog-master.xml: db/changelog/db.changelog-1.1.xml::1484386901782-2::crossover: ChangeSet db/changelog/db.changelog-1.1.xml::1484386901782-2::crossover ran successfully in 35ms
    2018-04-24 14:28:23.646  INFO 20521 --- [    Test worker] liquibase                                : classpath:/db/changelog/db.changelog-master.xml: db/changelog/db.changelog-1.2.xml::1484386901782-3::crossover: Index idx_title created
    2018-04-24 14:28:23.647  INFO 20521 --- [    Test worker] liquibase                                : classpath:/db/changelog/db.changelog-master.xml: db/changelog/db.changelog-1.2.xml::1484386901782-3::crossover: ChangeSet db/changelog/db.changelog-1.2.xml::1484386901782-3::crossover ran successfully in 2ms
    2018-04-24 14:28:23.650  INFO 20521 --- [    Test worker] liquibase                                : Successfully released change log lock
    2018-04-24 14:28:23.970  INFO 20521 --- [    Test worker] j.LocalContainerEntityManagerFactoryBean : Building JPA container EntityManagerFactory for persistence unit 'default'
    2018-04-24 14:28:24.029  INFO 20521 --- [    Test worker] o.hibernate.jpa.internal.util.LogHelper  : HHH000204: Processing PersistenceUnitInfo [
    	name: default
    	...]
    2018-04-24 14:28:24.417  INFO 20521 --- [    Test worker] org.hibernate.Version                    : HHH000412: Hibernate Core {5.2.14.Final}
    2018-04-24 14:28:24.419  INFO 20521 --- [    Test worker] org.hibernate.cfg.Environment            : HHH000206: hibernate.properties not found
    2018-04-24 14:28:24.503  INFO 20521 --- [    Test worker] o.hibernate.annotations.common.Version   : HCANN000001: Hibernate Commons Annotations {5.0.1.Final}
    2018-04-24 14:28:24.730  INFO 20521 --- [    Test worker] org.hibernate.dialect.Dialect            : HHH000400: Using dialect: org.hibernate.dialect.HSQLDialect
    2018-04-24 14:28:24.777  INFO 20521 --- [    Test worker] o.h.e.j.e.i.LobCreatorBuilderImpl        : HHH000423: Disabling contextual LOB creation as JDBC driver reported JDBC version [3] less than 4
    2018-04-24 14:28:25.729  INFO 20521 --- [    Test worker] j.LocalContainerEntityManagerFactoryBean : Initialized JPA EntityManagerFactory for persistence unit 'default'
    2018-04-24 14:28:26.719  INFO 20521 --- [    Test worker] o.h.h.i.QueryTranslatorFactoryInitiator  : HHH000397: Using ASTQueryTranslatorFactory
    2018-04-24 14:28:29.523  INFO 20521 --- [    Test worker] s.w.s.m.m.a.RequestMappingHandlerAdapter : Looking for @ControllerAdvice: org.springframework.boot.web.servlet.context.AnnotationConfigServletWebServerApplicationContext@527ee9f2: startup date [Tue Apr 24 14:28:16 EET 2018]; root of context hierarchy
    2018-04-24 14:28:29.690  WARN 20521 --- [    Test worker] aWebConfiguration$JpaWebMvcConfiguration : spring.jpa.open-in-view is enabled by default. Therefore, database queries may be performed during view rendering. Explicitly configure spring.jpa.open-in-view to disable this warning
    2018-04-24 14:28:29.790  INFO 20521 --- [    Test worker] s.w.s.m.m.a.RequestMappingHandlerMapping : Mapped "{[/articles],methods=[POST]}" onto public org.springframework.http.ResponseEntity<com.crossover.techtrial.model.Article> com.crossover.techtrial.controller.ArticleController.createArticle(com.crossover.techtrial.model.Article)
    2018-04-24 14:28:29.793  INFO 20521 --- [    Test worker] s.w.s.m.m.a.RequestMappingHandlerMapping : Mapped "{[/articles],methods=[PUT]}" onto public org.springframework.http.ResponseEntity<com.crossover.techtrial.model.Article> com.crossover.techtrial.controller.ArticleController.updateArticle(com.crossover.techtrial.model.Article)
    2018-04-24 14:28:29.795  INFO 20521 --- [    Test worker] s.w.s.m.m.a.RequestMappingHandlerMapping : Mapped "{[/articles/{article-id}],methods=[DELETE]}" onto public org.springframework.http.ResponseEntity<com.crossover.techtrial.model.Article> com.crossover.techtrial.controller.ArticleController.deleteArticleById(java.lang.Long)
    2018-04-24 14:28:29.796  INFO 20521 --- [    Test worker] s.w.s.m.m.a.RequestMappingHandlerMapping : Mapped "{[/articles/search],methods=[GET]}" onto public org.springframework.http.ResponseEntity<java.util.List<com.crossover.techtrial.model.Article>> com.crossover.techtrial.controller.ArticleController.searchArticles(java.lang.String)
    2018-04-24 14:28:29.798  INFO 20521 --- [    Test worker] s.w.s.m.m.a.RequestMappingHandlerMapping : Mapped "{[/articles/{article-id}],methods=[GET]}" onto public org.springframework.http.ResponseEntity<com.crossover.techtrial.model.Article> com.crossover.techtrial.controller.ArticleController.getArticleById(java.lang.Long)
    2018-04-24 14:28:29.799  INFO 20521 --- [    Test worker] s.w.s.m.m.a.RequestMappingHandlerMapping : Mapped "{[/articles],methods=[GET]}" onto public org.springframework.http.ResponseEntity<java.util.List<com.crossover.techtrial.model.Article>> com.crossover.techtrial.controller.ArticleController.getArticleById()
    2018-04-24 14:28:29.802  INFO 20521 --- [    Test worker] s.w.s.m.m.a.RequestMappingHandlerMapping : Mapped "{[/comments/{comment-id}],methods=[DELETE]}" onto public org.springframework.http.ResponseEntity<com.crossover.techtrial.model.Article> com.crossover.techtrial.controller.CommentController.deleteArticleById(java.lang.Long)
    2018-04-24 14:28:29.803  INFO 20521 --- [    Test worker] s.w.s.m.m.a.RequestMappingHandlerMapping : Mapped "{[/comments],methods=[POST]}" onto public org.springframework.http.ResponseEntity<com.crossover.techtrial.model.Comment> com.crossover.techtrial.controller.CommentController.createComment(com.crossover.techtrial.model.Comment)
    2018-04-24 14:28:29.805  INFO 20521 --- [    Test worker] s.w.s.m.m.a.RequestMappingHandlerMapping : Mapped "{[/comments/{comments-id}],methods=[GET]}" onto public org.springframework.http.ResponseEntity<com.crossover.techtrial.model.Comment> com.crossover.techtrial.controller.CommentController.getCommentById(java.lang.Long)
    2018-04-24 14:28:29.806  INFO 20521 --- [    Test worker] s.w.s.m.m.a.RequestMappingHandlerMapping : Mapped "{[/comments],methods=[PUT]}" onto public org.springframework.http.ResponseEntity<com.crossover.techtrial.model.Comment> com.crossover.techtrial.controller.CommentController.updateComment(com.crossover.techtrial.model.Comment)
    2018-04-24 14:28:29.812  INFO 20521 --- [    Test worker] s.w.s.m.m.a.RequestMappingHandlerMapping : Mapped "{[/error],produces=[text/html]}" onto public org.springframework.web.servlet.ModelAndView org.springframework.boot.autoconfigure.web.servlet.error.BasicErrorController.errorHtml(javax.servlet.http.HttpServletRequest,javax.servlet.http.HttpServletResponse)
    2018-04-24 14:28:29.813  INFO 20521 --- [    Test worker] s.w.s.m.m.a.RequestMappingHandlerMapping : Mapped "{[/error]}" onto public org.springframework.http.ResponseEntity<java.util.Map<java.lang.String, java.lang.Object>> org.springframework.boot.autoconfigure.web.servlet.error.BasicErrorController.error(javax.servlet.http.HttpServletRequest)
    2018-04-24 14:28:29.899  INFO 20521 --- [    Test worker] o.s.w.s.handler.SimpleUrlHandlerMapping  : Mapped URL path [/webjars/**] onto handler of type [class org.springframework.web.servlet.resource.ResourceHttpRequestHandler]
    2018-04-24 14:28:29.900  INFO 20521 --- [    Test worker] o.s.w.s.handler.SimpleUrlHandlerMapping  : Mapped URL path [/**] onto handler of type [class org.springframework.web.servlet.resource.ResourceHttpRequestHandler]
    2018-04-24 14:28:29.939  INFO 20521 --- [    Test worker] .m.m.a.ExceptionHandlerExceptionResolver : Detected @ExceptionHandler methods in globalExceptionHandler
    2018-04-24 14:28:29.949  INFO 20521 --- [    Test worker] .m.m.a.ExceptionHandlerExceptionResolver : Detected @ExceptionHandler methods in repositoryRestExceptionHandler
    2018-04-24 14:28:30.127  INFO 20521 --- [    Test worker] o.s.w.s.handler.SimpleUrlHandlerMapping  : Mapped URL path [/**/favicon.ico] onto handler of type [class org.springframework.web.servlet.resource.ResourceHttpRequestHandler]
    2018-04-24 14:28:30.356  INFO 20521 --- [    Test worker] o.s.d.r.w.RepositoryRestHandlerAdapter   : Looking for @ControllerAdvice: org.springframework.boot.web.servlet.context.AnnotationConfigServletWebServerApplicationContext@527ee9f2: startup date [Tue Apr 24 14:28:16 EET 2018]; root of context hierarchy
    2018-04-24 14:28:30.399  INFO 20521 --- [    Test worker] o.s.d.r.w.RepositoryRestHandlerMapping   : Mapped "{[/api/{repository}],methods=[OPTIONS],produces=[application/hal+json || application/json]}" onto public org.springframework.http.ResponseEntity<?> org.springframework.data.rest.webmvc.RepositoryEntityController.optionsForCollectionResource(org.springframework.data.rest.webmvc.RootResourceInformation)
    2018-04-24 14:28:30.406  INFO 20521 --- [    Test worker] o.s.d.r.w.RepositoryRestHandlerMapping   : Mapped "{[/api/{repository}],methods=[HEAD],produces=[application/hal+json || application/json]}" onto public org.springframework.http.ResponseEntity<?> org.springframework.data.rest.webmvc.RepositoryEntityController.headCollectionResource(org.springframework.data.rest.webmvc.RootResourceInformation,org.springframework.data.rest.webmvc.support.DefaultedPageable) throws org.springframework.web.HttpRequestMethodNotSupportedException
    2018-04-24 14:28:30.409  INFO 20521 --- [    Test worker] o.s.d.r.w.RepositoryRestHandlerMapping   : Mapped "{[/api/{repository}],methods=[GET],produces=[application/x-spring-data-compact+json || text/uri-list]}" onto public org.springframework.hateoas.Resources<?> org.springframework.data.rest.webmvc.RepositoryEntityController.getCollectionResourceCompact(org.springframework.data.rest.webmvc.RootResourceInformation,org.springframework.data.rest.webmvc.support.DefaultedPageable,org.springframework.data.domain.Sort,org.springframework.data.rest.webmvc.PersistentEntityResourceAssembler) throws org.springframework.data.rest.webmvc.ResourceNotFoundException,org.springframework.web.HttpRequestMethodNotSupportedException
    2018-04-24 14:28:30.410  INFO 20521 --- [    Test worker] o.s.d.r.w.RepositoryRestHandlerMapping   : Mapped "{[/api/{repository}],methods=[GET],produces=[application/hal+json || application/json]}" onto public org.springframework.hateoas.Resources<?> org.springframework.data.rest.webmvc.RepositoryEntityController.getCollectionResource(org.springframework.data.rest.webmvc.RootResourceInformation,org.springframework.data.rest.webmvc.support.DefaultedPageable,org.springframework.data.domain.Sort,org.springframework.data.rest.webmvc.PersistentEntityResourceAssembler) throws org.springframework.data.rest.webmvc.ResourceNotFoundException,org.springframework.web.HttpRequestMethodNotSupportedException
    2018-04-24 14:28:30.411  INFO 20521 --- [    Test worker] o.s.d.r.w.RepositoryRestHandlerMapping   : Mapped "{[/api/{repository}],methods=[POST],produces=[application/hal+json || application/json]}" onto public org.springframework.http.ResponseEntity<org.springframework.hateoas.ResourceSupport> org.springframework.data.rest.webmvc.RepositoryEntityController.postCollectionResource(org.springframework.data.rest.webmvc.RootResourceInformation,org.springframework.data.rest.webmvc.PersistentEntityResource,org.springframework.data.rest.webmvc.PersistentEntityResourceAssembler,java.lang.String) throws org.springframework.web.HttpRequestMethodNotSupportedException
    2018-04-24 14:28:30.414  INFO 20521 --- [    Test worker] o.s.d.r.w.RepositoryRestHandlerMapping   : Mapped "{[/api/{repository}/{id}],methods=[OPTIONS],produces=[application/hal+json || application/json]}" onto public org.springframework.http.ResponseEntity<?> org.springframework.data.rest.webmvc.RepositoryEntityController.optionsForItemResource(org.springframework.data.rest.webmvc.RootResourceInformation)
    2018-04-24 14:28:30.417  INFO 20521 --- [    Test worker] o.s.d.r.w.RepositoryRestHandlerMapping   : Mapped "{[/api/{repository}/{id}],methods=[HEAD],produces=[application/hal+json || application/json]}" onto public org.springframework.http.ResponseEntity<?> org.springframework.data.rest.webmvc.RepositoryEntityController.headForItemResource(org.springframework.data.rest.webmvc.RootResourceInformation,java.io.Serializable,org.springframework.data.rest.webmvc.PersistentEntityResourceAssembler) throws org.springframework.web.HttpRequestMethodNotSupportedException
    2018-04-24 14:28:30.420  INFO 20521 --- [    Test worker] o.s.d.r.w.RepositoryRestHandlerMapping   : Mapped "{[/api/{repository}/{id}],methods=[GET],produces=[application/hal+json || application/json]}" onto public org.springframework.http.ResponseEntity<org.springframework.hateoas.Resource<?>> org.springframework.data.rest.webmvc.RepositoryEntityController.getItemResource(org.springframework.data.rest.webmvc.RootResourceInformation,java.io.Serializable,org.springframework.data.rest.webmvc.PersistentEntityResourceAssembler,org.springframework.http.HttpHeaders) throws org.springframework.web.HttpRequestMethodNotSupportedException
    2018-04-24 14:28:30.420  INFO 20521 --- [    Test worker] o.s.d.r.w.RepositoryRestHandlerMapping   : Mapped "{[/api/{repository}/{id}],methods=[PUT],produces=[application/hal+json || application/json]}" onto public org.springframework.http.ResponseEntity<? extends org.springframework.hateoas.ResourceSupport> org.springframework.data.rest.webmvc.RepositoryEntityController.putItemResource(org.springframework.data.rest.webmvc.RootResourceInformation,org.springframework.data.rest.webmvc.PersistentEntityResource,java.io.Serializable,org.springframework.data.rest.webmvc.PersistentEntityResourceAssembler,org.springframework.data.rest.webmvc.support.ETag,java.lang.String) throws org.springframework.web.HttpRequestMethodNotSupportedException
    2018-04-24 14:28:30.424  INFO 20521 --- [    Test worker] o.s.d.r.w.RepositoryRestHandlerMapping   : Mapped "{[/api/{repository}/{id}],methods=[PATCH],produces=[application/hal+json || application/json]}" onto public org.springframework.http.ResponseEntity<org.springframework.hateoas.ResourceSupport> org.springframework.data.rest.webmvc.RepositoryEntityController.patchItemResource(org.springframework.data.rest.webmvc.RootResourceInformation,org.springframework.data.rest.webmvc.PersistentEntityResource,java.io.Serializable,org.springframework.data.rest.webmvc.PersistentEntityResourceAssembler,org.springframework.data.rest.webmvc.support.ETag,java.lang.String) throws org.springframework.web.HttpRequestMethodNotSupportedException,org.springframework.data.rest.webmvc.ResourceNotFoundException
    2018-04-24 14:28:30.426  INFO 20521 --- [    Test worker] o.s.d.r.w.RepositoryRestHandlerMapping   : Mapped "{[/api/{repository}/{id}],methods=[DELETE],produces=[application/hal+json || application/json]}" onto public org.springframework.http.ResponseEntity<?> org.springframework.data.rest.webmvc.RepositoryEntityController.deleteItemResource(org.springframework.data.rest.webmvc.RootResourceInformation,java.io.Serializable,org.springframework.data.rest.webmvc.support.ETag) throws org.springframework.data.rest.webmvc.ResourceNotFoundException,org.springframework.web.HttpRequestMethodNotSupportedException
    2018-04-24 14:28:30.433  INFO 20521 --- [    Test worker] o.s.d.r.w.RepositoryRestHandlerMapping   : Mapped "{[/api/ || /api],methods=[OPTIONS],produces=[application/hal+json || application/json]}" onto public org.springframework.http.HttpEntity<?> org.springframework.data.rest.webmvc.RepositoryController.optionsForRepositories()
    2018-04-24 14:28:30.443  INFO 20521 --- [    Test worker] o.s.d.r.w.RepositoryRestHandlerMapping   : Mapped "{[/api/ || /api],methods=[HEAD],produces=[application/hal+json || application/json]}" onto public org.springframework.http.ResponseEntity<?> org.springframework.data.rest.webmvc.RepositoryController.headForRepositories()
    2018-04-24 14:28:30.444  INFO 20521 --- [    Test worker] o.s.d.r.w.RepositoryRestHandlerMapping   : Mapped "{[/api/ || /api],methods=[GET],produces=[application/hal+json || application/json]}" onto public org.springframework.http.HttpEntity<org.springframework.data.rest.webmvc.RepositoryLinksResource> org.springframework.data.rest.webmvc.RepositoryController.listRepositories()
    2018-04-24 14:28:30.449  INFO 20521 --- [    Test worker] o.s.d.r.w.RepositoryRestHandlerMapping   : Mapped "{[/api/{repository}/{id}/{property}],methods=[DELETE],produces=[application/hal+json || application/json]}" onto public org.springframework.http.ResponseEntity<? extends org.springframework.hateoas.ResourceSupport> org.springframework.data.rest.webmvc.RepositoryPropertyReferenceController.deletePropertyReference(org.springframework.data.rest.webmvc.RootResourceInformation,java.io.Serializable,java.lang.String) throws java.lang.Exception
    2018-04-24 14:28:30.451  INFO 20521 --- [    Test worker] o.s.d.r.w.RepositoryRestHandlerMapping   : Mapped "{[/api/{repository}/{id}/{property}],methods=[GET],produces=[application/x-spring-data-compact+json || text/uri-list]}" onto public org.springframework.http.ResponseEntity<org.springframework.hateoas.ResourceSupport> org.springframework.data.rest.webmvc.RepositoryPropertyReferenceController.followPropertyReferenceCompact(org.springframework.data.rest.webmvc.RootResourceInformation,java.io.Serializable,java.lang.String,org.springframework.data.rest.webmvc.PersistentEntityResourceAssembler) throws java.lang.Exception
    2018-04-24 14:28:30.456  INFO 20521 --- [    Test worker] o.s.d.r.w.RepositoryRestHandlerMapping   : Mapped "{[/api/{repository}/{id}/{property}],methods=[PATCH || PUT || POST],consumes=[application/json || application/x-spring-data-compact+json || text/uri-list],produces=[application/hal+json || application/json]}" onto public org.springframework.http.ResponseEntity<? extends org.springframework.hateoas.ResourceSupport> org.springframework.data.rest.webmvc.RepositoryPropertyReferenceController.createPropertyReference(org.springframework.data.rest.webmvc.RootResourceInformation,org.springframework.http.HttpMethod,org.springframework.hateoas.Resources<java.lang.Object>,java.io.Serializable,java.lang.String) throws java.lang.Exception
    2018-04-24 14:28:30.457  INFO 20521 --- [    Test worker] o.s.d.r.w.RepositoryRestHandlerMapping   : Mapped "{[/api/{repository}/{id}/{property}/{propertyId}],methods=[DELETE],produces=[application/hal+json || application/json]}" onto public org.springframework.http.ResponseEntity<org.springframework.hateoas.ResourceSupport> org.springframework.data.rest.webmvc.RepositoryPropertyReferenceController.deletePropertyReferenceId(org.springframework.data.rest.webmvc.RootResourceInformation,java.io.Serializable,java.lang.String,java.lang.String) throws java.lang.Exception
    2018-04-24 14:28:30.460  INFO 20521 --- [    Test worker] o.s.d.r.w.RepositoryRestHandlerMapping   : Mapped "{[/api/{repository}/{id}/{property}/{propertyId}],methods=[GET],produces=[application/hal+json || application/json]}" onto public org.springframework.http.ResponseEntity<org.springframework.hateoas.ResourceSupport> org.springframework.data.rest.webmvc.RepositoryPropertyReferenceController.followPropertyReference(org.springframework.data.rest.webmvc.RootResourceInformation,java.io.Serializable,java.lang.String,java.lang.String,org.springframework.data.rest.webmvc.PersistentEntityResourceAssembler) throws java.lang.Exception
    2018-04-24 14:28:30.462  INFO 20521 --- [    Test worker] o.s.d.r.w.RepositoryRestHandlerMapping   : Mapped "{[/api/{repository}/{id}/{property}],methods=[GET],produces=[application/hal+json || application/json]}" onto public org.springframework.http.ResponseEntity<org.springframework.hateoas.ResourceSupport> org.springframework.data.rest.webmvc.RepositoryPropertyReferenceController.followPropertyReference(org.springframework.data.rest.webmvc.RootResourceInformation,java.io.Serializable,java.lang.String,org.springframework.data.rest.webmvc.PersistentEntityResourceAssembler) throws java.lang.Exception
    2018-04-24 14:28:30.474  INFO 20521 --- [    Test worker] o.s.d.r.w.RepositoryRestHandlerMapping   : Mapped "{[/api/{repository}/search],methods=[HEAD],produces=[application/hal+json || application/json]}" onto public org.springframework.http.HttpEntity<?> org.springframework.data.rest.webmvc.RepositorySearchController.headForSearches(org.springframework.data.rest.webmvc.RootResourceInformation)
    2018-04-24 14:28:30.476  INFO 20521 --- [    Test worker] o.s.d.r.w.RepositoryRestHandlerMapping   : Mapped "{[/api/{repository}/search],methods=[GET],produces=[application/hal+json || application/json]}" onto public org.springframework.data.rest.webmvc.RepositorySearchesResource org.springframework.data.rest.webmvc.RepositorySearchController.listSearches(org.springframework.data.rest.webmvc.RootResourceInformation)
    2018-04-24 14:28:30.477  INFO 20521 --- [    Test worker] o.s.d.r.w.RepositoryRestHandlerMapping   : Mapped "{[/api/{repository}/search/{search}],methods=[GET],produces=[application/hal+json || application/json]}" onto public org.springframework.http.ResponseEntity<?> org.springframework.data.rest.webmvc.RepositorySearchController.executeSearch(org.springframework.data.rest.webmvc.RootResourceInformation,org.springframework.util.MultiValueMap<java.lang.String, java.lang.Object>,java.lang.String,org.springframework.data.rest.webmvc.support.DefaultedPageable,org.springframework.data.domain.Sort,org.springframework.data.rest.webmvc.PersistentEntityResourceAssembler,org.springframework.http.HttpHeaders)
    2018-04-24 14:28:30.479  INFO 20521 --- [    Test worker] o.s.d.r.w.RepositoryRestHandlerMapping   : Mapped "{[/api/{repository}/search/{search}],methods=[GET],produces=[application/x-spring-data-compact+json]}" onto public org.springframework.hateoas.ResourceSupport org.springframework.data.rest.webmvc.RepositorySearchController.executeSearchCompact(org.springframework.data.rest.webmvc.RootResourceInformation,org.springframework.http.HttpHeaders,org.springframework.util.MultiValueMap<java.lang.String, java.lang.Object>,java.lang.String,java.lang.String,org.springframework.data.rest.webmvc.support.DefaultedPageable,org.springframework.data.domain.Sort,org.springframework.data.rest.webmvc.PersistentEntityResourceAssembler)
    2018-04-24 14:28:30.480  INFO 20521 --- [    Test worker] o.s.d.r.w.RepositoryRestHandlerMapping   : Mapped "{[/api/{repository}/search/{search}],methods=[OPTIONS],produces=[application/hal+json || application/json]}" onto public org.springframework.http.ResponseEntity<java.lang.Object> org.springframework.data.rest.webmvc.RepositorySearchController.optionsForSearch(org.springframework.data.rest.webmvc.RootResourceInformation,java.lang.String)
    2018-04-24 14:28:30.482  INFO 20521 --- [    Test worker] o.s.d.r.w.RepositoryRestHandlerMapping   : Mapped "{[/api/{repository}/search/{search}],methods=[HEAD],produces=[application/hal+json || application/json]}" onto public org.springframework.http.ResponseEntity<java.lang.Object> org.springframework.data.rest.webmvc.RepositorySearchController.headForSearch(org.springframework.data.rest.webmvc.RootResourceInformation,java.lang.String)
    2018-04-24 14:28:30.483  INFO 20521 --- [    Test worker] o.s.d.r.w.RepositoryRestHandlerMapping   : Mapped "{[/api/{repository}/search],methods=[OPTIONS],produces=[application/hal+json || application/json]}" onto public org.springframework.http.HttpEntity<?> org.springframework.data.rest.webmvc.RepositorySearchController.optionsForSearches(org.springframework.data.rest.webmvc.RootResourceInformation)
    2018-04-24 14:28:30.492  INFO 20521 --- [    Test worker] o.s.d.r.w.BasePathAwareHandlerMapping    : Mapped "{[/api/profile/{repository}],methods=[GET],produces=[application/schema+json]}" onto public org.springframework.http.HttpEntity<org.springframework.data.rest.webmvc.json.JsonSchema> org.springframework.data.rest.webmvc.RepositorySchemaController.schema(org.springframework.data.rest.webmvc.RootResourceInformation)
    2018-04-24 14:28:30.494  INFO 20521 --- [    Test worker] o.s.d.r.w.BasePathAwareHandlerMapping    : Mapped "{[/api/profile],methods=[OPTIONS]}" onto public org.springframework.http.HttpEntity<?> org.springframework.data.rest.webmvc.ProfileController.profileOptions()
    2018-04-24 14:28:30.497  INFO 20521 --- [    Test worker] o.s.d.r.w.BasePathAwareHandlerMapping    : Mapped "{[/api/profile],methods=[GET]}" onto org.springframework.http.HttpEntity<org.springframework.hateoas.ResourceSupport> org.springframework.data.rest.webmvc.ProfileController.listAllFormsOfMetadata()
    2018-04-24 14:28:30.505  INFO 20521 --- [    Test worker] o.s.d.r.w.BasePathAwareHandlerMapping    : Mapped "{[/api/profile/{repository}],methods=[OPTIONS],produces=[application/alps+json]}" onto org.springframework.http.HttpEntity<?> org.springframework.data.rest.webmvc.alps.AlpsController.alpsOptions()
    2018-04-24 14:28:30.506  INFO 20521 --- [    Test worker] o.s.d.r.w.BasePathAwareHandlerMapping    : Mapped "{[/api/profile/{repository}],methods=[GET],produces=[application/alps+json || */*]}" onto org.springframework.http.HttpEntity<org.springframework.data.rest.webmvc.RootResourceInformation> org.springframework.data.rest.webmvc.alps.AlpsController.descriptor(org.springframework.data.rest.webmvc.RootResourceInformation)
    2018-04-24 14:28:31.105  INFO 20521 --- [    Test worker] o.s.b.w.embedded.tomcat.TomcatWebServer  : Tomcat started on port(s): 46791 (http) with context path ''
    2018-04-24 14:28:31.111  INFO 20521 --- [    Test worker] c.c.t.service.ArticleServiceTest         : Started ArticleServiceTest in 16.416 seconds (JVM running for 18.445)

com.crossover.techtrial.service.ArticleServiceTest > createArticle STANDARD_OUT
    2018-04-24 14:28:31.187  INFO 20521 --- [    Test worker] o.s.t.c.transaction.TransactionContext   : Began transaction (1) for test context [DefaultTestContext@52fbbebf testClass = ArticleServiceTest, testInstance = com.crossover.techtrial.service.ArticleServiceTest@3d04ec66, testMethod = createArticle@ArticleServiceTest, testException = [null], mergedContextConfiguration = [WebMergedContextConfiguration@4f93ccf0 testClass = ArticleServiceTest, locations = '{}', classes = '{class com.crossover.techtrial.CrossBlogsApplication}', contextInitializerClasses = '[]', activeProfiles = '{test}', propertySourceLocations = '{}', propertySourceProperties = '{org.springframework.boot.test.context.SpringBootTestContextBootstrapper=true, server.port=0}', contextCustomizers = set[org.springframework.boot.test.autoconfigure.properties.PropertyMappingContextCustomizer@0, org.springframework.boot.test.autoconfigure.web.servlet.WebDriverContextCustomizerFactory$Customizer@2ecf0ab3, org.springframework.boot.test.context.filter.ExcludeFilterContextCustomizer@1d166fe6, org.springframework.boot.test.json.DuplicateJsonObjectContextCustomizerFactory$DuplicateJsonObjectContextCustomizer@7d547dff, org.springframework.boot.test.mock.mockito.MockitoContextCustomizer@0, org.springframework.boot.test.web.client.TestRestTemplateContextCustomizer@23cc638d], resourceBasePath = 'src/main/webapp', contextLoader = 'org.springframework.boot.test.context.SpringBootContextLoader', parent = [null]], attributes = map['org.springframework.test.context.web.ServletTestExecutionListener.activateListener' -> false]]; transaction manager [org.springframework.orm.jpa.JpaTransactionManager@79c5577c]; rollback [true]
    2018-04-24 14:28:31.522 DEBUG 20521 --- [    Test worker] org.hibernate.SQL                        : insert into article (id, content, date, email, published, title) values (null, ?, ?, ?, ?, ?)
    2018-04-24 14:28:31.713  INFO 20521 --- [    Test worker] o.s.t.c.transaction.TransactionContext   : Rolled back transaction for test context [DefaultTestContext@52fbbebf testClass = ArticleServiceTest, testInstance = com.crossover.techtrial.service.ArticleServiceTest@3d04ec66, testMethod = createArticle@ArticleServiceTest, testException = [null], mergedContextConfiguration = [WebMergedContextConfiguration@4f93ccf0 testClass = ArticleServiceTest, locations = '{}', classes = '{class com.crossover.techtrial.CrossBlogsApplication}', contextInitializerClasses = '[]', activeProfiles = '{test}', propertySourceLocations = '{}', propertySourceProperties = '{org.springframework.boot.test.context.SpringBootTestContextBootstrapper=true, server.port=0}', contextCustomizers = set[org.springframework.boot.test.autoconfigure.properties.PropertyMappingContextCustomizer@0, org.springframework.boot.test.autoconfigure.web.servlet.WebDriverContextCustomizerFactory$Customizer@2ecf0ab3, org.springframework.boot.test.context.filter.ExcludeFilterContextCustomizer@1d166fe6, org.springframework.boot.test.json.DuplicateJsonObjectContextCustomizerFactory$DuplicateJsonObjectContextCustomizer@7d547dff, org.springframework.boot.test.mock.mockito.MockitoContextCustomizer@0, org.springframework.boot.test.web.client.TestRestTemplateContextCustomizer@23cc638d], resourceBasePath = 'src/main/webapp', contextLoader = 'org.springframework.boot.test.context.SpringBootContextLoader', parent = [null]], attributes = map['org.springframework.test.context.web.ServletTestExecutionListener.activateListener' -> false]].

com.crossover.techtrial.CrossBlogsApplicationTests STANDARD_OUT
    2018-04-24 14:28:31.717  INFO 20521 --- [    Test worker] .b.t.c.SpringBootTestContextBootstrapper : Neither @ContextConfiguration nor @ContextHierarchy found for test class [com.crossover.techtrial.CrossBlogsApplicationTests], using SpringBootContextLoader
    2018-04-24 14:28:31.720  INFO 20521 --- [    Test worker] o.s.t.c.support.AbstractContextLoader    : Could not detect default resource locations for test class [com.crossover.techtrial.CrossBlogsApplicationTests]: no resource found for suffixes {-context.xml, Context.groovy}.
    2018-04-24 14:28:31.721  INFO 20521 --- [    Test worker] t.c.s.AnnotationConfigContextLoaderUtils : Could not detect default configuration classes for test class [com.crossover.techtrial.CrossBlogsApplicationTests]: CrossBlogsApplicationTests does not declare any static, non-private, non-final, nested classes annotated with @Configuration.
    2018-04-24 14:28:31.776  INFO 20521 --- [    Test worker] .b.t.c.SpringBootTestContextBootstrapper : Found @SpringBootConfiguration com.crossover.techtrial.CrossBlogsApplication for test class com.crossover.techtrial.CrossBlogsApplicationTests
    2018-04-24 14:28:31.781  INFO 20521 --- [    Test worker] .b.t.c.SpringBootTestContextBootstrapper : Loaded default TestExecutionListener class names from location [META-INF/spring.factories]: [org.springframework.boot.test.autoconfigure.restdocs.RestDocsTestExecutionListener, org.springframework.boot.test.autoconfigure.web.client.MockRestServiceServerResetTestExecutionListener, org.springframework.boot.test.autoconfigure.web.servlet.MockMvcPrintOnlyOnFailureTestExecutionListener, org.springframework.boot.test.autoconfigure.web.servlet.WebDriverTestExecutionListener, org.springframework.boot.test.mock.mockito.MockitoTestExecutionListener, org.springframework.boot.test.mock.mockito.ResetMocksTestExecutionListener, org.springframework.test.context.web.ServletTestExecutionListener, org.springframework.test.context.support.DirtiesContextBeforeModesTestExecutionListener, org.springframework.test.context.support.DependencyInjectionTestExecutionListener, org.springframework.test.context.support.DirtiesContextTestExecutionListener, org.springframework.test.context.transaction.TransactionalTestExecutionListener, org.springframework.test.context.jdbc.SqlScriptsTestExecutionListener]
    2018-04-24 14:28:31.782  INFO 20521 --- [    Test worker] .b.t.c.SpringBootTestContextBootstrapper : Using TestExecutionListeners: [org.springframework.test.context.web.ServletTestExecutionListener@4e75142f, org.springframework.test.context.support.DirtiesContextBeforeModesTestExecutionListener@6c42c7fa, org.springframework.boot.test.mock.mockito.MockitoTestExecutionListener@581b4039, org.springframework.boot.test.autoconfigure.SpringBootDependencyInjectionTestExecutionListener@b5fc6c0, org.springframework.test.context.support.DirtiesContextTestExecutionListener@6ded6fe8, org.springframework.test.context.transaction.TransactionalTestExecutionListener@176a18b8, org.springframework.test.context.jdbc.SqlScriptsTestExecutionListener@15f288e4, org.springframework.boot.test.autoconfigure.restdocs.RestDocsTestExecutionListener@60ee355c, org.springframework.boot.test.autoconfigure.web.client.MockRestServiceServerResetTestExecutionListener@66fa9486, org.springframework.boot.test.autoconfigure.web.servlet.MockMvcPrintOnlyOnFailureTestExecutionListener@2112ef39, org.springframework.boot.test.autoconfigure.web.servlet.WebDriverTestExecutionListener@20a6f657, org.springframework.boot.test.mock.mockito.ResetMocksTestExecutionListener@317363ca]

      .   ____          _            __ _ _
     /\\ / ___'_ __ _ _(_)_ __  __ _ \ \ \ \
    ( ( )\___ | '_ | '_| | '_ \/ _` | \ \ \ \
     \\/  ___)| |_)| | | | | || (_| |  ) ) ) )
      '  |____| .__|_| |_|_| |_\__, | / / / /
     =========|_|==============|___/=/_/_/_/
     :: Spring Boot ::        (v2.0.0.RELEASE)

    2018-04-24 14:28:31.958  INFO 20521 --- [    Test worker] c.c.t.CrossBlogsApplicationTests         : Starting CrossBlogsApplicationTests on ramazan-Lenovo-G50-70 with PID 20521 (started by ramazan in /home/ramazan/Documents/crossovertest/crossblogs-java-sa)
    2018-04-24 14:28:31.959  INFO 20521 --- [    Test worker] c.c.t.CrossBlogsApplicationTests         : The following profiles are active: dev
    2018-04-24 14:28:31.975  INFO 20521 --- [    Test worker] o.s.w.c.s.GenericWebApplicationContext   : Refreshing org.springframework.web.context.support.GenericWebApplicationContext@2cfc9fb4: startup date [Tue Apr 24 14:28:31 EET 2018]; root of context hierarchy
    2018-04-24 14:28:32.371  INFO 20521 --- [    Test worker] o.s.b.f.s.DefaultListableBeanFactory     : Overriding bean definition for bean 'httpRequestHandlerAdapter' with a different definition: replacing [Root bean: class [null]; scope=; abstract=false; lazyInit=false; autowireMode=3; dependencyCheck=0; autowireCandidate=true; primary=false; factoryBeanName=org.springframework.boot.autoconfigure.web.servlet.WebMvcAutoConfiguration$EnableWebMvcConfiguration; factoryMethodName=httpRequestHandlerAdapter; initMethodName=null; destroyMethodName=(inferred); defined in class path resource [org/springframework/boot/autoconfigure/web/servlet/WebMvcAutoConfiguration$EnableWebMvcConfiguration.class]] with [Root bean: class [null]; scope=; abstract=false; lazyInit=false; autowireMode=3; dependencyCheck=0; autowireCandidate=true; primary=false; factoryBeanName=org.springframework.data.rest.webmvc.config.RepositoryRestMvcConfiguration; factoryMethodName=httpRequestHandlerAdapter; initMethodName=null; destroyMethodName=(inferred); defined in class path resource [org/springframework/data/rest/webmvc/config/RepositoryRestMvcConfiguration.class]]
    2018-04-24 14:28:32.560  INFO 20521 --- [    Test worker] trationDelegate$BeanPostProcessorChecker : Bean 'org.springframework.transaction.annotation.ProxyTransactionManagementConfiguration' of type [org.springframework.transaction.annotation.ProxyTransactionManagementConfiguration$$EnhancerBySpringCGLIB$$5b761c33] is not eligible for getting processed by all BeanPostProcessors (for example: not eligible for auto-proxying)
    2018-04-24 14:28:32.898  INFO 20521 --- [    Test worker] com.zaxxer.hikari.HikariDataSource       : HikariPool-2 - Starting...
    2018-04-24 14:28:33.685  INFO 20521 --- [    Test worker] com.zaxxer.hikari.HikariDataSource       : HikariPool-2 - Start completed.
    2018-04-24 14:28:33.760  INFO 20521 --- [    Test worker] liquibase                                : Successfully acquired change log lock
    2018-04-24 14:28:33.936  INFO 20521 --- [    Test worker] liquibase                                : Reading from crossblogs.DATABASECHANGELOG
    2018-04-24 14:28:33.993  INFO 20521 --- [    Test worker] liquibase                                : Successfully released change log lock
    2018-04-24 14:28:34.084  INFO 20521 --- [    Test worker] j.LocalContainerEntityManagerFactoryBean : Building JPA container EntityManagerFactory for persistence unit 'default'
    2018-04-24 14:28:34.085  INFO 20521 --- [    Test worker] o.hibernate.jpa.internal.util.LogHelper  : HHH000204: Processing PersistenceUnitInfo [
    	name: default
    	...]
    2018-04-24 14:28:34.096  INFO 20521 --- [    Test worker] org.hibernate.dialect.Dialect            : HHH000400: Using dialect: org.hibernate.dialect.MySQL5Dialect
    2018-04-24 14:28:34.166  INFO 20521 --- [    Test worker] j.LocalContainerEntityManagerFactoryBean : Initialized JPA EntityManagerFactory for persistence unit 'default'
    2018-04-24 14:28:34.277  INFO 20521 --- [    Test worker] o.h.h.i.QueryTranslatorFactoryInitiator  : HHH000397: Using ASTQueryTranslatorFactory
    2018-04-24 14:28:35.058  INFO 20521 --- [    Test worker] s.w.s.m.m.a.RequestMappingHandlerAdapter : Looking for @ControllerAdvice: org.springframework.web.context.support.GenericWebApplicationContext@2cfc9fb4: startup date [Tue Apr 24 14:28:31 EET 2018]; root of context hierarchy
    2018-04-24 14:28:35.070  WARN 20521 --- [    Test worker] aWebConfiguration$JpaWebMvcConfiguration : spring.jpa.open-in-view is enabled by default. Therefore, database queries may be performed during view rendering. Explicitly configure spring.jpa.open-in-view to disable this warning
    2018-04-24 14:28:35.093  INFO 20521 --- [    Test worker] s.w.s.m.m.a.RequestMappingHandlerMapping : Mapped "{[/articles],methods=[POST]}" onto public org.springframework.http.ResponseEntity<com.crossover.techtrial.model.Article> com.crossover.techtrial.controller.ArticleController.createArticle(com.crossover.techtrial.model.Article)
    2018-04-24 14:28:35.094  INFO 20521 --- [    Test worker] s.w.s.m.m.a.RequestMappingHandlerMapping : Mapped "{[/articles],methods=[PUT]}" onto public org.springframework.http.ResponseEntity<com.crossover.techtrial.model.Article> com.crossover.techtrial.controller.ArticleController.updateArticle(com.crossover.techtrial.model.Article)
    2018-04-24 14:28:35.094  INFO 20521 --- [    Test worker] s.w.s.m.m.a.RequestMappingHandlerMapping : Mapped "{[/articles/{article-id}],methods=[DELETE]}" onto public org.springframework.http.ResponseEntity<com.crossover.techtrial.model.Article> com.crossover.techtrial.controller.ArticleController.deleteArticleById(java.lang.Long)
    2018-04-24 14:28:35.095  INFO 20521 --- [    Test worker] s.w.s.m.m.a.RequestMappingHandlerMapping : Mapped "{[/articles/search],methods=[GET]}" onto public org.springframework.http.ResponseEntity<java.util.List<com.crossover.techtrial.model.Article>> com.crossover.techtrial.controller.ArticleController.searchArticles(java.lang.String)
    2018-04-24 14:28:35.095  INFO 20521 --- [    Test worker] s.w.s.m.m.a.RequestMappingHandlerMapping : Mapped "{[/articles/{article-id}],methods=[GET]}" onto public org.springframework.http.ResponseEntity<com.crossover.techtrial.model.Article> com.crossover.techtrial.controller.ArticleController.getArticleById(java.lang.Long)
    2018-04-24 14:28:35.096  INFO 20521 --- [    Test worker] s.w.s.m.m.a.RequestMappingHandlerMapping : Mapped "{[/articles],methods=[GET]}" onto public org.springframework.http.ResponseEntity<java.util.List<com.crossover.techtrial.model.Article>> com.crossover.techtrial.controller.ArticleController.getArticleById()
    2018-04-24 14:28:35.098  INFO 20521 --- [    Test worker] s.w.s.m.m.a.RequestMappingHandlerMapping : Mapped "{[/comments/{comment-id}],methods=[DELETE]}" onto public org.springframework.http.ResponseEntity<com.crossover.techtrial.model.Article> com.crossover.techtrial.controller.CommentController.deleteArticleById(java.lang.Long)
    2018-04-24 14:28:35.098  INFO 20521 --- [    Test worker] s.w.s.m.m.a.RequestMappingHandlerMapping : Mapped "{[/comments],methods=[POST]}" onto public org.springframework.http.ResponseEntity<com.crossover.techtrial.model.Comment> com.crossover.techtrial.controller.CommentController.createComment(com.crossover.techtrial.model.Comment)
    2018-04-24 14:28:35.099  INFO 20521 --- [    Test worker] s.w.s.m.m.a.RequestMappingHandlerMapping : Mapped "{[/comments/{comments-id}],methods=[GET]}" onto public org.springframework.http.ResponseEntity<com.crossover.techtrial.model.Comment> com.crossover.techtrial.controller.CommentController.getCommentById(java.lang.Long)
    2018-04-24 14:28:35.099  INFO 20521 --- [    Test worker] s.w.s.m.m.a.RequestMappingHandlerMapping : Mapped "{[/comments],methods=[PUT]}" onto public org.springframework.http.ResponseEntity<com.crossover.techtrial.model.Comment> com.crossover.techtrial.controller.CommentController.updateComment(com.crossover.techtrial.model.Comment)
    2018-04-24 14:28:35.104  INFO 20521 --- [    Test worker] s.w.s.m.m.a.RequestMappingHandlerMapping : Mapped "{[/error],produces=[text/html]}" onto public org.springframework.web.servlet.ModelAndView org.springframework.boot.autoconfigure.web.servlet.error.BasicErrorController.errorHtml(javax.servlet.http.HttpServletRequest,javax.servlet.http.HttpServletResponse)
    2018-04-24 14:28:35.105  INFO 20521 --- [    Test worker] s.w.s.m.m.a.RequestMappingHandlerMapping : Mapped "{[/error]}" onto public org.springframework.http.ResponseEntity<java.util.Map<java.lang.String, java.lang.Object>> org.springframework.boot.autoconfigure.web.servlet.error.BasicErrorController.error(javax.servlet.http.HttpServletRequest)
    2018-04-24 14:28:35.166  INFO 20521 --- [    Test worker] o.s.w.s.handler.SimpleUrlHandlerMapping  : Mapped URL path [/webjars/**] onto handler of type [class org.springframework.web.servlet.resource.ResourceHttpRequestHandler]
    2018-04-24 14:28:35.167  INFO 20521 --- [    Test worker] o.s.w.s.handler.SimpleUrlHandlerMapping  : Mapped URL path [/**] onto handler of type [class org.springframework.web.servlet.resource.ResourceHttpRequestHandler]
    2018-04-24 14:28:35.189  INFO 20521 --- [    Test worker] .m.m.a.ExceptionHandlerExceptionResolver : Detected @ExceptionHandler methods in globalExceptionHandler
    2018-04-24 14:28:35.190  INFO 20521 --- [    Test worker] .m.m.a.ExceptionHandlerExceptionResolver : Detected @ExceptionHandler methods in repositoryRestExceptionHandler
    2018-04-24 14:28:35.253  INFO 20521 --- [    Test worker] o.s.w.s.handler.SimpleUrlHandlerMapping  : Mapped URL path [/**/favicon.ico] onto handler of type [class org.springframework.web.servlet.resource.ResourceHttpRequestHandler]
    2018-04-24 14:28:35.391  INFO 20521 --- [    Test worker] o.s.d.r.w.RepositoryRestHandlerAdapter   : Looking for @ControllerAdvice: org.springframework.web.context.support.GenericWebApplicationContext@2cfc9fb4: startup date [Tue Apr 24 14:28:31 EET 2018]; root of context hierarchy
    2018-04-24 14:28:35.405  INFO 20521 --- [    Test worker] o.s.d.r.w.RepositoryRestHandlerMapping   : Mapped "{[/api/{repository}],methods=[OPTIONS],produces=[application/hal+json || application/json]}" onto public org.springframework.http.ResponseEntity<?> org.springframework.data.rest.webmvc.RepositoryEntityController.optionsForCollectionResource(org.springframework.data.rest.webmvc.RootResourceInformation)
    2018-04-24 14:28:35.406  INFO 20521 --- [    Test worker] o.s.d.r.w.RepositoryRestHandlerMapping   : Mapped "{[/api/{repository}],methods=[HEAD],produces=[application/hal+json || application/json]}" onto public org.springframework.http.ResponseEntity<?> org.springframework.data.rest.webmvc.RepositoryEntityController.headCollectionResource(org.springframework.data.rest.webmvc.RootResourceInformation,org.springframework.data.rest.webmvc.support.DefaultedPageable) throws org.springframework.web.HttpRequestMethodNotSupportedException
    2018-04-24 14:28:35.406  INFO 20521 --- [    Test worker] o.s.d.r.w.RepositoryRestHandlerMapping   : Mapped "{[/api/{repository}],methods=[GET],produces=[application/x-spring-data-compact+json || text/uri-list]}" onto public org.springframework.hateoas.Resources<?> org.springframework.data.rest.webmvc.RepositoryEntityController.getCollectionResourceCompact(org.springframework.data.rest.webmvc.RootResourceInformation,org.springframework.data.rest.webmvc.support.DefaultedPageable,org.springframework.data.domain.Sort,org.springframework.data.rest.webmvc.PersistentEntityResourceAssembler) throws org.springframework.data.rest.webmvc.ResourceNotFoundException,org.springframework.web.HttpRequestMethodNotSupportedException
    2018-04-24 14:28:35.407  INFO 20521 --- [    Test worker] o.s.d.r.w.RepositoryRestHandlerMapping   : Mapped "{[/api/{repository}],methods=[GET],produces=[application/hal+json || application/json]}" onto public org.springframework.hateoas.Resources<?> org.springframework.data.rest.webmvc.RepositoryEntityController.getCollectionResource(org.springframework.data.rest.webmvc.RootResourceInformation,org.springframework.data.rest.webmvc.support.DefaultedPageable,org.springframework.data.domain.Sort,org.springframework.data.rest.webmvc.PersistentEntityResourceAssembler) throws org.springframework.data.rest.webmvc.ResourceNotFoundException,org.springframework.web.HttpRequestMethodNotSupportedException
    2018-04-24 14:28:35.407  INFO 20521 --- [    Test worker] o.s.d.r.w.RepositoryRestHandlerMapping   : Mapped "{[/api/{repository}],methods=[POST],produces=[application/hal+json || application/json]}" onto public org.springframework.http.ResponseEntity<org.springframework.hateoas.ResourceSupport> org.springframework.data.rest.webmvc.RepositoryEntityController.postCollectionResource(org.springframework.data.rest.webmvc.RootResourceInformation,org.springframework.data.rest.webmvc.PersistentEntityResource,org.springframework.data.rest.webmvc.PersistentEntityResourceAssembler,java.lang.String) throws org.springframework.web.HttpRequestMethodNotSupportedException
    2018-04-24 14:28:35.408  INFO 20521 --- [    Test worker] o.s.d.r.w.RepositoryRestHandlerMapping   : Mapped "{[/api/{repository}/{id}],methods=[OPTIONS],produces=[application/hal+json || application/json]}" onto public org.springframework.http.ResponseEntity<?> org.springframework.data.rest.webmvc.RepositoryEntityController.optionsForItemResource(org.springframework.data.rest.webmvc.RootResourceInformation)
    2018-04-24 14:28:35.408  INFO 20521 --- [    Test worker] o.s.d.r.w.RepositoryRestHandlerMapping   : Mapped "{[/api/{repository}/{id}],methods=[HEAD],produces=[application/hal+json || application/json]}" onto public org.springframework.http.ResponseEntity<?> org.springframework.data.rest.webmvc.RepositoryEntityController.headForItemResource(org.springframework.data.rest.webmvc.RootResourceInformation,java.io.Serializable,org.springframework.data.rest.webmvc.PersistentEntityResourceAssembler) throws org.springframework.web.HttpRequestMethodNotSupportedException
    2018-04-24 14:28:35.409  INFO 20521 --- [    Test worker] o.s.d.r.w.RepositoryRestHandlerMapping   : Mapped "{[/api/{repository}/{id}],methods=[GET],produces=[application/hal+json || application/json]}" onto public org.springframework.http.ResponseEntity<org.springframework.hateoas.Resource<?>> org.springframework.data.rest.webmvc.RepositoryEntityController.getItemResource(org.springframework.data.rest.webmvc.RootResourceInformation,java.io.Serializable,org.springframework.data.rest.webmvc.PersistentEntityResourceAssembler,org.springframework.http.HttpHeaders) throws org.springframework.web.HttpRequestMethodNotSupportedException
    2018-04-24 14:28:35.410  INFO 20521 --- [    Test worker] o.s.d.r.w.RepositoryRestHandlerMapping   : Mapped "{[/api/{repository}/{id}],methods=[PUT],produces=[application/hal+json || application/json]}" onto public org.springframework.http.ResponseEntity<? extends org.springframework.hateoas.ResourceSupport> org.springframework.data.rest.webmvc.RepositoryEntityController.putItemResource(org.springframework.data.rest.webmvc.RootResourceInformation,org.springframework.data.rest.webmvc.PersistentEntityResource,java.io.Serializable,org.springframework.data.rest.webmvc.PersistentEntityResourceAssembler,org.springframework.data.rest.webmvc.support.ETag,java.lang.String) throws org.springframework.web.HttpRequestMethodNotSupportedException
    2018-04-24 14:28:35.410  INFO 20521 --- [    Test worker] o.s.d.r.w.RepositoryRestHandlerMapping   : Mapped "{[/api/{repository}/{id}],methods=[PATCH],produces=[application/hal+json || application/json]}" onto public org.springframework.http.ResponseEntity<org.springframework.hateoas.ResourceSupport> org.springframework.data.rest.webmvc.RepositoryEntityController.patchItemResource(org.springframework.data.rest.webmvc.RootResourceInformation,org.springframework.data.rest.webmvc.PersistentEntityResource,java.io.Serializable,org.springframework.data.rest.webmvc.PersistentEntityResourceAssembler,org.springframework.data.rest.webmvc.support.ETag,java.lang.String) throws org.springframework.web.HttpRequestMethodNotSupportedException,org.springframework.data.rest.webmvc.ResourceNotFoundException
    2018-04-24 14:28:35.411  INFO 20521 --- [    Test worker] o.s.d.r.w.RepositoryRestHandlerMapping   : Mapped "{[/api/{repository}/{id}],methods=[DELETE],produces=[application/hal+json || application/json]}" onto public org.springframework.http.ResponseEntity<?> org.springframework.data.rest.webmvc.RepositoryEntityController.deleteItemResource(org.springframework.data.rest.webmvc.RootResourceInformation,java.io.Serializable,org.springframework.data.rest.webmvc.support.ETag) throws org.springframework.data.rest.webmvc.ResourceNotFoundException,org.springframework.web.HttpRequestMethodNotSupportedException
    2018-04-24 14:28:35.412  INFO 20521 --- [    Test worker] o.s.d.r.w.RepositoryRestHandlerMapping   : Mapped "{[/api/ || /api],methods=[OPTIONS],produces=[application/hal+json || application/json]}" onto public org.springframework.http.HttpEntity<?> org.springframework.data.rest.webmvc.RepositoryController.optionsForRepositories()
    2018-04-24 14:28:35.412  INFO 20521 --- [    Test worker] o.s.d.r.w.RepositoryRestHandlerMapping   : Mapped "{[/api/ || /api],methods=[HEAD],produces=[application/hal+json || application/json]}" onto public org.springframework.http.ResponseEntity<?> org.springframework.data.rest.webmvc.RepositoryController.headForRepositories()
    2018-04-24 14:28:35.413  INFO 20521 --- [    Test worker] o.s.d.r.w.RepositoryRestHandlerMapping   : Mapped "{[/api/ || /api],methods=[GET],produces=[application/hal+json || application/json]}" onto public org.springframework.http.HttpEntity<org.springframework.data.rest.webmvc.RepositoryLinksResource> org.springframework.data.rest.webmvc.RepositoryController.listRepositories()
    2018-04-24 14:28:35.416  INFO 20521 --- [    Test worker] o.s.d.r.w.RepositoryRestHandlerMapping   : Mapped "{[/api/{repository}/{id}/{property}],methods=[DELETE],produces=[application/hal+json || application/json]}" onto public org.springframework.http.ResponseEntity<? extends org.springframework.hateoas.ResourceSupport> org.springframework.data.rest.webmvc.RepositoryPropertyReferenceController.deletePropertyReference(org.springframework.data.rest.webmvc.RootResourceInformation,java.io.Serializable,java.lang.String) throws java.lang.Exception
    2018-04-24 14:28:35.416  INFO 20521 --- [    Test worker] o.s.d.r.w.RepositoryRestHandlerMapping   : Mapped "{[/api/{repository}/{id}/{property}],methods=[GET],produces=[application/x-spring-data-compact+json || text/uri-list]}" onto public org.springframework.http.ResponseEntity<org.springframework.hateoas.ResourceSupport> org.springframework.data.rest.webmvc.RepositoryPropertyReferenceController.followPropertyReferenceCompact(org.springframework.data.rest.webmvc.RootResourceInformation,java.io.Serializable,java.lang.String,org.springframework.data.rest.webmvc.PersistentEntityResourceAssembler) throws java.lang.Exception
    2018-04-24 14:28:35.417  INFO 20521 --- [    Test worker] o.s.d.r.w.RepositoryRestHandlerMapping   : Mapped "{[/api/{repository}/{id}/{property}],methods=[PATCH || PUT || POST],consumes=[application/json || application/x-spring-data-compact+json || text/uri-list],produces=[application/hal+json || application/json]}" onto public org.springframework.http.ResponseEntity<? extends org.springframework.hateoas.ResourceSupport> org.springframework.data.rest.webmvc.RepositoryPropertyReferenceController.createPropertyReference(org.springframework.data.rest.webmvc.RootResourceInformation,org.springframework.http.HttpMethod,org.springframework.hateoas.Resources<java.lang.Object>,java.io.Serializable,java.lang.String) throws java.lang.Exception
    2018-04-24 14:28:35.418  INFO 20521 --- [    Test worker] o.s.d.r.w.RepositoryRestHandlerMapping   : Mapped "{[/api/{repository}/{id}/{property}/{propertyId}],methods=[DELETE],produces=[application/hal+json || application/json]}" onto public org.springframework.http.ResponseEntity<org.springframework.hateoas.ResourceSupport> org.springframework.data.rest.webmvc.RepositoryPropertyReferenceController.deletePropertyReferenceId(org.springframework.data.rest.webmvc.RootResourceInformation,java.io.Serializable,java.lang.String,java.lang.String) throws java.lang.Exception
    2018-04-24 14:28:35.418  INFO 20521 --- [    Test worker] o.s.d.r.w.RepositoryRestHandlerMapping   : Mapped "{[/api/{repository}/{id}/{property}/{propertyId}],methods=[GET],produces=[application/hal+json || application/json]}" onto public org.springframework.http.ResponseEntity<org.springframework.hateoas.ResourceSupport> org.springframework.data.rest.webmvc.RepositoryPropertyReferenceController.followPropertyReference(org.springframework.data.rest.webmvc.RootResourceInformation,java.io.Serializable,java.lang.String,java.lang.String,org.springframework.data.rest.webmvc.PersistentEntityResourceAssembler) throws java.lang.Exception
    2018-04-24 14:28:35.419  INFO 20521 --- [    Test worker] o.s.d.r.w.RepositoryRestHandlerMapping   : Mapped "{[/api/{repository}/{id}/{property}],methods=[GET],produces=[application/hal+json || application/json]}" onto public org.springframework.http.ResponseEntity<org.springframework.hateoas.ResourceSupport> org.springframework.data.rest.webmvc.RepositoryPropertyReferenceController.followPropertyReference(org.springframework.data.rest.webmvc.RootResourceInformation,java.io.Serializable,java.lang.String,org.springframework.data.rest.webmvc.PersistentEntityResourceAssembler) throws java.lang.Exception
    2018-04-24 14:28:35.420  INFO 20521 --- [    Test worker] o.s.d.r.w.RepositoryRestHandlerMapping   : Mapped "{[/api/{repository}/search],methods=[HEAD],produces=[application/hal+json || application/json]}" onto public org.springframework.http.HttpEntity<?> org.springframework.data.rest.webmvc.RepositorySearchController.headForSearches(org.springframework.data.rest.webmvc.RootResourceInformation)
    2018-04-24 14:28:35.421  INFO 20521 --- [    Test worker] o.s.d.r.w.RepositoryRestHandlerMapping   : Mapped "{[/api/{repository}/search],methods=[GET],produces=[application/hal+json || application/json]}" onto public org.springframework.data.rest.webmvc.RepositorySearchesResource org.springframework.data.rest.webmvc.RepositorySearchController.listSearches(org.springframework.data.rest.webmvc.RootResourceInformation)
    2018-04-24 14:28:35.422  INFO 20521 --- [    Test worker] o.s.d.r.w.RepositoryRestHandlerMapping   : Mapped "{[/api/{repository}/search/{search}],methods=[GET],produces=[application/hal+json || application/json]}" onto public org.springframework.http.ResponseEntity<?> org.springframework.data.rest.webmvc.RepositorySearchController.executeSearch(org.springframework.data.rest.webmvc.RootResourceInformation,org.springframework.util.MultiValueMap<java.lang.String, java.lang.Object>,java.lang.String,org.springframework.data.rest.webmvc.support.DefaultedPageable,org.springframework.data.domain.Sort,org.springframework.data.rest.webmvc.PersistentEntityResourceAssembler,org.springframework.http.HttpHeaders)
    2018-04-24 14:28:35.422  INFO 20521 --- [    Test worker] o.s.d.r.w.RepositoryRestHandlerMapping   : Mapped "{[/api/{repository}/search/{search}],methods=[GET],produces=[application/x-spring-data-compact+json]}" onto public org.springframework.hateoas.ResourceSupport org.springframework.data.rest.webmvc.RepositorySearchController.executeSearchCompact(org.springframework.data.rest.webmvc.RootResourceInformation,org.springframework.http.HttpHeaders,org.springframework.util.MultiValueMap<java.lang.String, java.lang.Object>,java.lang.String,java.lang.String,org.springframework.data.rest.webmvc.support.DefaultedPageable,org.springframework.data.domain.Sort,org.springframework.data.rest.webmvc.PersistentEntityResourceAssembler)
    2018-04-24 14:28:35.423  INFO 20521 --- [    Test worker] o.s.d.r.w.RepositoryRestHandlerMapping   : Mapped "{[/api/{repository}/search/{search}],methods=[OPTIONS],produces=[application/hal+json || application/json]}" onto public org.springframework.http.ResponseEntity<java.lang.Object> org.springframework.data.rest.webmvc.RepositorySearchController.optionsForSearch(org.springframework.data.rest.webmvc.RootResourceInformation,java.lang.String)
    2018-04-24 14:28:35.423  INFO 20521 --- [    Test worker] o.s.d.r.w.RepositoryRestHandlerMapping   : Mapped "{[/api/{repository}/search/{search}],methods=[HEAD],produces=[application/hal+json || application/json]}" onto public org.springframework.http.ResponseEntity<java.lang.Object> org.springframework.data.rest.webmvc.RepositorySearchController.headForSearch(org.springframework.data.rest.webmvc.RootResourceInformation,java.lang.String)
    2018-04-24 14:28:35.424  INFO 20521 --- [    Test worker] o.s.d.r.w.RepositoryRestHandlerMapping   : Mapped "{[/api/{repository}/search],methods=[OPTIONS],produces=[application/hal+json || application/json]}" onto public org.springframework.http.HttpEntity<?> org.springframework.data.rest.webmvc.RepositorySearchController.optionsForSearches(org.springframework.data.rest.webmvc.RootResourceInformation)
    2018-04-24 14:28:35.427  INFO 20521 --- [    Test worker] o.s.d.r.w.BasePathAwareHandlerMapping    : Mapped "{[/api/profile/{repository}],methods=[GET],produces=[application/schema+json]}" onto public org.springframework.http.HttpEntity<org.springframework.data.rest.webmvc.json.JsonSchema> org.springframework.data.rest.webmvc.RepositorySchemaController.schema(org.springframework.data.rest.webmvc.RootResourceInformation)
    2018-04-24 14:28:35.428  INFO 20521 --- [    Test worker] o.s.d.r.w.BasePathAwareHandlerMapping    : Mapped "{[/api/profile],methods=[OPTIONS]}" onto public org.springframework.http.HttpEntity<?> org.springframework.data.rest.webmvc.ProfileController.profileOptions()
    2018-04-24 14:28:35.428  INFO 20521 --- [    Test worker] o.s.d.r.w.BasePathAwareHandlerMapping    : Mapped "{[/api/profile],methods=[GET]}" onto org.springframework.http.HttpEntity<org.springframework.hateoas.ResourceSupport> org.springframework.data.rest.webmvc.ProfileController.listAllFormsOfMetadata()
    2018-04-24 14:28:35.429  INFO 20521 --- [    Test worker] o.s.d.r.w.BasePathAwareHandlerMapping    : Mapped "{[/api/profile/{repository}],methods=[OPTIONS],produces=[application/alps+json]}" onto org.springframework.http.HttpEntity<?> org.springframework.data.rest.webmvc.alps.AlpsController.alpsOptions()
    2018-04-24 14:28:35.429  INFO 20521 --- [    Test worker] o.s.d.r.w.BasePathAwareHandlerMapping    : Mapped "{[/api/profile/{repository}],methods=[GET],produces=[application/alps+json || */*]}" onto org.springframework.http.HttpEntity<org.springframework.data.rest.webmvc.RootResourceInformation> org.springframework.data.rest.webmvc.alps.AlpsController.descriptor(org.springframework.data.rest.webmvc.RootResourceInformation)
    2018-04-24 14:28:35.681  INFO 20521 --- [    Test worker] c.c.t.CrossBlogsApplicationTests         : Started CrossBlogsApplicationTests in 3.857 seconds (JVM running for 23.016)

com.crossover.techtrial.controller.ArticleControllerTest STANDARD_OUT
    2018-04-24 14:28:35.713  INFO 20521 --- [    Test worker] .b.t.c.SpringBootTestContextBootstrapper : Neither @ContextConfiguration nor @ContextHierarchy found for test class [com.crossover.techtrial.controller.ArticleControllerTest], using SpringBootContextLoader
    2018-04-24 14:28:35.713  INFO 20521 --- [    Test worker] o.s.t.c.support.AbstractContextLoader    : Could not detect default resource locations for test class [com.crossover.techtrial.controller.ArticleControllerTest]: no resource found for suffixes {-context.xml, Context.groovy}.
    2018-04-24 14:28:35.713  INFO 20521 --- [    Test worker] t.c.s.AnnotationConfigContextLoaderUtils : Could not detect default configuration classes for test class [com.crossover.techtrial.controller.ArticleControllerTest]: ArticleControllerTest does not declare any static, non-private, non-final, nested classes annotated with @Configuration.
    2018-04-24 14:28:35.722  INFO 20521 --- [    Test worker] .b.t.c.SpringBootTestContextBootstrapper : Found @SpringBootConfiguration com.crossover.techtrial.CrossBlogsApplication for test class com.crossover.techtrial.controller.ArticleControllerTest
    2018-04-24 14:28:35.726  INFO 20521 --- [    Test worker] .b.t.c.SpringBootTestContextBootstrapper : Loaded default TestExecutionListener class names from location [META-INF/spring.factories]: [org.springframework.boot.test.autoconfigure.restdocs.RestDocsTestExecutionListener, org.springframework.boot.test.autoconfigure.web.client.MockRestServiceServerResetTestExecutionListener, org.springframework.boot.test.autoconfigure.web.servlet.MockMvcPrintOnlyOnFailureTestExecutionListener, org.springframework.boot.test.autoconfigure.web.servlet.WebDriverTestExecutionListener, org.springframework.boot.test.mock.mockito.MockitoTestExecutionListener, org.springframework.boot.test.mock.mockito.ResetMocksTestExecutionListener, org.springframework.test.context.web.ServletTestExecutionListener, org.springframework.test.context.support.DirtiesContextBeforeModesTestExecutionListener, org.springframework.test.context.support.DependencyInjectionTestExecutionListener, org.springframework.test.context.support.DirtiesContextTestExecutionListener, org.springframework.test.context.transaction.TransactionalTestExecutionListener, org.springframework.test.context.jdbc.SqlScriptsTestExecutionListener]
    2018-04-24 14:28:35.727  INFO 20521 --- [    Test worker] .b.t.c.SpringBootTestContextBootstrapper : Using TestExecutionListeners: [org.springframework.test.context.web.ServletTestExecutionListener@71d172b6, org.springframework.test.context.support.DirtiesContextBeforeModesTestExecutionListener@6e615642, org.springframework.boot.test.mock.mockito.MockitoTestExecutionListener@580368e1, org.springframework.boot.test.autoconfigure.SpringBootDependencyInjectionTestExecutionListener@7de2a7b1, org.springframework.test.context.support.DirtiesContextTestExecutionListener@75c3e79, org.springframework.test.context.transaction.TransactionalTestExecutionListener@636bab96, org.springframework.test.context.jdbc.SqlScriptsTestExecutionListener@206c937a, org.springframework.boot.test.autoconfigure.restdocs.RestDocsTestExecutionListener@485b77e9, org.springframework.boot.test.autoconfigure.web.client.MockRestServiceServerResetTestExecutionListener@2e12276d, org.springframework.boot.test.autoconfigure.web.servlet.MockMvcPrintOnlyOnFailureTestExecutionListener@109b1e22, org.springframework.boot.test.autoconfigure.web.servlet.WebDriverTestExecutionListener@54a8a808, org.springframework.boot.test.mock.mockito.ResetMocksTestExecutionListener@47df694b]

com.crossover.techtrial.controller.ArticleControllerTest > checkEmailRequired STANDARD_OUT
    2018-04-24 14:28:35.751  INFO 20521 --- [    Test worker] o.s.t.c.transaction.TransactionContext   : Began transaction (1) for test context [DefaultTestContext@46bfa5de testClass = ArticleControllerTest, testInstance = com.crossover.techtrial.controller.ArticleControllerTest@678b6df3, testMethod = checkEmailRequired@ArticleControllerTest, testException = [null], mergedContextConfiguration = [WebMergedContextConfiguration@2286d448 testClass = ArticleControllerTest, locations = '{}', classes = '{class com.crossover.techtrial.CrossBlogsApplication}', contextInitializerClasses = '[]', activeProfiles = '{test}', propertySourceLocations = '{}', propertySourceProperties = '{org.springframework.boot.test.context.SpringBootTestContextBootstrapper=true, server.port=0}', contextCustomizers = set[org.springframework.boot.test.autoconfigure.properties.PropertyMappingContextCustomizer@0, org.springframework.boot.test.autoconfigure.web.servlet.WebDriverContextCustomizerFactory$Customizer@2ecf0ab3, org.springframework.boot.test.context.filter.ExcludeFilterContextCustomizer@1d166fe6, org.springframework.boot.test.json.DuplicateJsonObjectContextCustomizerFactory$DuplicateJsonObjectContextCustomizer@7d547dff, org.springframework.boot.test.mock.mockito.MockitoContextCustomizer@0, org.springframework.boot.test.web.client.TestRestTemplateContextCustomizer@23cc638d], resourceBasePath = 'src/main/webapp', contextLoader = 'org.springframework.boot.test.context.SpringBootContextLoader', parent = [null]], attributes = map['org.springframework.test.context.web.ServletTestExecutionListener.activateListener' -> false]]; transaction manager [org.springframework.orm.jpa.JpaTransactionManager@79c5577c]; rollback [true]
    2018-04-24 14:28:35.788  INFO 20521 --- [    Test worker] s.w.s.m.m.a.RequestMappingHandlerMapping : Mapped "{[/articles],methods=[POST]}" onto public org.springframework.http.ResponseEntity<com.crossover.techtrial.model.Article> com.crossover.techtrial.controller.ArticleController.createArticle(com.crossover.techtrial.model.Article)
    2018-04-24 14:28:35.788  INFO 20521 --- [    Test worker] s.w.s.m.m.a.RequestMappingHandlerMapping : Mapped "{[/articles],methods=[PUT]}" onto public org.springframework.http.ResponseEntity<com.crossover.techtrial.model.Article> com.crossover.techtrial.controller.ArticleController.updateArticle(com.crossover.techtrial.model.Article)
    2018-04-24 14:28:35.789  INFO 20521 --- [    Test worker] s.w.s.m.m.a.RequestMappingHandlerMapping : Mapped "{[/articles/{article-id}],methods=[DELETE]}" onto public org.springframework.http.ResponseEntity<com.crossover.techtrial.model.Article> com.crossover.techtrial.controller.ArticleController.deleteArticleById(java.lang.Long)
    2018-04-24 14:28:35.789  INFO 20521 --- [    Test worker] s.w.s.m.m.a.RequestMappingHandlerMapping : Mapped "{[/articles/search],methods=[GET]}" onto public org.springframework.http.ResponseEntity<java.util.List<com.crossover.techtrial.model.Article>> com.crossover.techtrial.controller.ArticleController.searchArticles(java.lang.String)
    2018-04-24 14:28:35.790  INFO 20521 --- [    Test worker] s.w.s.m.m.a.RequestMappingHandlerMapping : Mapped "{[/articles/{article-id}],methods=[GET]}" onto public org.springframework.http.ResponseEntity<com.crossover.techtrial.model.Article> com.crossover.techtrial.controller.ArticleController.getArticleById(java.lang.Long)
    2018-04-24 14:28:35.790  INFO 20521 --- [    Test worker] s.w.s.m.m.a.RequestMappingHandlerMapping : Mapped "{[/articles],methods=[GET]}" onto public org.springframework.http.ResponseEntity<java.util.List<com.crossover.techtrial.model.Article>> com.crossover.techtrial.controller.ArticleController.getArticleById()
    2018-04-24 14:28:35.804  INFO 20521 --- [    Test worker] s.w.s.m.m.a.RequestMappingHandlerAdapter : Looking for @ControllerAdvice: org.springframework.test.web.servlet.setup.StubWebApplicationContext@3810c64f
    2018-04-24 14:28:35.807  INFO 20521 --- [    Test worker] .m.m.a.ExceptionHandlerExceptionResolver : Detected @ExceptionHandler methods in com.crossover.techtrial.exceptions.GlobalExceptionHandler#390c490
    2018-04-24 14:28:35.815  INFO 20521 --- [    Test worker] o.s.mock.web.MockServletContext          : Initializing Spring FrameworkServlet ''
    2018-04-24 14:28:35.815  INFO 20521 --- [    Test worker] o.s.t.web.servlet.TestDispatcherServlet  : FrameworkServlet '': initialization started
    2018-04-24 14:28:35.816  INFO 20521 --- [    Test worker] o.s.t.web.servlet.TestDispatcherServlet  : FrameworkServlet '': initialization completed in 0 ms
    2018-04-24 14:28:36.203  INFO 20521 --- [    Test worker] o.s.t.c.transaction.TransactionContext   : Rolled back transaction for test context [DefaultTestContext@46bfa5de testClass = ArticleControllerTest, testInstance = com.crossover.techtrial.controller.ArticleControllerTest@678b6df3, testMethod = checkEmailRequired@ArticleControllerTest, testException = [null], mergedContextConfiguration = [WebMergedContextConfiguration@2286d448 testClass = ArticleControllerTest, locations = '{}', classes = '{class com.crossover.techtrial.CrossBlogsApplication}', contextInitializerClasses = '[]', activeProfiles = '{test}', propertySourceLocations = '{}', propertySourceProperties = '{org.springframework.boot.test.context.SpringBootTestContextBootstrapper=true, server.port=0}', contextCustomizers = set[org.springframework.boot.test.autoconfigure.properties.PropertyMappingContextCustomizer@0, org.springframework.boot.test.autoconfigure.web.servlet.WebDriverContextCustomizerFactory$Customizer@2ecf0ab3, org.springframework.boot.test.context.filter.ExcludeFilterContextCustomizer@1d166fe6, org.springframework.boot.test.json.DuplicateJsonObjectContextCustomizerFactory$DuplicateJsonObjectContextCustomizer@7d547dff, org.springframework.boot.test.mock.mockito.MockitoContextCustomizer@0, org.springframework.boot.test.web.client.TestRestTemplateContextCustomizer@23cc638d], resourceBasePath = 'src/main/webapp', contextLoader = 'org.springframework.boot.test.context.SpringBootContextLoader', parent = [null]], attributes = map['org.springframework.test.context.web.ServletTestExecutionListener.activateListener' -> false]].

com.crossover.techtrial.controller.ArticleControllerTest > getAllArticles STANDARD_OUT
    2018-04-24 14:28:36.207  INFO 20521 --- [    Test worker] o.s.t.c.transaction.TransactionContext   : Began transaction (1) for test context [DefaultTestContext@46bfa5de testClass = ArticleControllerTest, testInstance = com.crossover.techtrial.controller.ArticleControllerTest@6351a1d4, testMethod = getAllArticles@ArticleControllerTest, testException = [null], mergedContextConfiguration = [WebMergedContextConfiguration@2286d448 testClass = ArticleControllerTest, locations = '{}', classes = '{class com.crossover.techtrial.CrossBlogsApplication}', contextInitializerClasses = '[]', activeProfiles = '{test}', propertySourceLocations = '{}', propertySourceProperties = '{org.springframework.boot.test.context.SpringBootTestContextBootstrapper=true, server.port=0}', contextCustomizers = set[org.springframework.boot.test.autoconfigure.properties.PropertyMappingContextCustomizer@0, org.springframework.boot.test.autoconfigure.web.servlet.WebDriverContextCustomizerFactory$Customizer@2ecf0ab3, org.springframework.boot.test.context.filter.ExcludeFilterContextCustomizer@1d166fe6, org.springframework.boot.test.json.DuplicateJsonObjectContextCustomizerFactory$DuplicateJsonObjectContextCustomizer@7d547dff, org.springframework.boot.test.mock.mockito.MockitoContextCustomizer@0, org.springframework.boot.test.web.client.TestRestTemplateContextCustomizer@23cc638d], resourceBasePath = 'src/main/webapp', contextLoader = 'org.springframework.boot.test.context.SpringBootContextLoader', parent = [null]], attributes = map['org.springframework.test.context.web.ServletTestExecutionListener.activateListener' -> false]]; transaction manager [org.springframework.orm.jpa.JpaTransactionManager@79c5577c]; rollback [true]
    2018-04-24 14:28:36.213  INFO 20521 --- [    Test worker] s.w.s.m.m.a.RequestMappingHandlerMapping : Mapped "{[/articles],methods=[POST]}" onto public org.springframework.http.ResponseEntity<com.crossover.techtrial.model.Article> com.crossover.techtrial.controller.ArticleController.createArticle(com.crossover.techtrial.model.Article)
    2018-04-24 14:28:36.213  INFO 20521 --- [    Test worker] s.w.s.m.m.a.RequestMappingHandlerMapping : Mapped "{[/articles],methods=[PUT]}" onto public org.springframework.http.ResponseEntity<com.crossover.techtrial.model.Article> com.crossover.techtrial.controller.ArticleController.updateArticle(com.crossover.techtrial.model.Article)
    2018-04-24 14:28:36.213  INFO 20521 --- [    Test worker] s.w.s.m.m.a.RequestMappingHandlerMapping : Mapped "{[/articles/{article-id}],methods=[DELETE]}" onto public org.springframework.http.ResponseEntity<com.crossover.techtrial.model.Article> com.crossover.techtrial.controller.ArticleController.deleteArticleById(java.lang.Long)
    2018-04-24 14:28:36.214  INFO 20521 --- [    Test worker] s.w.s.m.m.a.RequestMappingHandlerMapping : Mapped "{[/articles/search],methods=[GET]}" onto public org.springframework.http.ResponseEntity<java.util.List<com.crossover.techtrial.model.Article>> com.crossover.techtrial.controller.ArticleController.searchArticles(java.lang.String)
    2018-04-24 14:28:36.214  INFO 20521 --- [    Test worker] s.w.s.m.m.a.RequestMappingHandlerMapping : Mapped "{[/articles/{article-id}],methods=[GET]}" onto public org.springframework.http.ResponseEntity<com.crossover.techtrial.model.Article> com.crossover.techtrial.controller.ArticleController.getArticleById(java.lang.Long)
    2018-04-24 14:28:36.214  INFO 20521 --- [    Test worker] s.w.s.m.m.a.RequestMappingHandlerMapping : Mapped "{[/articles],methods=[GET]}" onto public org.springframework.http.ResponseEntity<java.util.List<com.crossover.techtrial.model.Article>> com.crossover.techtrial.controller.ArticleController.getArticleById()
    2018-04-24 14:28:36.226  INFO 20521 --- [    Test worker] s.w.s.m.m.a.RequestMappingHandlerAdapter : Looking for @ControllerAdvice: org.springframework.test.web.servlet.setup.StubWebApplicationContext@18450890
    2018-04-24 14:28:36.231  INFO 20521 --- [    Test worker] .m.m.a.ExceptionHandlerExceptionResolver : Detected @ExceptionHandler methods in com.crossover.techtrial.exceptions.GlobalExceptionHandler#390c490
    2018-04-24 14:28:36.231  INFO 20521 --- [    Test worker] o.s.mock.web.MockServletContext          : Initializing Spring FrameworkServlet ''
    2018-04-24 14:28:36.231  INFO 20521 --- [    Test worker] o.s.t.web.servlet.TestDispatcherServlet  : FrameworkServlet '': initialization started
    2018-04-24 14:28:36.232  INFO 20521 --- [    Test worker] o.s.t.web.servlet.TestDispatcherServlet  : FrameworkServlet '': initialization completed in 1 ms
    2018-04-24 14:28:36.309  INFO 20521 --- [    Test worker] o.s.t.c.transaction.TransactionContext   : Rolled back transaction for test context [DefaultTestContext@46bfa5de testClass = ArticleControllerTest, testInstance = com.crossover.techtrial.controller.ArticleControllerTest@6351a1d4, testMethod = getAllArticles@ArticleControllerTest, testException = [null], mergedContextConfiguration = [WebMergedContextConfiguration@2286d448 testClass = ArticleControllerTest, locations = '{}', classes = '{class com.crossover.techtrial.CrossBlogsApplication}', contextInitializerClasses = '[]', activeProfiles = '{test}', propertySourceLocations = '{}', propertySourceProperties = '{org.springframework.boot.test.context.SpringBootTestContextBootstrapper=true, server.port=0}', contextCustomizers = set[org.springframework.boot.test.autoconfigure.properties.PropertyMappingContextCustomizer@0, org.springframework.boot.test.autoconfigure.web.servlet.WebDriverContextCustomizerFactory$Customizer@2ecf0ab3, org.springframework.boot.test.context.filter.ExcludeFilterContextCustomizer@1d166fe6, org.springframework.boot.test.json.DuplicateJsonObjectContextCustomizerFactory$DuplicateJsonObjectContextCustomizer@7d547dff, org.springframework.boot.test.mock.mockito.MockitoContextCustomizer@0, org.springframework.boot.test.web.client.TestRestTemplateContextCustomizer@23cc638d], resourceBasePath = 'src/main/webapp', contextLoader = 'org.springframework.boot.test.context.SpringBootContextLoader', parent = [null]], attributes = map['org.springframework.test.context.web.ServletTestExecutionListener.activateListener' -> false]].

com.crossover.techtrial.controller.ArticleControllerTest > checkTitleLength STANDARD_OUT
    2018-04-24 14:28:36.312  INFO 20521 --- [    Test worker] o.s.t.c.transaction.TransactionContext   : Began transaction (1) for test context [DefaultTestContext@46bfa5de testClass = ArticleControllerTest, testInstance = com.crossover.techtrial.controller.ArticleControllerTest@6aee50a3, testMethod = checkTitleLength@ArticleControllerTest, testException = [null], mergedContextConfiguration = [WebMergedContextConfiguration@2286d448 testClass = ArticleControllerTest, locations = '{}', classes = '{class com.crossover.techtrial.CrossBlogsApplication}', contextInitializerClasses = '[]', activeProfiles = '{test}', propertySourceLocations = '{}', propertySourceProperties = '{org.springframework.boot.test.context.SpringBootTestContextBootstrapper=true, server.port=0}', contextCustomizers = set[org.springframework.boot.test.autoconfigure.properties.PropertyMappingContextCustomizer@0, org.springframework.boot.test.autoconfigure.web.servlet.WebDriverContextCustomizerFactory$Customizer@2ecf0ab3, org.springframework.boot.test.context.filter.ExcludeFilterContextCustomizer@1d166fe6, org.springframework.boot.test.json.DuplicateJsonObjectContextCustomizerFactory$DuplicateJsonObjectContextCustomizer@7d547dff, org.springframework.boot.test.mock.mockito.MockitoContextCustomizer@0, org.springframework.boot.test.web.client.TestRestTemplateContextCustomizer@23cc638d], resourceBasePath = 'src/main/webapp', contextLoader = 'org.springframework.boot.test.context.SpringBootContextLoader', parent = [null]], attributes = map['org.springframework.test.context.web.ServletTestExecutionListener.activateListener' -> false]]; transaction manager [org.springframework.orm.jpa.JpaTransactionManager@79c5577c]; rollback [true]
    2018-04-24 14:28:36.320  INFO 20521 --- [    Test worker] s.w.s.m.m.a.RequestMappingHandlerMapping : Mapped "{[/articles],methods=[POST]}" onto public org.springframework.http.ResponseEntity<com.crossover.techtrial.model.Article> com.crossover.techtrial.controller.ArticleController.createArticle(com.crossover.techtrial.model.Article)
    2018-04-24 14:28:36.321  INFO 20521 --- [    Test worker] s.w.s.m.m.a.RequestMappingHandlerMapping : Mapped "{[/articles],methods=[PUT]}" onto public org.springframework.http.ResponseEntity<com.crossover.techtrial.model.Article> com.crossover.techtrial.controller.ArticleController.updateArticle(com.crossover.techtrial.model.Article)
    2018-04-24 14:28:36.321  INFO 20521 --- [    Test worker] s.w.s.m.m.a.RequestMappingHandlerMapping : Mapped "{[/articles/{article-id}],methods=[DELETE]}" onto public org.springframework.http.ResponseEntity<com.crossover.techtrial.model.Article> com.crossover.techtrial.controller.ArticleController.deleteArticleById(java.lang.Long)
    2018-04-24 14:28:36.321  INFO 20521 --- [    Test worker] s.w.s.m.m.a.RequestMappingHandlerMapping : Mapped "{[/articles/search],methods=[GET]}" onto public org.springframework.http.ResponseEntity<java.util.List<com.crossover.techtrial.model.Article>> com.crossover.techtrial.controller.ArticleController.searchArticles(java.lang.String)
    2018-04-24 14:28:36.321  INFO 20521 --- [    Test worker] s.w.s.m.m.a.RequestMappingHandlerMapping : Mapped "{[/articles/{article-id}],methods=[GET]}" onto public org.springframework.http.ResponseEntity<com.crossover.techtrial.model.Article> com.crossover.techtrial.controller.ArticleController.getArticleById(java.lang.Long)
    2018-04-24 14:28:36.322  INFO 20521 --- [    Test worker] s.w.s.m.m.a.RequestMappingHandlerMapping : Mapped "{[/articles],methods=[GET]}" onto public org.springframework.http.ResponseEntity<java.util.List<com.crossover.techtrial.model.Article>> com.crossover.techtrial.controller.ArticleController.getArticleById()
    2018-04-24 14:28:36.335  INFO 20521 --- [    Test worker] s.w.s.m.m.a.RequestMappingHandlerAdapter : Looking for @ControllerAdvice: org.springframework.test.web.servlet.setup.StubWebApplicationContext@9bfefd1
    2018-04-24 14:28:36.338  INFO 20521 --- [    Test worker] .m.m.a.ExceptionHandlerExceptionResolver : Detected @ExceptionHandler methods in com.crossover.techtrial.exceptions.GlobalExceptionHandler#390c490
    2018-04-24 14:28:36.338  INFO 20521 --- [    Test worker] o.s.mock.web.MockServletContext          : Initializing Spring FrameworkServlet ''
    2018-04-24 14:28:36.339  INFO 20521 --- [    Test worker] o.s.t.web.servlet.TestDispatcherServlet  : FrameworkServlet '': initialization started
    2018-04-24 14:28:36.339  INFO 20521 --- [    Test worker] o.s.t.web.servlet.TestDispatcherServlet  : FrameworkServlet '': initialization completed in 0 ms
    2018-04-24 14:28:36.368  INFO 20521 --- [    Test worker] o.s.t.c.transaction.TransactionContext   : Rolled back transaction for test context [DefaultTestContext@46bfa5de testClass = ArticleControllerTest, testInstance = com.crossover.techtrial.controller.ArticleControllerTest@6aee50a3, testMethod = checkTitleLength@ArticleControllerTest, testException = [null], mergedContextConfiguration = [WebMergedContextConfiguration@2286d448 testClass = ArticleControllerTest, locations = '{}', classes = '{class com.crossover.techtrial.CrossBlogsApplication}', contextInitializerClasses = '[]', activeProfiles = '{test}', propertySourceLocations = '{}', propertySourceProperties = '{org.springframework.boot.test.context.SpringBootTestContextBootstrapper=true, server.port=0}', contextCustomizers = set[org.springframework.boot.test.autoconfigure.properties.PropertyMappingContextCustomizer@0, org.springframework.boot.test.autoconfigure.web.servlet.WebDriverContextCustomizerFactory$Customizer@2ecf0ab3, org.springframework.boot.test.context.filter.ExcludeFilterContextCustomizer@1d166fe6, org.springframework.boot.test.json.DuplicateJsonObjectContextCustomizerFactory$DuplicateJsonObjectContextCustomizer@7d547dff, org.springframework.boot.test.mock.mockito.MockitoContextCustomizer@0, org.springframework.boot.test.web.client.TestRestTemplateContextCustomizer@23cc638d], resourceBasePath = 'src/main/webapp', contextLoader = 'org.springframework.boot.test.context.SpringBootContextLoader', parent = [null]], attributes = map['org.springframework.test.context.web.ServletTestExecutionListener.activateListener' -> false]].

com.crossover.techtrial.controller.ArticleControllerTest > deleteArticle STANDARD_OUT
    2018-04-24 14:28:36.371  INFO 20521 --- [    Test worker] o.s.t.c.transaction.TransactionContext   : Began transaction (1) for test context [DefaultTestContext@46bfa5de testClass = ArticleControllerTest, testInstance = com.crossover.techtrial.controller.ArticleControllerTest@cdefee, testMethod = deleteArticle@ArticleControllerTest, testException = [null], mergedContextConfiguration = [WebMergedContextConfiguration@2286d448 testClass = ArticleControllerTest, locations = '{}', classes = '{class com.crossover.techtrial.CrossBlogsApplication}', contextInitializerClasses = '[]', activeProfiles = '{test}', propertySourceLocations = '{}', propertySourceProperties = '{org.springframework.boot.test.context.SpringBootTestContextBootstrapper=true, server.port=0}', contextCustomizers = set[org.springframework.boot.test.autoconfigure.properties.PropertyMappingContextCustomizer@0, org.springframework.boot.test.autoconfigure.web.servlet.WebDriverContextCustomizerFactory$Customizer@2ecf0ab3, org.springframework.boot.test.context.filter.ExcludeFilterContextCustomizer@1d166fe6, org.springframework.boot.test.json.DuplicateJsonObjectContextCustomizerFactory$DuplicateJsonObjectContextCustomizer@7d547dff, org.springframework.boot.test.mock.mockito.MockitoContextCustomizer@0, org.springframework.boot.test.web.client.TestRestTemplateContextCustomizer@23cc638d], resourceBasePath = 'src/main/webapp', contextLoader = 'org.springframework.boot.test.context.SpringBootContextLoader', parent = [null]], attributes = map['org.springframework.test.context.web.ServletTestExecutionListener.activateListener' -> false]]; transaction manager [org.springframework.orm.jpa.JpaTransactionManager@79c5577c]; rollback [true]
    2018-04-24 14:28:36.375  INFO 20521 --- [    Test worker] s.w.s.m.m.a.RequestMappingHandlerMapping : Mapped "{[/articles],methods=[POST]}" onto public org.springframework.http.ResponseEntity<com.crossover.techtrial.model.Article> com.crossover.techtrial.controller.ArticleController.createArticle(com.crossover.techtrial.model.Article)
    2018-04-24 14:28:36.375  INFO 20521 --- [    Test worker] s.w.s.m.m.a.RequestMappingHandlerMapping : Mapped "{[/articles],methods=[PUT]}" onto public org.springframework.http.ResponseEntity<com.crossover.techtrial.model.Article> com.crossover.techtrial.controller.ArticleController.updateArticle(com.crossover.techtrial.model.Article)
    2018-04-24 14:28:36.376  INFO 20521 --- [    Test worker] s.w.s.m.m.a.RequestMappingHandlerMapping : Mapped "{[/articles/{article-id}],methods=[DELETE]}" onto public org.springframework.http.ResponseEntity<com.crossover.techtrial.model.Article> com.crossover.techtrial.controller.ArticleController.deleteArticleById(java.lang.Long)
    2018-04-24 14:28:36.376  INFO 20521 --- [    Test worker] s.w.s.m.m.a.RequestMappingHandlerMapping : Mapped "{[/articles/search],methods=[GET]}" onto public org.springframework.http.ResponseEntity<java.util.List<com.crossover.techtrial.model.Article>> com.crossover.techtrial.controller.ArticleController.searchArticles(java.lang.String)
    2018-04-24 14:28:36.376  INFO 20521 --- [    Test worker] s.w.s.m.m.a.RequestMappingHandlerMapping : Mapped "{[/articles/{article-id}],methods=[GET]}" onto public org.springframework.http.ResponseEntity<com.crossover.techtrial.model.Article> com.crossover.techtrial.controller.ArticleController.getArticleById(java.lang.Long)
    2018-04-24 14:28:36.377  INFO 20521 --- [    Test worker] s.w.s.m.m.a.RequestMappingHandlerMapping : Mapped "{[/articles],methods=[GET]}" onto public org.springframework.http.ResponseEntity<java.util.List<com.crossover.techtrial.model.Article>> com.crossover.techtrial.controller.ArticleController.getArticleById()
    2018-04-24 14:28:36.387  INFO 20521 --- [    Test worker] s.w.s.m.m.a.RequestMappingHandlerAdapter : Looking for @ControllerAdvice: org.springframework.test.web.servlet.setup.StubWebApplicationContext@732a3194
    2018-04-24 14:28:36.390  INFO 20521 --- [    Test worker] .m.m.a.ExceptionHandlerExceptionResolver : Detected @ExceptionHandler methods in com.crossover.techtrial.exceptions.GlobalExceptionHandler#390c490
    2018-04-24 14:28:36.391  INFO 20521 --- [    Test worker] o.s.mock.web.MockServletContext          : Initializing Spring FrameworkServlet ''
    2018-04-24 14:28:36.391  INFO 20521 --- [    Test worker] o.s.t.web.servlet.TestDispatcherServlet  : FrameworkServlet '': initialization started
    2018-04-24 14:28:36.391  INFO 20521 --- [    Test worker] o.s.t.web.servlet.TestDispatcherServlet  : FrameworkServlet '': initialization completed in 0 ms
    2018-04-24 14:28:36.437  INFO 20521 --- [    Test worker] o.s.t.c.transaction.TransactionContext   : Rolled back transaction for test context [DefaultTestContext@46bfa5de testClass = ArticleControllerTest, testInstance = com.crossover.techtrial.controller.ArticleControllerTest@cdefee, testMethod = deleteArticle@ArticleControllerTest, testException = [null], mergedContextConfiguration = [WebMergedContextConfiguration@2286d448 testClass = ArticleControllerTest, locations = '{}', classes = '{class com.crossover.techtrial.CrossBlogsApplication}', contextInitializerClasses = '[]', activeProfiles = '{test}', propertySourceLocations = '{}', propertySourceProperties = '{org.springframework.boot.test.context.SpringBootTestContextBootstrapper=true, server.port=0}', contextCustomizers = set[org.springframework.boot.test.autoconfigure.properties.PropertyMappingContextCustomizer@0, org.springframework.boot.test.autoconfigure.web.servlet.WebDriverContextCustomizerFactory$Customizer@2ecf0ab3, org.springframework.boot.test.context.filter.ExcludeFilterContextCustomizer@1d166fe6, org.springframework.boot.test.json.DuplicateJsonObjectContextCustomizerFactory$DuplicateJsonObjectContextCustomizer@7d547dff, org.springframework.boot.test.mock.mockito.MockitoContextCustomizer@0, org.springframework.boot.test.web.client.TestRestTemplateContextCustomizer@23cc638d], resourceBasePath = 'src/main/webapp', contextLoader = 'org.springframework.boot.test.context.SpringBootContextLoader', parent = [null]], attributes = map['org.springframework.test.context.web.ServletTestExecutionListener.activateListener' -> false]].

com.crossover.techtrial.controller.ArticleControllerTest > search STANDARD_OUT
    2018-04-24 14:28:36.440  INFO 20521 --- [    Test worker] o.s.t.c.transaction.TransactionContext   : Began transaction (1) for test context [DefaultTestContext@46bfa5de testClass = ArticleControllerTest, testInstance = com.crossover.techtrial.controller.ArticleControllerTest@53a051a1, testMethod = search@ArticleControllerTest, testException = [null], mergedContextConfiguration = [WebMergedContextConfiguration@2286d448 testClass = ArticleControllerTest, locations = '{}', classes = '{class com.crossover.techtrial.CrossBlogsApplication}', contextInitializerClasses = '[]', activeProfiles = '{test}', propertySourceLocations = '{}', propertySourceProperties = '{org.springframework.boot.test.context.SpringBootTestContextBootstrapper=true, server.port=0}', contextCustomizers = set[org.springframework.boot.test.autoconfigure.properties.PropertyMappingContextCustomizer@0, org.springframework.boot.test.autoconfigure.web.servlet.WebDriverContextCustomizerFactory$Customizer@2ecf0ab3, org.springframework.boot.test.context.filter.ExcludeFilterContextCustomizer@1d166fe6, org.springframework.boot.test.json.DuplicateJsonObjectContextCustomizerFactory$DuplicateJsonObjectContextCustomizer@7d547dff, org.springframework.boot.test.mock.mockito.MockitoContextCustomizer@0, org.springframework.boot.test.web.client.TestRestTemplateContextCustomizer@23cc638d], resourceBasePath = 'src/main/webapp', contextLoader = 'org.springframework.boot.test.context.SpringBootContextLoader', parent = [null]], attributes = map['org.springframework.test.context.web.ServletTestExecutionListener.activateListener' -> false]]; transaction manager [org.springframework.orm.jpa.JpaTransactionManager@79c5577c]; rollback [true]
    2018-04-24 14:28:36.444  INFO 20521 --- [    Test worker] s.w.s.m.m.a.RequestMappingHandlerMapping : Mapped "{[/articles],methods=[POST]}" onto public org.springframework.http.ResponseEntity<com.crossover.techtrial.model.Article> com.crossover.techtrial.controller.ArticleController.createArticle(com.crossover.techtrial.model.Article)
    2018-04-24 14:28:36.445  INFO 20521 --- [    Test worker] s.w.s.m.m.a.RequestMappingHandlerMapping : Mapped "{[/articles],methods=[PUT]}" onto public org.springframework.http.ResponseEntity<com.crossover.techtrial.model.Article> com.crossover.techtrial.controller.ArticleController.updateArticle(com.crossover.techtrial.model.Article)
    2018-04-24 14:28:36.445  INFO 20521 --- [    Test worker] s.w.s.m.m.a.RequestMappingHandlerMapping : Mapped "{[/articles/{article-id}],methods=[DELETE]}" onto public org.springframework.http.ResponseEntity<com.crossover.techtrial.model.Article> com.crossover.techtrial.controller.ArticleController.deleteArticleById(java.lang.Long)
    2018-04-24 14:28:36.446  INFO 20521 --- [    Test worker] s.w.s.m.m.a.RequestMappingHandlerMapping : Mapped "{[/articles/search],methods=[GET]}" onto public org.springframework.http.ResponseEntity<java.util.List<com.crossover.techtrial.model.Article>> com.crossover.techtrial.controller.ArticleController.searchArticles(java.lang.String)
    2018-04-24 14:28:36.446  INFO 20521 --- [    Test worker] s.w.s.m.m.a.RequestMappingHandlerMapping : Mapped "{[/articles/{article-id}],methods=[GET]}" onto public org.springframework.http.ResponseEntity<com.crossover.techtrial.model.Article> com.crossover.techtrial.controller.ArticleController.getArticleById(java.lang.Long)
    2018-04-24 14:28:36.446  INFO 20521 --- [    Test worker] s.w.s.m.m.a.RequestMappingHandlerMapping : Mapped "{[/articles],methods=[GET]}" onto public org.springframework.http.ResponseEntity<java.util.List<com.crossover.techtrial.model.Article>> com.crossover.techtrial.controller.ArticleController.getArticleById()
    2018-04-24 14:28:36.458  INFO 20521 --- [    Test worker] s.w.s.m.m.a.RequestMappingHandlerAdapter : Looking for @ControllerAdvice: org.springframework.test.web.servlet.setup.StubWebApplicationContext@2a8e1e72
    2018-04-24 14:28:36.461  INFO 20521 --- [    Test worker] .m.m.a.ExceptionHandlerExceptionResolver : Detected @ExceptionHandler methods in com.crossover.techtrial.exceptions.GlobalExceptionHandler#390c490
    2018-04-24 14:28:36.461  INFO 20521 --- [    Test worker] o.s.mock.web.MockServletContext          : Initializing Spring FrameworkServlet ''
    2018-04-24 14:28:36.461  INFO 20521 --- [    Test worker] o.s.t.web.servlet.TestDispatcherServlet  : FrameworkServlet '': initialization started
    2018-04-24 14:28:36.462  INFO 20521 --- [    Test worker] o.s.t.web.servlet.TestDispatcherServlet  : FrameworkServlet '': initialization completed in 1 ms
    2018-04-24 14:28:36.500  INFO 20521 --- [    Test worker] o.s.t.c.transaction.TransactionContext   : Rolled back transaction for test context [DefaultTestContext@46bfa5de testClass = ArticleControllerTest, testInstance = com.crossover.techtrial.controller.ArticleControllerTest@53a051a1, testMethod = search@ArticleControllerTest, testException = [null], mergedContextConfiguration = [WebMergedContextConfiguration@2286d448 testClass = ArticleControllerTest, locations = '{}', classes = '{class com.crossover.techtrial.CrossBlogsApplication}', contextInitializerClasses = '[]', activeProfiles = '{test}', propertySourceLocations = '{}', propertySourceProperties = '{org.springframework.boot.test.context.SpringBootTestContextBootstrapper=true, server.port=0}', contextCustomizers = set[org.springframework.boot.test.autoconfigure.properties.PropertyMappingContextCustomizer@0, org.springframework.boot.test.autoconfigure.web.servlet.WebDriverContextCustomizerFactory$Customizer@2ecf0ab3, org.springframework.boot.test.context.filter.ExcludeFilterContextCustomizer@1d166fe6, org.springframework.boot.test.json.DuplicateJsonObjectContextCustomizerFactory$DuplicateJsonObjectContextCustomizer@7d547dff, org.springframework.boot.test.mock.mockito.MockitoContextCustomizer@0, org.springframework.boot.test.web.client.TestRestTemplateContextCustomizer@23cc638d], resourceBasePath = 'src/main/webapp', contextLoader = 'org.springframework.boot.test.context.SpringBootContextLoader', parent = [null]], attributes = map['org.springframework.test.context.web.ServletTestExecutionListener.activateListener' -> false]].

com.crossover.techtrial.controller.ArticleControllerTest > checkContentLength STANDARD_OUT
    2018-04-24 14:28:36.503  INFO 20521 --- [    Test worker] o.s.t.c.transaction.TransactionContext   : Began transaction (1) for test context [DefaultTestContext@46bfa5de testClass = ArticleControllerTest, testInstance = com.crossover.techtrial.controller.ArticleControllerTest@50d39497, testMethod = checkContentLength@ArticleControllerTest, testException = [null], mergedContextConfiguration = [WebMergedContextConfiguration@2286d448 testClass = ArticleControllerTest, locations = '{}', classes = '{class com.crossover.techtrial.CrossBlogsApplication}', contextInitializerClasses = '[]', activeProfiles = '{test}', propertySourceLocations = '{}', propertySourceProperties = '{org.springframework.boot.test.context.SpringBootTestContextBootstrapper=true, server.port=0}', contextCustomizers = set[org.springframework.boot.test.autoconfigure.properties.PropertyMappingContextCustomizer@0, org.springframework.boot.test.autoconfigure.web.servlet.WebDriverContextCustomizerFactory$Customizer@2ecf0ab3, org.springframework.boot.test.context.filter.ExcludeFilterContextCustomizer@1d166fe6, org.springframework.boot.test.json.DuplicateJsonObjectContextCustomizerFactory$DuplicateJsonObjectContextCustomizer@7d547dff, org.springframework.boot.test.mock.mockito.MockitoContextCustomizer@0, org.springframework.boot.test.web.client.TestRestTemplateContextCustomizer@23cc638d], resourceBasePath = 'src/main/webapp', contextLoader = 'org.springframework.boot.test.context.SpringBootContextLoader', parent = [null]], attributes = map['org.springframework.test.context.web.ServletTestExecutionListener.activateListener' -> false]]; transaction manager [org.springframework.orm.jpa.JpaTransactionManager@79c5577c]; rollback [true]
    2018-04-24 14:28:36.507  INFO 20521 --- [    Test worker] s.w.s.m.m.a.RequestMappingHandlerMapping : Mapped "{[/articles],methods=[POST]}" onto public org.springframework.http.ResponseEntity<com.crossover.techtrial.model.Article> com.crossover.techtrial.controller.ArticleController.createArticle(com.crossover.techtrial.model.Article)
    2018-04-24 14:28:36.508  INFO 20521 --- [    Test worker] s.w.s.m.m.a.RequestMappingHandlerMapping : Mapped "{[/articles],methods=[PUT]}" onto public org.springframework.http.ResponseEntity<com.crossover.techtrial.model.Article> com.crossover.techtrial.controller.ArticleController.updateArticle(com.crossover.techtrial.model.Article)
    2018-04-24 14:28:36.508  INFO 20521 --- [    Test worker] s.w.s.m.m.a.RequestMappingHandlerMapping : Mapped "{[/articles/{article-id}],methods=[DELETE]}" onto public org.springframework.http.ResponseEntity<com.crossover.techtrial.model.Article> com.crossover.techtrial.controller.ArticleController.deleteArticleById(java.lang.Long)
    2018-04-24 14:28:36.508  INFO 20521 --- [    Test worker] s.w.s.m.m.a.RequestMappingHandlerMapping : Mapped "{[/articles/search],methods=[GET]}" onto public org.springframework.http.ResponseEntity<java.util.List<com.crossover.techtrial.model.Article>> com.crossover.techtrial.controller.ArticleController.searchArticles(java.lang.String)
    2018-04-24 14:28:36.508  INFO 20521 --- [    Test worker] s.w.s.m.m.a.RequestMappingHandlerMapping : Mapped "{[/articles/{article-id}],methods=[GET]}" onto public org.springframework.http.ResponseEntity<com.crossover.techtrial.model.Article> com.crossover.techtrial.controller.ArticleController.getArticleById(java.lang.Long)
    2018-04-24 14:28:36.509  INFO 20521 --- [    Test worker] s.w.s.m.m.a.RequestMappingHandlerMapping : Mapped "{[/articles],methods=[GET]}" onto public org.springframework.http.ResponseEntity<java.util.List<com.crossover.techtrial.model.Article>> com.crossover.techtrial.controller.ArticleController.getArticleById()
    2018-04-24 14:28:36.519  INFO 20521 --- [    Test worker] s.w.s.m.m.a.RequestMappingHandlerAdapter : Looking for @ControllerAdvice: org.springframework.test.web.servlet.setup.StubWebApplicationContext@10e0b3bd
    2018-04-24 14:28:36.522  INFO 20521 --- [    Test worker] .m.m.a.ExceptionHandlerExceptionResolver : Detected @ExceptionHandler methods in com.crossover.techtrial.exceptions.GlobalExceptionHandler#390c490
    2018-04-24 14:28:36.523  INFO 20521 --- [    Test worker] o.s.mock.web.MockServletContext          : Initializing Spring FrameworkServlet ''
    2018-04-24 14:28:36.523  INFO 20521 --- [    Test worker] o.s.t.web.servlet.TestDispatcherServlet  : FrameworkServlet '': initialization started
    2018-04-24 14:28:36.523  INFO 20521 --- [    Test worker] o.s.t.web.servlet.TestDispatcherServlet  : FrameworkServlet '': initialization completed in 0 ms
    2018-04-24 14:28:36.575  INFO 20521 --- [    Test worker] o.s.t.c.transaction.TransactionContext   : Rolled back transaction for test context [DefaultTestContext@46bfa5de testClass = ArticleControllerTest, testInstance = com.crossover.techtrial.controller.ArticleControllerTest@50d39497, testMethod = checkContentLength@ArticleControllerTest, testException = [null], mergedContextConfiguration = [WebMergedContextConfiguration@2286d448 testClass = ArticleControllerTest, locations = '{}', classes = '{class com.crossover.techtrial.CrossBlogsApplication}', contextInitializerClasses = '[]', activeProfiles = '{test}', propertySourceLocations = '{}', propertySourceProperties = '{org.springframework.boot.test.context.SpringBootTestContextBootstrapper=true, server.port=0}', contextCustomizers = set[org.springframework.boot.test.autoconfigure.properties.PropertyMappingContextCustomizer@0, org.springframework.boot.test.autoconfigure.web.servlet.WebDriverContextCustomizerFactory$Customizer@2ecf0ab3, org.springframework.boot.test.context.filter.ExcludeFilterContextCustomizer@1d166fe6, org.springframework.boot.test.json.DuplicateJsonObjectContextCustomizerFactory$DuplicateJsonObjectContextCustomizer@7d547dff, org.springframework.boot.test.mock.mockito.MockitoContextCustomizer@0, org.springframework.boot.test.web.client.TestRestTemplateContextCustomizer@23cc638d], resourceBasePath = 'src/main/webapp', contextLoader = 'org.springframework.boot.test.context.SpringBootContextLoader', parent = [null]], attributes = map['org.springframework.test.context.web.ServletTestExecutionListener.activateListener' -> false]].

com.crossover.techtrial.controller.ArticleControllerTest > getArticle STANDARD_OUT
    2018-04-24 14:28:36.579  INFO 20521 --- [    Test worker] o.s.t.c.transaction.TransactionContext   : Began transaction (1) for test context [DefaultTestContext@46bfa5de testClass = ArticleControllerTest, testInstance = com.crossover.techtrial.controller.ArticleControllerTest@5647855, testMethod = getArticle@ArticleControllerTest, testException = [null], mergedContextConfiguration = [WebMergedContextConfiguration@2286d448 testClass = ArticleControllerTest, locations = '{}', classes = '{class com.crossover.techtrial.CrossBlogsApplication}', contextInitializerClasses = '[]', activeProfiles = '{test}', propertySourceLocations = '{}', propertySourceProperties = '{org.springframework.boot.test.context.SpringBootTestContextBootstrapper=true, server.port=0}', contextCustomizers = set[org.springframework.boot.test.autoconfigure.properties.PropertyMappingContextCustomizer@0, org.springframework.boot.test.autoconfigure.web.servlet.WebDriverContextCustomizerFactory$Customizer@2ecf0ab3, org.springframework.boot.test.context.filter.ExcludeFilterContextCustomizer@1d166fe6, org.springframework.boot.test.json.DuplicateJsonObjectContextCustomizerFactory$DuplicateJsonObjectContextCustomizer@7d547dff, org.springframework.boot.test.mock.mockito.MockitoContextCustomizer@0, org.springframework.boot.test.web.client.TestRestTemplateContextCustomizer@23cc638d], resourceBasePath = 'src/main/webapp', contextLoader = 'org.springframework.boot.test.context.SpringBootContextLoader', parent = [null]], attributes = map['org.springframework.test.context.web.ServletTestExecutionListener.activateListener' -> false]]; transaction manager [org.springframework.orm.jpa.JpaTransactionManager@79c5577c]; rollback [true]
    2018-04-24 14:28:36.583  INFO 20521 --- [    Test worker] s.w.s.m.m.a.RequestMappingHandlerMapping : Mapped "{[/articles],methods=[POST]}" onto public org.springframework.http.ResponseEntity<com.crossover.techtrial.model.Article> com.crossover.techtrial.controller.ArticleController.createArticle(com.crossover.techtrial.model.Article)
    2018-04-24 14:28:36.584  INFO 20521 --- [    Test worker] s.w.s.m.m.a.RequestMappingHandlerMapping : Mapped "{[/articles],methods=[PUT]}" onto public org.springframework.http.ResponseEntity<com.crossover.techtrial.model.Article> com.crossover.techtrial.controller.ArticleController.updateArticle(com.crossover.techtrial.model.Article)
    2018-04-24 14:28:36.584  INFO 20521 --- [    Test worker] s.w.s.m.m.a.RequestMappingHandlerMapping : Mapped "{[/articles/{article-id}],methods=[DELETE]}" onto public org.springframework.http.ResponseEntity<com.crossover.techtrial.model.Article> com.crossover.techtrial.controller.ArticleController.deleteArticleById(java.lang.Long)
    2018-04-24 14:28:36.584  INFO 20521 --- [    Test worker] s.w.s.m.m.a.RequestMappingHandlerMapping : Mapped "{[/articles/search],methods=[GET]}" onto public org.springframework.http.ResponseEntity<java.util.List<com.crossover.techtrial.model.Article>> com.crossover.techtrial.controller.ArticleController.searchArticles(java.lang.String)
    2018-04-24 14:28:36.585  INFO 20521 --- [    Test worker] s.w.s.m.m.a.RequestMappingHandlerMapping : Mapped "{[/articles/{article-id}],methods=[GET]}" onto public org.springframework.http.ResponseEntity<com.crossover.techtrial.model.Article> com.crossover.techtrial.controller.ArticleController.getArticleById(java.lang.Long)
    2018-04-24 14:28:36.585  INFO 20521 --- [    Test worker] s.w.s.m.m.a.RequestMappingHandlerMapping : Mapped "{[/articles],methods=[GET]}" onto public org.springframework.http.ResponseEntity<java.util.List<com.crossover.techtrial.model.Article>> com.crossover.techtrial.controller.ArticleController.getArticleById()
    2018-04-24 14:28:36.596  INFO 20521 --- [    Test worker] s.w.s.m.m.a.RequestMappingHandlerAdapter : Looking for @ControllerAdvice: org.springframework.test.web.servlet.setup.StubWebApplicationContext@1e8bd396
    2018-04-24 14:28:36.598  INFO 20521 --- [    Test worker] .m.m.a.ExceptionHandlerExceptionResolver : Detected @ExceptionHandler methods in com.crossover.techtrial.exceptions.GlobalExceptionHandler#390c490
    2018-04-24 14:28:36.599  INFO 20521 --- [    Test worker] o.s.mock.web.MockServletContext          : Initializing Spring FrameworkServlet ''
    2018-04-24 14:28:36.599  INFO 20521 --- [    Test worker] o.s.t.web.servlet.TestDispatcherServlet  : FrameworkServlet '': initialization started
    2018-04-24 14:28:36.599  INFO 20521 --- [    Test worker] o.s.t.web.servlet.TestDispatcherServlet  : FrameworkServlet '': initialization completed in 0 ms
    2018-04-24 14:28:36.611  INFO 20521 --- [    Test worker] o.s.t.c.transaction.TransactionContext   : Rolled back transaction for test context [DefaultTestContext@46bfa5de testClass = ArticleControllerTest, testInstance = com.crossover.techtrial.controller.ArticleControllerTest@5647855, testMethod = getArticle@ArticleControllerTest, testException = [null], mergedContextConfiguration = [WebMergedContextConfiguration@2286d448 testClass = ArticleControllerTest, locations = '{}', classes = '{class com.crossover.techtrial.CrossBlogsApplication}', contextInitializerClasses = '[]', activeProfiles = '{test}', propertySourceLocations = '{}', propertySourceProperties = '{org.springframework.boot.test.context.SpringBootTestContextBootstrapper=true, server.port=0}', contextCustomizers = set[org.springframework.boot.test.autoconfigure.properties.PropertyMappingContextCustomizer@0, org.springframework.boot.test.autoconfigure.web.servlet.WebDriverContextCustomizerFactory$Customizer@2ecf0ab3, org.springframework.boot.test.context.filter.ExcludeFilterContextCustomizer@1d166fe6, org.springframework.boot.test.json.DuplicateJsonObjectContextCustomizerFactory$DuplicateJsonObjectContextCustomizer@7d547dff, org.springframework.boot.test.mock.mockito.MockitoContextCustomizer@0, org.springframework.boot.test.web.client.TestRestTemplateContextCustomizer@23cc638d], resourceBasePath = 'src/main/webapp', contextLoader = 'org.springframework.boot.test.context.SpringBootContextLoader', parent = [null]], attributes = map['org.springframework.test.context.web.ServletTestExecutionListener.activateListener' -> false]].

com.crossover.techtrial.controller.ArticleControllerTest > createArticleExistingId STANDARD_OUT
    2018-04-24 14:28:36.614  INFO 20521 --- [    Test worker] o.s.t.c.transaction.TransactionContext   : Began transaction (1) for test context [DefaultTestContext@46bfa5de testClass = ArticleControllerTest, testInstance = com.crossover.techtrial.controller.ArticleControllerTest@4e1dafe9, testMethod = createArticleExistingId@ArticleControllerTest, testException = [null], mergedContextConfiguration = [WebMergedContextConfiguration@2286d448 testClass = ArticleControllerTest, locations = '{}', classes = '{class com.crossover.techtrial.CrossBlogsApplication}', contextInitializerClasses = '[]', activeProfiles = '{test}', propertySourceLocations = '{}', propertySourceProperties = '{org.springframework.boot.test.context.SpringBootTestContextBootstrapper=true, server.port=0}', contextCustomizers = set[org.springframework.boot.test.autoconfigure.properties.PropertyMappingContextCustomizer@0, org.springframework.boot.test.autoconfigure.web.servlet.WebDriverContextCustomizerFactory$Customizer@2ecf0ab3, org.springframework.boot.test.context.filter.ExcludeFilterContextCustomizer@1d166fe6, org.springframework.boot.test.json.DuplicateJsonObjectContextCustomizerFactory$DuplicateJsonObjectContextCustomizer@7d547dff, org.springframework.boot.test.mock.mockito.MockitoContextCustomizer@0, org.springframework.boot.test.web.client.TestRestTemplateContextCustomizer@23cc638d], resourceBasePath = 'src/main/webapp', contextLoader = 'org.springframework.boot.test.context.SpringBootContextLoader', parent = [null]], attributes = map['org.springframework.test.context.web.ServletTestExecutionListener.activateListener' -> false]]; transaction manager [org.springframework.orm.jpa.JpaTransactionManager@79c5577c]; rollback [true]
    2018-04-24 14:28:36.618  INFO 20521 --- [    Test worker] s.w.s.m.m.a.RequestMappingHandlerMapping : Mapped "{[/articles],methods=[POST]}" onto public org.springframework.http.ResponseEntity<com.crossover.techtrial.model.Article> com.crossover.techtrial.controller.ArticleController.createArticle(com.crossover.techtrial.model.Article)
    2018-04-24 14:28:36.619  INFO 20521 --- [    Test worker] s.w.s.m.m.a.RequestMappingHandlerMapping : Mapped "{[/articles],methods=[PUT]}" onto public org.springframework.http.ResponseEntity<com.crossover.techtrial.model.Article> com.crossover.techtrial.controller.ArticleController.updateArticle(com.crossover.techtrial.model.Article)
    2018-04-24 14:28:36.619  INFO 20521 --- [    Test worker] s.w.s.m.m.a.RequestMappingHandlerMapping : Mapped "{[/articles/{article-id}],methods=[DELETE]}" onto public org.springframework.http.ResponseEntity<com.crossover.techtrial.model.Article> com.crossover.techtrial.controller.ArticleController.deleteArticleById(java.lang.Long)
    2018-04-24 14:28:36.619  INFO 20521 --- [    Test worker] s.w.s.m.m.a.RequestMappingHandlerMapping : Mapped "{[/articles/search],methods=[GET]}" onto public org.springframework.http.ResponseEntity<java.util.List<com.crossover.techtrial.model.Article>> com.crossover.techtrial.controller.ArticleController.searchArticles(java.lang.String)
    2018-04-24 14:28:36.619  INFO 20521 --- [    Test worker] s.w.s.m.m.a.RequestMappingHandlerMapping : Mapped "{[/articles/{article-id}],methods=[GET]}" onto public org.springframework.http.ResponseEntity<com.crossover.techtrial.model.Article> com.crossover.techtrial.controller.ArticleController.getArticleById(java.lang.Long)
    2018-04-24 14:28:36.620  INFO 20521 --- [    Test worker] s.w.s.m.m.a.RequestMappingHandlerMapping : Mapped "{[/articles],methods=[GET]}" onto public org.springframework.http.ResponseEntity<java.util.List<com.crossover.techtrial.model.Article>> com.crossover.techtrial.controller.ArticleController.getArticleById()
    2018-04-24 14:28:36.631  INFO 20521 --- [    Test worker] s.w.s.m.m.a.RequestMappingHandlerAdapter : Looking for @ControllerAdvice: org.springframework.test.web.servlet.setup.StubWebApplicationContext@21ff71e1
    2018-04-24 14:28:36.634  INFO 20521 --- [    Test worker] .m.m.a.ExceptionHandlerExceptionResolver : Detected @ExceptionHandler methods in com.crossover.techtrial.exceptions.GlobalExceptionHandler#390c490
    2018-04-24 14:28:36.634  INFO 20521 --- [    Test worker] o.s.mock.web.MockServletContext          : Initializing Spring FrameworkServlet ''
    2018-04-24 14:28:36.634  INFO 20521 --- [    Test worker] o.s.t.web.servlet.TestDispatcherServlet  : FrameworkServlet '': initialization started
    2018-04-24 14:28:36.635  INFO 20521 --- [    Test worker] o.s.t.web.servlet.TestDispatcherServlet  : FrameworkServlet '': initialization completed in 1 ms
    2018-04-24 14:28:36.660  INFO 20521 --- [    Test worker] o.s.t.c.transaction.TransactionContext   : Rolled back transaction for test context [DefaultTestContext@46bfa5de testClass = ArticleControllerTest, testInstance = com.crossover.techtrial.controller.ArticleControllerTest@4e1dafe9, testMethod = createArticleExistingId@ArticleControllerTest, testException = [null], mergedContextConfiguration = [WebMergedContextConfiguration@2286d448 testClass = ArticleControllerTest, locations = '{}', classes = '{class com.crossover.techtrial.CrossBlogsApplication}', contextInitializerClasses = '[]', activeProfiles = '{test}', propertySourceLocations = '{}', propertySourceProperties = '{org.springframework.boot.test.context.SpringBootTestContextBootstrapper=true, server.port=0}', contextCustomizers = set[org.springframework.boot.test.autoconfigure.properties.PropertyMappingContextCustomizer@0, org.springframework.boot.test.autoconfigure.web.servlet.WebDriverContextCustomizerFactory$Customizer@2ecf0ab3, org.springframework.boot.test.context.filter.ExcludeFilterContextCustomizer@1d166fe6, org.springframework.boot.test.json.DuplicateJsonObjectContextCustomizerFactory$DuplicateJsonObjectContextCustomizer@7d547dff, org.springframework.boot.test.mock.mockito.MockitoContextCustomizer@0, org.springframework.boot.test.web.client.TestRestTemplateContextCustomizer@23cc638d], resourceBasePath = 'src/main/webapp', contextLoader = 'org.springframework.boot.test.context.SpringBootContextLoader', parent = [null]], attributes = map['org.springframework.test.context.web.ServletTestExecutionListener.activateListener' -> false]].

com.crossover.techtrial.controller.ArticleControllerTest > getNonExistingArticle STANDARD_OUT
    2018-04-24 14:28:36.662  INFO 20521 --- [    Test worker] o.s.t.c.transaction.TransactionContext   : Began transaction (1) for test context [DefaultTestContext@46bfa5de testClass = ArticleControllerTest, testInstance = com.crossover.techtrial.controller.ArticleControllerTest@1aa8f05c, testMethod = getNonExistingArticle@ArticleControllerTest, testException = [null], mergedContextConfiguration = [WebMergedContextConfiguration@2286d448 testClass = ArticleControllerTest, locations = '{}', classes = '{class com.crossover.techtrial.CrossBlogsApplication}', contextInitializerClasses = '[]', activeProfiles = '{test}', propertySourceLocations = '{}', propertySourceProperties = '{org.springframework.boot.test.context.SpringBootTestContextBootstrapper=true, server.port=0}', contextCustomizers = set[org.springframework.boot.test.autoconfigure.properties.PropertyMappingContextCustomizer@0, org.springframework.boot.test.autoconfigure.web.servlet.WebDriverContextCustomizerFactory$Customizer@2ecf0ab3, org.springframework.boot.test.context.filter.ExcludeFilterContextCustomizer@1d166fe6, org.springframework.boot.test.json.DuplicateJsonObjectContextCustomizerFactory$DuplicateJsonObjectContextCustomizer@7d547dff, org.springframework.boot.test.mock.mockito.MockitoContextCustomizer@0, org.springframework.boot.test.web.client.TestRestTemplateContextCustomizer@23cc638d], resourceBasePath = 'src/main/webapp', contextLoader = 'org.springframework.boot.test.context.SpringBootContextLoader', parent = [null]], attributes = map['org.springframework.test.context.web.ServletTestExecutionListener.activateListener' -> false]]; transaction manager [org.springframework.orm.jpa.JpaTransactionManager@79c5577c]; rollback [true]
    2018-04-24 14:28:36.668  INFO 20521 --- [    Test worker] s.w.s.m.m.a.RequestMappingHandlerMapping : Mapped "{[/articles],methods=[POST]}" onto public org.springframework.http.ResponseEntity<com.crossover.techtrial.model.Article> com.crossover.techtrial.controller.ArticleController.createArticle(com.crossover.techtrial.model.Article)
    2018-04-24 14:28:36.669  INFO 20521 --- [    Test worker] s.w.s.m.m.a.RequestMappingHandlerMapping : Mapped "{[/articles],methods=[PUT]}" onto public org.springframework.http.ResponseEntity<com.crossover.techtrial.model.Article> com.crossover.techtrial.controller.ArticleController.updateArticle(com.crossover.techtrial.model.Article)
    2018-04-24 14:28:36.669  INFO 20521 --- [    Test worker] s.w.s.m.m.a.RequestMappingHandlerMapping : Mapped "{[/articles/{article-id}],methods=[DELETE]}" onto public org.springframework.http.ResponseEntity<com.crossover.techtrial.model.Article> com.crossover.techtrial.controller.ArticleController.deleteArticleById(java.lang.Long)
    2018-04-24 14:28:36.669  INFO 20521 --- [    Test worker] s.w.s.m.m.a.RequestMappingHandlerMapping : Mapped "{[/articles/search],methods=[GET]}" onto public org.springframework.http.ResponseEntity<java.util.List<com.crossover.techtrial.model.Article>> com.crossover.techtrial.controller.ArticleController.searchArticles(java.lang.String)
    2018-04-24 14:28:36.669  INFO 20521 --- [    Test worker] s.w.s.m.m.a.RequestMappingHandlerMapping : Mapped "{[/articles/{article-id}],methods=[GET]}" onto public org.springframework.http.ResponseEntity<com.crossover.techtrial.model.Article> com.crossover.techtrial.controller.ArticleController.getArticleById(java.lang.Long)
    2018-04-24 14:28:36.670  INFO 20521 --- [    Test worker] s.w.s.m.m.a.RequestMappingHandlerMapping : Mapped "{[/articles],methods=[GET]}" onto public org.springframework.http.ResponseEntity<java.util.List<com.crossover.techtrial.model.Article>> com.crossover.techtrial.controller.ArticleController.getArticleById()
    2018-04-24 14:28:36.679  INFO 20521 --- [    Test worker] s.w.s.m.m.a.RequestMappingHandlerAdapter : Looking for @ControllerAdvice: org.springframework.test.web.servlet.setup.StubWebApplicationContext@64fa8aaf
    2018-04-24 14:28:36.682  INFO 20521 --- [    Test worker] .m.m.a.ExceptionHandlerExceptionResolver : Detected @ExceptionHandler methods in com.crossover.techtrial.exceptions.GlobalExceptionHandler#390c490
    2018-04-24 14:28:36.683  INFO 20521 --- [    Test worker] o.s.mock.web.MockServletContext          : Initializing Spring FrameworkServlet ''
    2018-04-24 14:28:36.683  INFO 20521 --- [    Test worker] o.s.t.web.servlet.TestDispatcherServlet  : FrameworkServlet '': initialization started
    2018-04-24 14:28:36.683  INFO 20521 --- [    Test worker] o.s.t.web.servlet.TestDispatcherServlet  : FrameworkServlet '': initialization completed in 0 ms
    2018-04-24 14:28:36.695  INFO 20521 --- [    Test worker] o.s.t.c.transaction.TransactionContext   : Rolled back transaction for test context [DefaultTestContext@46bfa5de testClass = ArticleControllerTest, testInstance = com.crossover.techtrial.controller.ArticleControllerTest@1aa8f05c, testMethod = getNonExistingArticle@ArticleControllerTest, testException = [null], mergedContextConfiguration = [WebMergedContextConfiguration@2286d448 testClass = ArticleControllerTest, locations = '{}', classes = '{class com.crossover.techtrial.CrossBlogsApplication}', contextInitializerClasses = '[]', activeProfiles = '{test}', propertySourceLocations = '{}', propertySourceProperties = '{org.springframework.boot.test.context.SpringBootTestContextBootstrapper=true, server.port=0}', contextCustomizers = set[org.springframework.boot.test.autoconfigure.properties.PropertyMappingContextCustomizer@0, org.springframework.boot.test.autoconfigure.web.servlet.WebDriverContextCustomizerFactory$Customizer@2ecf0ab3, org.springframework.boot.test.context.filter.ExcludeFilterContextCustomizer@1d166fe6, org.springframework.boot.test.json.DuplicateJsonObjectContextCustomizerFactory$DuplicateJsonObjectContextCustomizer@7d547dff, org.springframework.boot.test.mock.mockito.MockitoContextCustomizer@0, org.springframework.boot.test.web.client.TestRestTemplateContextCustomizer@23cc638d], resourceBasePath = 'src/main/webapp', contextLoader = 'org.springframework.boot.test.context.SpringBootContextLoader', parent = [null]], attributes = map['org.springframework.test.context.web.ServletTestExecutionListener.activateListener' -> false]].

com.crossover.techtrial.controller.ArticleControllerTest > createArticle STANDARD_OUT
    2018-04-24 14:28:36.698  INFO 20521 --- [    Test worker] o.s.t.c.transaction.TransactionContext   : Began transaction (1) for test context [DefaultTestContext@46bfa5de testClass = ArticleControllerTest, testInstance = com.crossover.techtrial.controller.ArticleControllerTest@78321af8, testMethod = createArticle@ArticleControllerTest, testException = [null], mergedContextConfiguration = [WebMergedContextConfiguration@2286d448 testClass = ArticleControllerTest, locations = '{}', classes = '{class com.crossover.techtrial.CrossBlogsApplication}', contextInitializerClasses = '[]', activeProfiles = '{test}', propertySourceLocations = '{}', propertySourceProperties = '{org.springframework.boot.test.context.SpringBootTestContextBootstrapper=true, server.port=0}', contextCustomizers = set[org.springframework.boot.test.autoconfigure.properties.PropertyMappingContextCustomizer@0, org.springframework.boot.test.autoconfigure.web.servlet.WebDriverContextCustomizerFactory$Customizer@2ecf0ab3, org.springframework.boot.test.context.filter.ExcludeFilterContextCustomizer@1d166fe6, org.springframework.boot.test.json.DuplicateJsonObjectContextCustomizerFactory$DuplicateJsonObjectContextCustomizer@7d547dff, org.springframework.boot.test.mock.mockito.MockitoContextCustomizer@0, org.springframework.boot.test.web.client.TestRestTemplateContextCustomizer@23cc638d], resourceBasePath = 'src/main/webapp', contextLoader = 'org.springframework.boot.test.context.SpringBootContextLoader', parent = [null]], attributes = map['org.springframework.test.context.web.ServletTestExecutionListener.activateListener' -> false]]; transaction manager [org.springframework.orm.jpa.JpaTransactionManager@79c5577c]; rollback [true]
    2018-04-24 14:28:36.702  INFO 20521 --- [    Test worker] s.w.s.m.m.a.RequestMappingHandlerMapping : Mapped "{[/articles],methods=[POST]}" onto public org.springframework.http.ResponseEntity<com.crossover.techtrial.model.Article> com.crossover.techtrial.controller.ArticleController.createArticle(com.crossover.techtrial.model.Article)
    2018-04-24 14:28:36.703  INFO 20521 --- [    Test worker] s.w.s.m.m.a.RequestMappingHandlerMapping : Mapped "{[/articles],methods=[PUT]}" onto public org.springframework.http.ResponseEntity<com.crossover.techtrial.model.Article> com.crossover.techtrial.controller.ArticleController.updateArticle(com.crossover.techtrial.model.Article)
    2018-04-24 14:28:36.703  INFO 20521 --- [    Test worker] s.w.s.m.m.a.RequestMappingHandlerMapping : Mapped "{[/articles/{article-id}],methods=[DELETE]}" onto public org.springframework.http.ResponseEntity<com.crossover.techtrial.model.Article> com.crossover.techtrial.controller.ArticleController.deleteArticleById(java.lang.Long)
    2018-04-24 14:28:36.703  INFO 20521 --- [    Test worker] s.w.s.m.m.a.RequestMappingHandlerMapping : Mapped "{[/articles/search],methods=[GET]}" onto public org.springframework.http.ResponseEntity<java.util.List<com.crossover.techtrial.model.Article>> com.crossover.techtrial.controller.ArticleController.searchArticles(java.lang.String)
    2018-04-24 14:28:36.703  INFO 20521 --- [    Test worker] s.w.s.m.m.a.RequestMappingHandlerMapping : Mapped "{[/articles/{article-id}],methods=[GET]}" onto public org.springframework.http.ResponseEntity<com.crossover.techtrial.model.Article> com.crossover.techtrial.controller.ArticleController.getArticleById(java.lang.Long)
    2018-04-24 14:28:36.703  INFO 20521 --- [    Test worker] s.w.s.m.m.a.RequestMappingHandlerMapping : Mapped "{[/articles],methods=[GET]}" onto public org.springframework.http.ResponseEntity<java.util.List<com.crossover.techtrial.model.Article>> com.crossover.techtrial.controller.ArticleController.getArticleById()
    2018-04-24 14:28:36.714  INFO 20521 --- [    Test worker] s.w.s.m.m.a.RequestMappingHandlerAdapter : Looking for @ControllerAdvice: org.springframework.test.web.servlet.setup.StubWebApplicationContext@1e699bf9
    2018-04-24 14:28:36.717  INFO 20521 --- [    Test worker] .m.m.a.ExceptionHandlerExceptionResolver : Detected @ExceptionHandler methods in com.crossover.techtrial.exceptions.GlobalExceptionHandler#390c490
    2018-04-24 14:28:36.717  INFO 20521 --- [    Test worker] o.s.mock.web.MockServletContext          : Initializing Spring FrameworkServlet ''
    2018-04-24 14:28:36.717  INFO 20521 --- [    Test worker] o.s.t.web.servlet.TestDispatcherServlet  : FrameworkServlet '': initialization started
    2018-04-24 14:28:36.717  INFO 20521 --- [    Test worker] o.s.t.web.servlet.TestDispatcherServlet  : FrameworkServlet '': initialization completed in 0 ms
    2018-04-24 14:28:36.743  INFO 20521 --- [    Test worker] o.s.t.c.transaction.TransactionContext   : Rolled back transaction for test context [DefaultTestContext@46bfa5de testClass = ArticleControllerTest, testInstance = com.crossover.techtrial.controller.ArticleControllerTest@78321af8, testMethod = createArticle@ArticleControllerTest, testException = [null], mergedContextConfiguration = [WebMergedContextConfiguration@2286d448 testClass = ArticleControllerTest, locations = '{}', classes = '{class com.crossover.techtrial.CrossBlogsApplication}', contextInitializerClasses = '[]', activeProfiles = '{test}', propertySourceLocations = '{}', propertySourceProperties = '{org.springframework.boot.test.context.SpringBootTestContextBootstrapper=true, server.port=0}', contextCustomizers = set[org.springframework.boot.test.autoconfigure.properties.PropertyMappingContextCustomizer@0, org.springframework.boot.test.autoconfigure.web.servlet.WebDriverContextCustomizerFactory$Customizer@2ecf0ab3, org.springframework.boot.test.context.filter.ExcludeFilterContextCustomizer@1d166fe6, org.springframework.boot.test.json.DuplicateJsonObjectContextCustomizerFactory$DuplicateJsonObjectContextCustomizer@7d547dff, org.springframework.boot.test.mock.mockito.MockitoContextCustomizer@0, org.springframework.boot.test.web.client.TestRestTemplateContextCustomizer@23cc638d], resourceBasePath = 'src/main/webapp', contextLoader = 'org.springframework.boot.test.context.SpringBootContextLoader', parent = [null]], attributes = map['org.springframework.test.context.web.ServletTestExecutionListener.activateListener' -> false]].

com.crossover.techtrial.controller.ArticleControllerTest > updateArticle STANDARD_OUT
    2018-04-24 14:28:36.747  INFO 20521 --- [    Test worker] o.s.t.c.transaction.TransactionContext   : Began transaction (1) for test context [DefaultTestContext@46bfa5de testClass = ArticleControllerTest, testInstance = com.crossover.techtrial.controller.ArticleControllerTest@328a5a80, testMethod = updateArticle@ArticleControllerTest, testException = [null], mergedContextConfiguration = [WebMergedContextConfiguration@2286d448 testClass = ArticleControllerTest, locations = '{}', classes = '{class com.crossover.techtrial.CrossBlogsApplication}', contextInitializerClasses = '[]', activeProfiles = '{test}', propertySourceLocations = '{}', propertySourceProperties = '{org.springframework.boot.test.context.SpringBootTestContextBootstrapper=true, server.port=0}', contextCustomizers = set[org.springframework.boot.test.autoconfigure.properties.PropertyMappingContextCustomizer@0, org.springframework.boot.test.autoconfigure.web.servlet.WebDriverContextCustomizerFactory$Customizer@2ecf0ab3, org.springframework.boot.test.context.filter.ExcludeFilterContextCustomizer@1d166fe6, org.springframework.boot.test.json.DuplicateJsonObjectContextCustomizerFactory$DuplicateJsonObjectContextCustomizer@7d547dff, org.springframework.boot.test.mock.mockito.MockitoContextCustomizer@0, org.springframework.boot.test.web.client.TestRestTemplateContextCustomizer@23cc638d], resourceBasePath = 'src/main/webapp', contextLoader = 'org.springframework.boot.test.context.SpringBootContextLoader', parent = [null]], attributes = map['org.springframework.test.context.web.ServletTestExecutionListener.activateListener' -> false]]; transaction manager [org.springframework.orm.jpa.JpaTransactionManager@79c5577c]; rollback [true]
    2018-04-24 14:28:36.751  INFO 20521 --- [    Test worker] s.w.s.m.m.a.RequestMappingHandlerMapping : Mapped "{[/articles],methods=[POST]}" onto public org.springframework.http.ResponseEntity<com.crossover.techtrial.model.Article> com.crossover.techtrial.controller.ArticleController.createArticle(com.crossover.techtrial.model.Article)
    2018-04-24 14:28:36.752  INFO 20521 --- [    Test worker] s.w.s.m.m.a.RequestMappingHandlerMapping : Mapped "{[/articles],methods=[PUT]}" onto public org.springframework.http.ResponseEntity<com.crossover.techtrial.model.Article> com.crossover.techtrial.controller.ArticleController.updateArticle(com.crossover.techtrial.model.Article)
    2018-04-24 14:28:36.752  INFO 20521 --- [    Test worker] s.w.s.m.m.a.RequestMappingHandlerMapping : Mapped "{[/articles/{article-id}],methods=[DELETE]}" onto public org.springframework.http.ResponseEntity<com.crossover.techtrial.model.Article> com.crossover.techtrial.controller.ArticleController.deleteArticleById(java.lang.Long)
    2018-04-24 14:28:36.752  INFO 20521 --- [    Test worker] s.w.s.m.m.a.RequestMappingHandlerMapping : Mapped "{[/articles/search],methods=[GET]}" onto public org.springframework.http.ResponseEntity<java.util.List<com.crossover.techtrial.model.Article>> com.crossover.techtrial.controller.ArticleController.searchArticles(java.lang.String)
    2018-04-24 14:28:36.752  INFO 20521 --- [    Test worker] s.w.s.m.m.a.RequestMappingHandlerMapping : Mapped "{[/articles/{article-id}],methods=[GET]}" onto public org.springframework.http.ResponseEntity<com.crossover.techtrial.model.Article> com.crossover.techtrial.controller.ArticleController.getArticleById(java.lang.Long)
    2018-04-24 14:28:36.753  INFO 20521 --- [    Test worker] s.w.s.m.m.a.RequestMappingHandlerMapping : Mapped "{[/articles],methods=[GET]}" onto public org.springframework.http.ResponseEntity<java.util.List<com.crossover.techtrial.model.Article>> com.crossover.techtrial.controller.ArticleController.getArticleById()
    2018-04-24 14:28:36.761  INFO 20521 --- [    Test worker] s.w.s.m.m.a.RequestMappingHandlerAdapter : Looking for @ControllerAdvice: org.springframework.test.web.servlet.setup.StubWebApplicationContext@4bb2f77a
    2018-04-24 14:28:36.764  INFO 20521 --- [    Test worker] .m.m.a.ExceptionHandlerExceptionResolver : Detected @ExceptionHandler methods in com.crossover.techtrial.exceptions.GlobalExceptionHandler#390c490
    2018-04-24 14:28:36.764  INFO 20521 --- [    Test worker] o.s.mock.web.MockServletContext          : Initializing Spring FrameworkServlet ''
    2018-04-24 14:28:36.764  INFO 20521 --- [    Test worker] o.s.t.web.servlet.TestDispatcherServlet  : FrameworkServlet '': initialization started
    2018-04-24 14:28:36.765  INFO 20521 --- [    Test worker] o.s.t.web.servlet.TestDispatcherServlet  : FrameworkServlet '': initialization completed in 0 ms
    2018-04-24 14:28:36.803  INFO 20521 --- [    Test worker] o.s.t.c.transaction.TransactionContext   : Rolled back transaction for test context [DefaultTestContext@46bfa5de testClass = ArticleControllerTest, testInstance = com.crossover.techtrial.controller.ArticleControllerTest@328a5a80, testMethod = updateArticle@ArticleControllerTest, testException = [null], mergedContextConfiguration = [WebMergedContextConfiguration@2286d448 testClass = ArticleControllerTest, locations = '{}', classes = '{class com.crossover.techtrial.CrossBlogsApplication}', contextInitializerClasses = '[]', activeProfiles = '{test}', propertySourceLocations = '{}', propertySourceProperties = '{org.springframework.boot.test.context.SpringBootTestContextBootstrapper=true, server.port=0}', contextCustomizers = set[org.springframework.boot.test.autoconfigure.properties.PropertyMappingContextCustomizer@0, org.springframework.boot.test.autoconfigure.web.servlet.WebDriverContextCustomizerFactory$Customizer@2ecf0ab3, org.springframework.boot.test.context.filter.ExcludeFilterContextCustomizer@1d166fe6, org.springframework.boot.test.json.DuplicateJsonObjectContextCustomizerFactory$DuplicateJsonObjectContextCustomizer@7d547dff, org.springframework.boot.test.mock.mockito.MockitoContextCustomizer@0, org.springframework.boot.test.web.client.TestRestTemplateContextCustomizer@23cc638d], resourceBasePath = 'src/main/webapp', contextLoader = 'org.springframework.boot.test.context.SpringBootContextLoader', parent = [null]], attributes = map['org.springframework.test.context.web.ServletTestExecutionListener.activateListener' -> false]].

com.crossover.techtrial.controller.CommentControllerTest STANDARD_OUT
    2018-04-24 14:28:36.807  INFO 20521 --- [    Test worker] .b.t.c.SpringBootTestContextBootstrapper : Neither @ContextConfiguration nor @ContextHierarchy found for test class [com.crossover.techtrial.controller.CommentControllerTest], using SpringBootContextLoader
    2018-04-24 14:28:36.808  INFO 20521 --- [    Test worker] o.s.t.c.support.AbstractContextLoader    : Could not detect default resource locations for test class [com.crossover.techtrial.controller.CommentControllerTest]: no resource found for suffixes {-context.xml, Context.groovy}.
    2018-04-24 14:28:36.808  INFO 20521 --- [    Test worker] t.c.s.AnnotationConfigContextLoaderUtils : Could not detect default configuration classes for test class [com.crossover.techtrial.controller.CommentControllerTest]: CommentControllerTest does not declare any static, non-private, non-final, nested classes annotated with @Configuration.
    2018-04-24 14:28:36.809  INFO 20521 --- [    Test worker] .b.t.c.SpringBootTestContextBootstrapper : Found @SpringBootConfiguration com.crossover.techtrial.CrossBlogsApplication for test class com.crossover.techtrial.controller.CommentControllerTest
    2018-04-24 14:28:36.811  INFO 20521 --- [    Test worker] .b.t.c.SpringBootTestContextBootstrapper : Loaded default TestExecutionListener class names from location [META-INF/spring.factories]: [org.springframework.boot.test.autoconfigure.restdocs.RestDocsTestExecutionListener, org.springframework.boot.test.autoconfigure.web.client.MockRestServiceServerResetTestExecutionListener, org.springframework.boot.test.autoconfigure.web.servlet.MockMvcPrintOnlyOnFailureTestExecutionListener, org.springframework.boot.test.autoconfigure.web.servlet.WebDriverTestExecutionListener, org.springframework.boot.test.mock.mockito.MockitoTestExecutionListener, org.springframework.boot.test.mock.mockito.ResetMocksTestExecutionListener, org.springframework.test.context.web.ServletTestExecutionListener, org.springframework.test.context.support.DirtiesContextBeforeModesTestExecutionListener, org.springframework.test.context.support.DependencyInjectionTestExecutionListener, org.springframework.test.context.support.DirtiesContextTestExecutionListener, org.springframework.test.context.transaction.TransactionalTestExecutionListener, org.springframework.test.context.jdbc.SqlScriptsTestExecutionListener]
    2018-04-24 14:28:36.811  INFO 20521 --- [    Test worker] .b.t.c.SpringBootTestContextBootstrapper : Using TestExecutionListeners: [org.springframework.test.context.web.ServletTestExecutionListener@1b80c3a6, org.springframework.test.context.support.DirtiesContextBeforeModesTestExecutionListener@2c105d32, org.springframework.boot.test.mock.mockito.MockitoTestExecutionListener@6cc5a346, org.springframework.boot.test.autoconfigure.SpringBootDependencyInjectionTestExecutionListener@3299f9a3, org.springframework.test.context.support.DirtiesContextTestExecutionListener@2f1981a5, org.springframework.test.context.transaction.TransactionalTestExecutionListener@14ea0b9, org.springframework.test.context.jdbc.SqlScriptsTestExecutionListener@40d0ec45, org.springframework.boot.test.autoconfigure.restdocs.RestDocsTestExecutionListener@3df9511d, org.springframework.boot.test.autoconfigure.web.client.MockRestServiceServerResetTestExecutionListener@5e8eebae, org.springframework.boot.test.autoconfigure.web.servlet.MockMvcPrintOnlyOnFailureTestExecutionListener@2ab1c3ae, org.springframework.boot.test.autoconfigure.web.servlet.WebDriverTestExecutionListener@6dc4b079, org.springframework.boot.test.mock.mockito.ResetMocksTestExecutionListener@1a426565]

com.crossover.techtrial.controller.CommentControllerTest > checkEmailRequired STANDARD_OUT
    2018-04-24 14:28:36.829  INFO 20521 --- [    Test worker] o.s.t.c.transaction.TransactionContext   : Began transaction (1) for test context [DefaultTestContext@37696953 testClass = CommentControllerTest, testInstance = com.crossover.techtrial.controller.CommentControllerTest@69f0bce1, testMethod = checkEmailRequired@CommentControllerTest, testException = [null], mergedContextConfiguration = [WebMergedContextConfiguration@b579f1a testClass = CommentControllerTest, locations = '{}', classes = '{class com.crossover.techtrial.CrossBlogsApplication}', contextInitializerClasses = '[]', activeProfiles = '{test}', propertySourceLocations = '{}', propertySourceProperties = '{org.springframework.boot.test.context.SpringBootTestContextBootstrapper=true, server.port=0}', contextCustomizers = set[org.springframework.boot.test.autoconfigure.properties.PropertyMappingContextCustomizer@0, org.springframework.boot.test.autoconfigure.web.servlet.WebDriverContextCustomizerFactory$Customizer@2ecf0ab3, org.springframework.boot.test.context.filter.ExcludeFilterContextCustomizer@1d166fe6, org.springframework.boot.test.json.DuplicateJsonObjectContextCustomizerFactory$DuplicateJsonObjectContextCustomizer@7d547dff, org.springframework.boot.test.mock.mockito.MockitoContextCustomizer@0, org.springframework.boot.test.web.client.TestRestTemplateContextCustomizer@23cc638d], resourceBasePath = 'src/main/webapp', contextLoader = 'org.springframework.boot.test.context.SpringBootContextLoader', parent = [null]], attributes = map['org.springframework.test.context.web.ServletTestExecutionListener.activateListener' -> false]]; transaction manager [org.springframework.orm.jpa.JpaTransactionManager@79c5577c]; rollback [true]
    2018-04-24 14:28:36.839  INFO 20521 --- [    Test worker] s.w.s.m.m.a.RequestMappingHandlerMapping : Mapped "{[/comments/{comment-id}],methods=[DELETE]}" onto public org.springframework.http.ResponseEntity<com.crossover.techtrial.model.Article> com.crossover.techtrial.controller.CommentController.deleteArticleById(java.lang.Long)
    2018-04-24 14:28:36.840  INFO 20521 --- [    Test worker] s.w.s.m.m.a.RequestMappingHandlerMapping : Mapped "{[/comments],methods=[POST]}" onto public org.springframework.http.ResponseEntity<com.crossover.techtrial.model.Comment> com.crossover.techtrial.controller.CommentController.createComment(com.crossover.techtrial.model.Comment)
    2018-04-24 14:28:36.840  INFO 20521 --- [    Test worker] s.w.s.m.m.a.RequestMappingHandlerMapping : Mapped "{[/comments/{comments-id}],methods=[GET]}" onto public org.springframework.http.ResponseEntity<com.crossover.techtrial.model.Comment> com.crossover.techtrial.controller.CommentController.getCommentById(java.lang.Long)
    2018-04-24 14:28:36.840  INFO 20521 --- [    Test worker] s.w.s.m.m.a.RequestMappingHandlerMapping : Mapped "{[/comments],methods=[PUT]}" onto public org.springframework.http.ResponseEntity<com.crossover.techtrial.model.Comment> com.crossover.techtrial.controller.CommentController.updateComment(com.crossover.techtrial.model.Comment)
    2018-04-24 14:28:36.849  INFO 20521 --- [    Test worker] s.w.s.m.m.a.RequestMappingHandlerAdapter : Looking for @ControllerAdvice: org.springframework.test.web.servlet.setup.StubWebApplicationContext@322b8568
    2018-04-24 14:28:36.852  INFO 20521 --- [    Test worker] .m.m.a.ExceptionHandlerExceptionResolver : Detected @ExceptionHandler methods in com.crossover.techtrial.exceptions.GlobalExceptionHandler#390c490
    2018-04-24 14:28:36.853  INFO 20521 --- [    Test worker] o.s.mock.web.MockServletContext          : Initializing Spring FrameworkServlet ''
    2018-04-24 14:28:36.853  INFO 20521 --- [    Test worker] o.s.t.web.servlet.TestDispatcherServlet  : FrameworkServlet '': initialization started
    2018-04-24 14:28:36.853  INFO 20521 --- [    Test worker] o.s.t.web.servlet.TestDispatcherServlet  : FrameworkServlet '': initialization completed in 0 ms
    2018-04-24 14:28:36.885  INFO 20521 --- [    Test worker] o.s.t.c.transaction.TransactionContext   : Rolled back transaction for test context [DefaultTestContext@37696953 testClass = CommentControllerTest, testInstance = com.crossover.techtrial.controller.CommentControllerTest@69f0bce1, testMethod = checkEmailRequired@CommentControllerTest, testException = [null], mergedContextConfiguration = [WebMergedContextConfiguration@b579f1a testClass = CommentControllerTest, locations = '{}', classes = '{class com.crossover.techtrial.CrossBlogsApplication}', contextInitializerClasses = '[]', activeProfiles = '{test}', propertySourceLocations = '{}', propertySourceProperties = '{org.springframework.boot.test.context.SpringBootTestContextBootstrapper=true, server.port=0}', contextCustomizers = set[org.springframework.boot.test.autoconfigure.properties.PropertyMappingContextCustomizer@0, org.springframework.boot.test.autoconfigure.web.servlet.WebDriverContextCustomizerFactory$Customizer@2ecf0ab3, org.springframework.boot.test.context.filter.ExcludeFilterContextCustomizer@1d166fe6, org.springframework.boot.test.json.DuplicateJsonObjectContextCustomizerFactory$DuplicateJsonObjectContextCustomizer@7d547dff, org.springframework.boot.test.mock.mockito.MockitoContextCustomizer@0, org.springframework.boot.test.web.client.TestRestTemplateContextCustomizer@23cc638d], resourceBasePath = 'src/main/webapp', contextLoader = 'org.springframework.boot.test.context.SpringBootContextLoader', parent = [null]], attributes = map['org.springframework.test.context.web.ServletTestExecutionListener.activateListener' -> false]].

com.crossover.techtrial.controller.CommentControllerTest > getNonExistingComment STANDARD_OUT
    2018-04-24 14:28:36.888  INFO 20521 --- [    Test worker] o.s.t.c.transaction.TransactionContext   : Began transaction (1) for test context [DefaultTestContext@37696953 testClass = CommentControllerTest, testInstance = com.crossover.techtrial.controller.CommentControllerTest@33d2b353, testMethod = getNonExistingComment@CommentControllerTest, testException = [null], mergedContextConfiguration = [WebMergedContextConfiguration@b579f1a testClass = CommentControllerTest, locations = '{}', classes = '{class com.crossover.techtrial.CrossBlogsApplication}', contextInitializerClasses = '[]', activeProfiles = '{test}', propertySourceLocations = '{}', propertySourceProperties = '{org.springframework.boot.test.context.SpringBootTestContextBootstrapper=true, server.port=0}', contextCustomizers = set[org.springframework.boot.test.autoconfigure.properties.PropertyMappingContextCustomizer@0, org.springframework.boot.test.autoconfigure.web.servlet.WebDriverContextCustomizerFactory$Customizer@2ecf0ab3, org.springframework.boot.test.context.filter.ExcludeFilterContextCustomizer@1d166fe6, org.springframework.boot.test.json.DuplicateJsonObjectContextCustomizerFactory$DuplicateJsonObjectContextCustomizer@7d547dff, org.springframework.boot.test.mock.mockito.MockitoContextCustomizer@0, org.springframework.boot.test.web.client.TestRestTemplateContextCustomizer@23cc638d], resourceBasePath = 'src/main/webapp', contextLoader = 'org.springframework.boot.test.context.SpringBootContextLoader', parent = [null]], attributes = map['org.springframework.test.context.web.ServletTestExecutionListener.activateListener' -> false]]; transaction manager [org.springframework.orm.jpa.JpaTransactionManager@79c5577c]; rollback [true]
    2018-04-24 14:28:36.892  INFO 20521 --- [    Test worker] s.w.s.m.m.a.RequestMappingHandlerMapping : Mapped "{[/comments/{comment-id}],methods=[DELETE]}" onto public org.springframework.http.ResponseEntity<com.crossover.techtrial.model.Article> com.crossover.techtrial.controller.CommentController.deleteArticleById(java.lang.Long)
    2018-04-24 14:28:36.893  INFO 20521 --- [    Test worker] s.w.s.m.m.a.RequestMappingHandlerMapping : Mapped "{[/comments],methods=[POST]}" onto public org.springframework.http.ResponseEntity<com.crossover.techtrial.model.Comment> com.crossover.techtrial.controller.CommentController.createComment(com.crossover.techtrial.model.Comment)
    2018-04-24 14:28:36.893  INFO 20521 --- [    Test worker] s.w.s.m.m.a.RequestMappingHandlerMapping : Mapped "{[/comments/{comments-id}],methods=[GET]}" onto public org.springframework.http.ResponseEntity<com.crossover.techtrial.model.Comment> com.crossover.techtrial.controller.CommentController.getCommentById(java.lang.Long)
    2018-04-24 14:28:36.894  INFO 20521 --- [    Test worker] s.w.s.m.m.a.RequestMappingHandlerMapping : Mapped "{[/comments],methods=[PUT]}" onto public org.springframework.http.ResponseEntity<com.crossover.techtrial.model.Comment> com.crossover.techtrial.controller.CommentController.updateComment(com.crossover.techtrial.model.Comment)
    2018-04-24 14:28:36.906  INFO 20521 --- [    Test worker] s.w.s.m.m.a.RequestMappingHandlerAdapter : Looking for @ControllerAdvice: org.springframework.test.web.servlet.setup.StubWebApplicationContext@3324145b
    2018-04-24 14:28:36.908  INFO 20521 --- [    Test worker] .m.m.a.ExceptionHandlerExceptionResolver : Detected @ExceptionHandler methods in com.crossover.techtrial.exceptions.GlobalExceptionHandler#390c490
    2018-04-24 14:28:36.909  INFO 20521 --- [    Test worker] o.s.mock.web.MockServletContext          : Initializing Spring FrameworkServlet ''
    2018-04-24 14:28:36.909  INFO 20521 --- [    Test worker] o.s.t.web.servlet.TestDispatcherServlet  : FrameworkServlet '': initialization started
    2018-04-24 14:28:36.909  INFO 20521 --- [    Test worker] o.s.t.web.servlet.TestDispatcherServlet  : FrameworkServlet '': initialization completed in 0 ms
    2018-04-24 14:28:36.921  INFO 20521 --- [    Test worker] o.s.t.c.transaction.TransactionContext   : Rolled back transaction for test context [DefaultTestContext@37696953 testClass = CommentControllerTest, testInstance = com.crossover.techtrial.controller.CommentControllerTest@33d2b353, testMethod = getNonExistingComment@CommentControllerTest, testException = [null], mergedContextConfiguration = [WebMergedContextConfiguration@b579f1a testClass = CommentControllerTest, locations = '{}', classes = '{class com.crossover.techtrial.CrossBlogsApplication}', contextInitializerClasses = '[]', activeProfiles = '{test}', propertySourceLocations = '{}', propertySourceProperties = '{org.springframework.boot.test.context.SpringBootTestContextBootstrapper=true, server.port=0}', contextCustomizers = set[org.springframework.boot.test.autoconfigure.properties.PropertyMappingContextCustomizer@0, org.springframework.boot.test.autoconfigure.web.servlet.WebDriverContextCustomizerFactory$Customizer@2ecf0ab3, org.springframework.boot.test.context.filter.ExcludeFilterContextCustomizer@1d166fe6, org.springframework.boot.test.json.DuplicateJsonObjectContextCustomizerFactory$DuplicateJsonObjectContextCustomizer@7d547dff, org.springframework.boot.test.mock.mockito.MockitoContextCustomizer@0, org.springframework.boot.test.web.client.TestRestTemplateContextCustomizer@23cc638d], resourceBasePath = 'src/main/webapp', contextLoader = 'org.springframework.boot.test.context.SpringBootContextLoader', parent = [null]], attributes = map['org.springframework.test.context.web.ServletTestExecutionListener.activateListener' -> false]].

com.crossover.techtrial.controller.CommentControllerTest > checkMessageLength STANDARD_OUT
    2018-04-24 14:28:36.925  INFO 20521 --- [    Test worker] o.s.t.c.transaction.TransactionContext   : Began transaction (1) for test context [DefaultTestContext@37696953 testClass = CommentControllerTest, testInstance = com.crossover.techtrial.controller.CommentControllerTest@61cf8da, testMethod = checkMessageLength@CommentControllerTest, testException = [null], mergedContextConfiguration = [WebMergedContextConfiguration@b579f1a testClass = CommentControllerTest, locations = '{}', classes = '{class com.crossover.techtrial.CrossBlogsApplication}', contextInitializerClasses = '[]', activeProfiles = '{test}', propertySourceLocations = '{}', propertySourceProperties = '{org.springframework.boot.test.context.SpringBootTestContextBootstrapper=true, server.port=0}', contextCustomizers = set[org.springframework.boot.test.autoconfigure.properties.PropertyMappingContextCustomizer@0, org.springframework.boot.test.autoconfigure.web.servlet.WebDriverContextCustomizerFactory$Customizer@2ecf0ab3, org.springframework.boot.test.context.filter.ExcludeFilterContextCustomizer@1d166fe6, org.springframework.boot.test.json.DuplicateJsonObjectContextCustomizerFactory$DuplicateJsonObjectContextCustomizer@7d547dff, org.springframework.boot.test.mock.mockito.MockitoContextCustomizer@0, org.springframework.boot.test.web.client.TestRestTemplateContextCustomizer@23cc638d], resourceBasePath = 'src/main/webapp', contextLoader = 'org.springframework.boot.test.context.SpringBootContextLoader', parent = [null]], attributes = map['org.springframework.test.context.web.ServletTestExecutionListener.activateListener' -> false]]; transaction manager [org.springframework.orm.jpa.JpaTransactionManager@79c5577c]; rollback [true]
    2018-04-24 14:28:36.927  INFO 20521 --- [    Test worker] s.w.s.m.m.a.RequestMappingHandlerMapping : Mapped "{[/comments/{comment-id}],methods=[DELETE]}" onto public org.springframework.http.ResponseEntity<com.crossover.techtrial.model.Article> com.crossover.techtrial.controller.CommentController.deleteArticleById(java.lang.Long)
    2018-04-24 14:28:36.928  INFO 20521 --- [    Test worker] s.w.s.m.m.a.RequestMappingHandlerMapping : Mapped "{[/comments],methods=[POST]}" onto public org.springframework.http.ResponseEntity<com.crossover.techtrial.model.Comment> com.crossover.techtrial.controller.CommentController.createComment(com.crossover.techtrial.model.Comment)
    2018-04-24 14:28:36.928  INFO 20521 --- [    Test worker] s.w.s.m.m.a.RequestMappingHandlerMapping : Mapped "{[/comments/{comments-id}],methods=[GET]}" onto public org.springframework.http.ResponseEntity<com.crossover.techtrial.model.Comment> com.crossover.techtrial.controller.CommentController.getCommentById(java.lang.Long)
    2018-04-24 14:28:36.928  INFO 20521 --- [    Test worker] s.w.s.m.m.a.RequestMappingHandlerMapping : Mapped "{[/comments],methods=[PUT]}" onto public org.springframework.http.ResponseEntity<com.crossover.techtrial.model.Comment> com.crossover.techtrial.controller.CommentController.updateComment(com.crossover.techtrial.model.Comment)
    2018-04-24 14:28:36.938  INFO 20521 --- [    Test worker] s.w.s.m.m.a.RequestMappingHandlerAdapter : Looking for @ControllerAdvice: org.springframework.test.web.servlet.setup.StubWebApplicationContext@6854ca6f
    2018-04-24 14:28:36.941  INFO 20521 --- [    Test worker] .m.m.a.ExceptionHandlerExceptionResolver : Detected @ExceptionHandler methods in com.crossover.techtrial.exceptions.GlobalExceptionHandler#390c490
    2018-04-24 14:28:36.941  INFO 20521 --- [    Test worker] o.s.mock.web.MockServletContext          : Initializing Spring FrameworkServlet ''
    2018-04-24 14:28:36.941  INFO 20521 --- [    Test worker] o.s.t.web.servlet.TestDispatcherServlet  : FrameworkServlet '': initialization started
    2018-04-24 14:28:36.941  INFO 20521 --- [    Test worker] o.s.t.web.servlet.TestDispatcherServlet  : FrameworkServlet '': initialization completed in 0 ms
    2018-04-24 14:28:36.990  INFO 20521 --- [    Test worker] o.s.t.c.transaction.TransactionContext   : Rolled back transaction for test context [DefaultTestContext@37696953 testClass = CommentControllerTest, testInstance = com.crossover.techtrial.controller.CommentControllerTest@61cf8da, testMethod = checkMessageLength@CommentControllerTest, testException = [null], mergedContextConfiguration = [WebMergedContextConfiguration@b579f1a testClass = CommentControllerTest, locations = '{}', classes = '{class com.crossover.techtrial.CrossBlogsApplication}', contextInitializerClasses = '[]', activeProfiles = '{test}', propertySourceLocations = '{}', propertySourceProperties = '{org.springframework.boot.test.context.SpringBootTestContextBootstrapper=true, server.port=0}', contextCustomizers = set[org.springframework.boot.test.autoconfigure.properties.PropertyMappingContextCustomizer@0, org.springframework.boot.test.autoconfigure.web.servlet.WebDriverContextCustomizerFactory$Customizer@2ecf0ab3, org.springframework.boot.test.context.filter.ExcludeFilterContextCustomizer@1d166fe6, org.springframework.boot.test.json.DuplicateJsonObjectContextCustomizerFactory$DuplicateJsonObjectContextCustomizer@7d547dff, org.springframework.boot.test.mock.mockito.MockitoContextCustomizer@0, org.springframework.boot.test.web.client.TestRestTemplateContextCustomizer@23cc638d], resourceBasePath = 'src/main/webapp', contextLoader = 'org.springframework.boot.test.context.SpringBootContextLoader', parent = [null]], attributes = map['org.springframework.test.context.web.ServletTestExecutionListener.activateListener' -> false]].

com.crossover.techtrial.controller.CommentControllerTest > createComment STANDARD_OUT
    2018-04-24 14:28:36.994  INFO 20521 --- [    Test worker] o.s.t.c.transaction.TransactionContext   : Began transaction (1) for test context [DefaultTestContext@37696953 testClass = CommentControllerTest, testInstance = com.crossover.techtrial.controller.CommentControllerTest@1086637b, testMethod = createComment@CommentControllerTest, testException = [null], mergedContextConfiguration = [WebMergedContextConfiguration@b579f1a testClass = CommentControllerTest, locations = '{}', classes = '{class com.crossover.techtrial.CrossBlogsApplication}', contextInitializerClasses = '[]', activeProfiles = '{test}', propertySourceLocations = '{}', propertySourceProperties = '{org.springframework.boot.test.context.SpringBootTestContextBootstrapper=true, server.port=0}', contextCustomizers = set[org.springframework.boot.test.autoconfigure.properties.PropertyMappingContextCustomizer@0, org.springframework.boot.test.autoconfigure.web.servlet.WebDriverContextCustomizerFactory$Customizer@2ecf0ab3, org.springframework.boot.test.context.filter.ExcludeFilterContextCustomizer@1d166fe6, org.springframework.boot.test.json.DuplicateJsonObjectContextCustomizerFactory$DuplicateJsonObjectContextCustomizer@7d547dff, org.springframework.boot.test.mock.mockito.MockitoContextCustomizer@0, org.springframework.boot.test.web.client.TestRestTemplateContextCustomizer@23cc638d], resourceBasePath = 'src/main/webapp', contextLoader = 'org.springframework.boot.test.context.SpringBootContextLoader', parent = [null]], attributes = map['org.springframework.test.context.web.ServletTestExecutionListener.activateListener' -> false]]; transaction manager [org.springframework.orm.jpa.JpaTransactionManager@79c5577c]; rollback [true]
    2018-04-24 14:28:36.997  INFO 20521 --- [    Test worker] s.w.s.m.m.a.RequestMappingHandlerMapping : Mapped "{[/comments/{comment-id}],methods=[DELETE]}" onto public org.springframework.http.ResponseEntity<com.crossover.techtrial.model.Article> com.crossover.techtrial.controller.CommentController.deleteArticleById(java.lang.Long)
    2018-04-24 14:28:36.998  INFO 20521 --- [    Test worker] s.w.s.m.m.a.RequestMappingHandlerMapping : Mapped "{[/comments],methods=[POST]}" onto public org.springframework.http.ResponseEntity<com.crossover.techtrial.model.Comment> com.crossover.techtrial.controller.CommentController.createComment(com.crossover.techtrial.model.Comment)
    2018-04-24 14:28:36.998  INFO 20521 --- [    Test worker] s.w.s.m.m.a.RequestMappingHandlerMapping : Mapped "{[/comments/{comments-id}],methods=[GET]}" onto public org.springframework.http.ResponseEntity<com.crossover.techtrial.model.Comment> com.crossover.techtrial.controller.CommentController.getCommentById(java.lang.Long)
    2018-04-24 14:28:36.998  INFO 20521 --- [    Test worker] s.w.s.m.m.a.RequestMappingHandlerMapping : Mapped "{[/comments],methods=[PUT]}" onto public org.springframework.http.ResponseEntity<com.crossover.techtrial.model.Comment> com.crossover.techtrial.controller.CommentController.updateComment(com.crossover.techtrial.model.Comment)
    2018-04-24 14:28:37.008  INFO 20521 --- [    Test worker] s.w.s.m.m.a.RequestMappingHandlerAdapter : Looking for @ControllerAdvice: org.springframework.test.web.servlet.setup.StubWebApplicationContext@20c52778
    2018-04-24 14:28:37.011  INFO 20521 --- [    Test worker] .m.m.a.ExceptionHandlerExceptionResolver : Detected @ExceptionHandler methods in com.crossover.techtrial.exceptions.GlobalExceptionHandler#390c490
    2018-04-24 14:28:37.011  INFO 20521 --- [    Test worker] o.s.mock.web.MockServletContext          : Initializing Spring FrameworkServlet ''
    2018-04-24 14:28:37.012  INFO 20521 --- [    Test worker] o.s.t.web.servlet.TestDispatcherServlet  : FrameworkServlet '': initialization started
    2018-04-24 14:28:37.012  INFO 20521 --- [    Test worker] o.s.t.web.servlet.TestDispatcherServlet  : FrameworkServlet '': initialization completed in 0 ms
    2018-04-24 14:28:37.043  INFO 20521 --- [    Test worker] o.s.t.c.transaction.TransactionContext   : Rolled back transaction for test context [DefaultTestContext@37696953 testClass = CommentControllerTest, testInstance = com.crossover.techtrial.controller.CommentControllerTest@1086637b, testMethod = createComment@CommentControllerTest, testException = [null], mergedContextConfiguration = [WebMergedContextConfiguration@b579f1a testClass = CommentControllerTest, locations = '{}', classes = '{class com.crossover.techtrial.CrossBlogsApplication}', contextInitializerClasses = '[]', activeProfiles = '{test}', propertySourceLocations = '{}', propertySourceProperties = '{org.springframework.boot.test.context.SpringBootTestContextBootstrapper=true, server.port=0}', contextCustomizers = set[org.springframework.boot.test.autoconfigure.properties.PropertyMappingContextCustomizer@0, org.springframework.boot.test.autoconfigure.web.servlet.WebDriverContextCustomizerFactory$Customizer@2ecf0ab3, org.springframework.boot.test.context.filter.ExcludeFilterContextCustomizer@1d166fe6, org.springframework.boot.test.json.DuplicateJsonObjectContextCustomizerFactory$DuplicateJsonObjectContextCustomizer@7d547dff, org.springframework.boot.test.mock.mockito.MockitoContextCustomizer@0, org.springframework.boot.test.web.client.TestRestTemplateContextCustomizer@23cc638d], resourceBasePath = 'src/main/webapp', contextLoader = 'org.springframework.boot.test.context.SpringBootContextLoader', parent = [null]], attributes = map['org.springframework.test.context.web.ServletTestExecutionListener.activateListener' -> false]].

com.crossover.techtrial.controller.CommentControllerTest > createCommentExistingId STANDARD_OUT
    2018-04-24 14:28:37.046  INFO 20521 --- [    Test worker] o.s.t.c.transaction.TransactionContext   : Began transaction (1) for test context [DefaultTestContext@37696953 testClass = CommentControllerTest, testInstance = com.crossover.techtrial.controller.CommentControllerTest@6f4843c1, testMethod = createCommentExistingId@CommentControllerTest, testException = [null], mergedContextConfiguration = [WebMergedContextConfiguration@b579f1a testClass = CommentControllerTest, locations = '{}', classes = '{class com.crossover.techtrial.CrossBlogsApplication}', contextInitializerClasses = '[]', activeProfiles = '{test}', propertySourceLocations = '{}', propertySourceProperties = '{org.springframework.boot.test.context.SpringBootTestContextBootstrapper=true, server.port=0}', contextCustomizers = set[org.springframework.boot.test.autoconfigure.properties.PropertyMappingContextCustomizer@0, org.springframework.boot.test.autoconfigure.web.servlet.WebDriverContextCustomizerFactory$Customizer@2ecf0ab3, org.springframework.boot.test.context.filter.ExcludeFilterContextCustomizer@1d166fe6, org.springframework.boot.test.json.DuplicateJsonObjectContextCustomizerFactory$DuplicateJsonObjectContextCustomizer@7d547dff, org.springframework.boot.test.mock.mockito.MockitoContextCustomizer@0, org.springframework.boot.test.web.client.TestRestTemplateContextCustomizer@23cc638d], resourceBasePath = 'src/main/webapp', contextLoader = 'org.springframework.boot.test.context.SpringBootContextLoader', parent = [null]], attributes = map['org.springframework.test.context.web.ServletTestExecutionListener.activateListener' -> false]]; transaction manager [org.springframework.orm.jpa.JpaTransactionManager@79c5577c]; rollback [true]
    2018-04-24 14:28:37.050  INFO 20521 --- [    Test worker] s.w.s.m.m.a.RequestMappingHandlerMapping : Mapped "{[/comments/{comment-id}],methods=[DELETE]}" onto public org.springframework.http.ResponseEntity<com.crossover.techtrial.model.Article> com.crossover.techtrial.controller.CommentController.deleteArticleById(java.lang.Long)
    2018-04-24 14:28:37.050  INFO 20521 --- [    Test worker] s.w.s.m.m.a.RequestMappingHandlerMapping : Mapped "{[/comments],methods=[POST]}" onto public org.springframework.http.ResponseEntity<com.crossover.techtrial.model.Comment> com.crossover.techtrial.controller.CommentController.createComment(com.crossover.techtrial.model.Comment)
    2018-04-24 14:28:37.050  INFO 20521 --- [    Test worker] s.w.s.m.m.a.RequestMappingHandlerMapping : Mapped "{[/comments/{comments-id}],methods=[GET]}" onto public org.springframework.http.ResponseEntity<com.crossover.techtrial.model.Comment> com.crossover.techtrial.controller.CommentController.getCommentById(java.lang.Long)
    2018-04-24 14:28:37.050  INFO 20521 --- [    Test worker] s.w.s.m.m.a.RequestMappingHandlerMapping : Mapped "{[/comments],methods=[PUT]}" onto public org.springframework.http.ResponseEntity<com.crossover.techtrial.model.Comment> com.crossover.techtrial.controller.CommentController.updateComment(com.crossover.techtrial.model.Comment)
    2018-04-24 14:28:37.061  INFO 20521 --- [    Test worker] s.w.s.m.m.a.RequestMappingHandlerAdapter : Looking for @ControllerAdvice: org.springframework.test.web.servlet.setup.StubWebApplicationContext@79fdc162
    2018-04-24 14:28:37.064  INFO 20521 --- [    Test worker] .m.m.a.ExceptionHandlerExceptionResolver : Detected @ExceptionHandler methods in com.crossover.techtrial.exceptions.GlobalExceptionHandler#390c490
    2018-04-24 14:28:37.064  INFO 20521 --- [    Test worker] o.s.mock.web.MockServletContext          : Initializing Spring FrameworkServlet ''
    2018-04-24 14:28:37.064  INFO 20521 --- [    Test worker] o.s.t.web.servlet.TestDispatcherServlet  : FrameworkServlet '': initialization started
    2018-04-24 14:28:37.064  INFO 20521 --- [    Test worker] o.s.t.web.servlet.TestDispatcherServlet  : FrameworkServlet '': initialization completed in 0 ms
    2018-04-24 14:28:37.088  INFO 20521 --- [    Test worker] o.s.t.c.transaction.TransactionContext   : Rolled back transaction for test context [DefaultTestContext@37696953 testClass = CommentControllerTest, testInstance = com.crossover.techtrial.controller.CommentControllerTest@6f4843c1, testMethod = createCommentExistingId@CommentControllerTest, testException = [null], mergedContextConfiguration = [WebMergedContextConfiguration@b579f1a testClass = CommentControllerTest, locations = '{}', classes = '{class com.crossover.techtrial.CrossBlogsApplication}', contextInitializerClasses = '[]', activeProfiles = '{test}', propertySourceLocations = '{}', propertySourceProperties = '{org.springframework.boot.test.context.SpringBootTestContextBootstrapper=true, server.port=0}', contextCustomizers = set[org.springframework.boot.test.autoconfigure.properties.PropertyMappingContextCustomizer@0, org.springframework.boot.test.autoconfigure.web.servlet.WebDriverContextCustomizerFactory$Customizer@2ecf0ab3, org.springframework.boot.test.context.filter.ExcludeFilterContextCustomizer@1d166fe6, org.springframework.boot.test.json.DuplicateJsonObjectContextCustomizerFactory$DuplicateJsonObjectContextCustomizer@7d547dff, org.springframework.boot.test.mock.mockito.MockitoContextCustomizer@0, org.springframework.boot.test.web.client.TestRestTemplateContextCustomizer@23cc638d], resourceBasePath = 'src/main/webapp', contextLoader = 'org.springframework.boot.test.context.SpringBootContextLoader', parent = [null]], attributes = map['org.springframework.test.context.web.ServletTestExecutionListener.activateListener' -> false]].

com.crossover.techtrial.controller.CommentControllerTest > updateComment STANDARD_OUT
    2018-04-24 14:28:37.091  INFO 20521 --- [    Test worker] o.s.t.c.transaction.TransactionContext   : Began transaction (1) for test context [DefaultTestContext@37696953 testClass = CommentControllerTest, testInstance = com.crossover.techtrial.controller.CommentControllerTest@709f1f8e, testMethod = updateComment@CommentControllerTest, testException = [null], mergedContextConfiguration = [WebMergedContextConfiguration@b579f1a testClass = CommentControllerTest, locations = '{}', classes = '{class com.crossover.techtrial.CrossBlogsApplication}', contextInitializerClasses = '[]', activeProfiles = '{test}', propertySourceLocations = '{}', propertySourceProperties = '{org.springframework.boot.test.context.SpringBootTestContextBootstrapper=true, server.port=0}', contextCustomizers = set[org.springframework.boot.test.autoconfigure.properties.PropertyMappingContextCustomizer@0, org.springframework.boot.test.autoconfigure.web.servlet.WebDriverContextCustomizerFactory$Customizer@2ecf0ab3, org.springframework.boot.test.context.filter.ExcludeFilterContextCustomizer@1d166fe6, org.springframework.boot.test.json.DuplicateJsonObjectContextCustomizerFactory$DuplicateJsonObjectContextCustomizer@7d547dff, org.springframework.boot.test.mock.mockito.MockitoContextCustomizer@0, org.springframework.boot.test.web.client.TestRestTemplateContextCustomizer@23cc638d], resourceBasePath = 'src/main/webapp', contextLoader = 'org.springframework.boot.test.context.SpringBootContextLoader', parent = [null]], attributes = map['org.springframework.test.context.web.ServletTestExecutionListener.activateListener' -> false]]; transaction manager [org.springframework.orm.jpa.JpaTransactionManager@79c5577c]; rollback [true]
    2018-04-24 14:28:37.094  INFO 20521 --- [    Test worker] s.w.s.m.m.a.RequestMappingHandlerMapping : Mapped "{[/comments/{comment-id}],methods=[DELETE]}" onto public org.springframework.http.ResponseEntity<com.crossover.techtrial.model.Article> com.crossover.techtrial.controller.CommentController.deleteArticleById(java.lang.Long)
    2018-04-24 14:28:37.094  INFO 20521 --- [    Test worker] s.w.s.m.m.a.RequestMappingHandlerMapping : Mapped "{[/comments],methods=[POST]}" onto public org.springframework.http.ResponseEntity<com.crossover.techtrial.model.Comment> com.crossover.techtrial.controller.CommentController.createComment(com.crossover.techtrial.model.Comment)
    2018-04-24 14:28:37.095  INFO 20521 --- [    Test worker] s.w.s.m.m.a.RequestMappingHandlerMapping : Mapped "{[/comments/{comments-id}],methods=[GET]}" onto public org.springframework.http.ResponseEntity<com.crossover.techtrial.model.Comment> com.crossover.techtrial.controller.CommentController.getCommentById(java.lang.Long)
    2018-04-24 14:28:37.095  INFO 20521 --- [    Test worker] s.w.s.m.m.a.RequestMappingHandlerMapping : Mapped "{[/comments],methods=[PUT]}" onto public org.springframework.http.ResponseEntity<com.crossover.techtrial.model.Comment> com.crossover.techtrial.controller.CommentController.updateComment(com.crossover.techtrial.model.Comment)
    2018-04-24 14:28:37.105  INFO 20521 --- [    Test worker] s.w.s.m.m.a.RequestMappingHandlerAdapter : Looking for @ControllerAdvice: org.springframework.test.web.servlet.setup.StubWebApplicationContext@66e47872
    2018-04-24 14:28:37.107  INFO 20521 --- [    Test worker] .m.m.a.ExceptionHandlerExceptionResolver : Detected @ExceptionHandler methods in com.crossover.techtrial.exceptions.GlobalExceptionHandler#390c490
    2018-04-24 14:28:37.107  INFO 20521 --- [    Test worker] o.s.mock.web.MockServletContext          : Initializing Spring FrameworkServlet ''
    2018-04-24 14:28:37.107  INFO 20521 --- [    Test worker] o.s.t.web.servlet.TestDispatcherServlet  : FrameworkServlet '': initialization started
    2018-04-24 14:28:37.108  INFO 20521 --- [    Test worker] o.s.t.web.servlet.TestDispatcherServlet  : FrameworkServlet '': initialization completed in 0 ms
    2018-04-24 14:28:37.138  INFO 20521 --- [    Test worker] o.s.t.c.transaction.TransactionContext   : Rolled back transaction for test context [DefaultTestContext@37696953 testClass = CommentControllerTest, testInstance = com.crossover.techtrial.controller.CommentControllerTest@709f1f8e, testMethod = updateComment@CommentControllerTest, testException = [null], mergedContextConfiguration = [WebMergedContextConfiguration@b579f1a testClass = CommentControllerTest, locations = '{}', classes = '{class com.crossover.techtrial.CrossBlogsApplication}', contextInitializerClasses = '[]', activeProfiles = '{test}', propertySourceLocations = '{}', propertySourceProperties = '{org.springframework.boot.test.context.SpringBootTestContextBootstrapper=true, server.port=0}', contextCustomizers = set[org.springframework.boot.test.autoconfigure.properties.PropertyMappingContextCustomizer@0, org.springframework.boot.test.autoconfigure.web.servlet.WebDriverContextCustomizerFactory$Customizer@2ecf0ab3, org.springframework.boot.test.context.filter.ExcludeFilterContextCustomizer@1d166fe6, org.springframework.boot.test.json.DuplicateJsonObjectContextCustomizerFactory$DuplicateJsonObjectContextCustomizer@7d547dff, org.springframework.boot.test.mock.mockito.MockitoContextCustomizer@0, org.springframework.boot.test.web.client.TestRestTemplateContextCustomizer@23cc638d], resourceBasePath = 'src/main/webapp', contextLoader = 'org.springframework.boot.test.context.SpringBootContextLoader', parent = [null]], attributes = map['org.springframework.test.context.web.ServletTestExecutionListener.activateListener' -> false]].

com.crossover.techtrial.controller.CommentControllerTest > deleteComment STANDARD_OUT
    2018-04-24 14:28:37.141  INFO 20521 --- [    Test worker] o.s.t.c.transaction.TransactionContext   : Began transaction (1) for test context [DefaultTestContext@37696953 testClass = CommentControllerTest, testInstance = com.crossover.techtrial.controller.CommentControllerTest@18c1d7c1, testMethod = deleteComment@CommentControllerTest, testException = [null], mergedContextConfiguration = [WebMergedContextConfiguration@b579f1a testClass = CommentControllerTest, locations = '{}', classes = '{class com.crossover.techtrial.CrossBlogsApplication}', contextInitializerClasses = '[]', activeProfiles = '{test}', propertySourceLocations = '{}', propertySourceProperties = '{org.springframework.boot.test.context.SpringBootTestContextBootstrapper=true, server.port=0}', contextCustomizers = set[org.springframework.boot.test.autoconfigure.properties.PropertyMappingContextCustomizer@0, org.springframework.boot.test.autoconfigure.web.servlet.WebDriverContextCustomizerFactory$Customizer@2ecf0ab3, org.springframework.boot.test.context.filter.ExcludeFilterContextCustomizer@1d166fe6, org.springframework.boot.test.json.DuplicateJsonObjectContextCustomizerFactory$DuplicateJsonObjectContextCustomizer@7d547dff, org.springframework.boot.test.mock.mockito.MockitoContextCustomizer@0, org.springframework.boot.test.web.client.TestRestTemplateContextCustomizer@23cc638d], resourceBasePath = 'src/main/webapp', contextLoader = 'org.springframework.boot.test.context.SpringBootContextLoader', parent = [null]], attributes = map['org.springframework.test.context.web.ServletTestExecutionListener.activateListener' -> false]]; transaction manager [org.springframework.orm.jpa.JpaTransactionManager@79c5577c]; rollback [true]
    2018-04-24 14:28:37.145  INFO 20521 --- [    Test worker] s.w.s.m.m.a.RequestMappingHandlerMapping : Mapped "{[/comments/{comment-id}],methods=[DELETE]}" onto public org.springframework.http.ResponseEntity<com.crossover.techtrial.model.Article> com.crossover.techtrial.controller.CommentController.deleteArticleById(java.lang.Long)
    2018-04-24 14:28:37.145  INFO 20521 --- [    Test worker] s.w.s.m.m.a.RequestMappingHandlerMapping : Mapped "{[/comments],methods=[POST]}" onto public org.springframework.http.ResponseEntity<com.crossover.techtrial.model.Comment> com.crossover.techtrial.controller.CommentController.createComment(com.crossover.techtrial.model.Comment)
    2018-04-24 14:28:37.145  INFO 20521 --- [    Test worker] s.w.s.m.m.a.RequestMappingHandlerMapping : Mapped "{[/comments/{comments-id}],methods=[GET]}" onto public org.springframework.http.ResponseEntity<com.crossover.techtrial.model.Comment> com.crossover.techtrial.controller.CommentController.getCommentById(java.lang.Long)
    2018-04-24 14:28:37.145  INFO 20521 --- [    Test worker] s.w.s.m.m.a.RequestMappingHandlerMapping : Mapped "{[/comments],methods=[PUT]}" onto public org.springframework.http.ResponseEntity<com.crossover.techtrial.model.Comment> com.crossover.techtrial.controller.CommentController.updateComment(com.crossover.techtrial.model.Comment)
    2018-04-24 14:28:37.155  INFO 20521 --- [    Test worker] s.w.s.m.m.a.RequestMappingHandlerAdapter : Looking for @ControllerAdvice: org.springframework.test.web.servlet.setup.StubWebApplicationContext@66f52da9
    2018-04-24 14:28:37.157  INFO 20521 --- [    Test worker] .m.m.a.ExceptionHandlerExceptionResolver : Detected @ExceptionHandler methods in com.crossover.techtrial.exceptions.GlobalExceptionHandler#390c490
    2018-04-24 14:28:37.158  INFO 20521 --- [    Test worker] o.s.mock.web.MockServletContext          : Initializing Spring FrameworkServlet ''
    2018-04-24 14:28:37.158  INFO 20521 --- [    Test worker] o.s.t.web.servlet.TestDispatcherServlet  : FrameworkServlet '': initialization started
    2018-04-24 14:28:37.158  INFO 20521 --- [    Test worker] o.s.t.web.servlet.TestDispatcherServlet  : FrameworkServlet '': initialization completed in 0 ms
    2018-04-24 14:28:37.177  INFO 20521 --- [    Test worker] o.s.t.c.transaction.TransactionContext   : Rolled back transaction for test context [DefaultTestContext@37696953 testClass = CommentControllerTest, testInstance = com.crossover.techtrial.controller.CommentControllerTest@18c1d7c1, testMethod = deleteComment@CommentControllerTest, testException = [null], mergedContextConfiguration = [WebMergedContextConfiguration@b579f1a testClass = CommentControllerTest, locations = '{}', classes = '{class com.crossover.techtrial.CrossBlogsApplication}', contextInitializerClasses = '[]', activeProfiles = '{test}', propertySourceLocations = '{}', propertySourceProperties = '{org.springframework.boot.test.context.SpringBootTestContextBootstrapper=true, server.port=0}', contextCustomizers = set[org.springframework.boot.test.autoconfigure.properties.PropertyMappingContextCustomizer@0, org.springframework.boot.test.autoconfigure.web.servlet.WebDriverContextCustomizerFactory$Customizer@2ecf0ab3, org.springframework.boot.test.context.filter.ExcludeFilterContextCustomizer@1d166fe6, org.springframework.boot.test.json.DuplicateJsonObjectContextCustomizerFactory$DuplicateJsonObjectContextCustomizer@7d547dff, org.springframework.boot.test.mock.mockito.MockitoContextCustomizer@0, org.springframework.boot.test.web.client.TestRestTemplateContextCustomizer@23cc638d], resourceBasePath = 'src/main/webapp', contextLoader = 'org.springframework.boot.test.context.SpringBootContextLoader', parent = [null]], attributes = map['org.springframework.test.context.web.ServletTestExecutionListener.activateListener' -> false]].

com.crossover.techtrial.controller.CommentControllerTest > getComment STANDARD_OUT
    2018-04-24 14:28:37.179  INFO 20521 --- [    Test worker] o.s.t.c.transaction.TransactionContext   : Began transaction (1) for test context [DefaultTestContext@37696953 testClass = CommentControllerTest, testInstance = com.crossover.techtrial.controller.CommentControllerTest@66c989e5, testMethod = getComment@CommentControllerTest, testException = [null], mergedContextConfiguration = [WebMergedContextConfiguration@b579f1a testClass = CommentControllerTest, locations = '{}', classes = '{class com.crossover.techtrial.CrossBlogsApplication}', contextInitializerClasses = '[]', activeProfiles = '{test}', propertySourceLocations = '{}', propertySourceProperties = '{org.springframework.boot.test.context.SpringBootTestContextBootstrapper=true, server.port=0}', contextCustomizers = set[org.springframework.boot.test.autoconfigure.properties.PropertyMappingContextCustomizer@0, org.springframework.boot.test.autoconfigure.web.servlet.WebDriverContextCustomizerFactory$Customizer@2ecf0ab3, org.springframework.boot.test.context.filter.ExcludeFilterContextCustomizer@1d166fe6, org.springframework.boot.test.json.DuplicateJsonObjectContextCustomizerFactory$DuplicateJsonObjectContextCustomizer@7d547dff, org.springframework.boot.test.mock.mockito.MockitoContextCustomizer@0, org.springframework.boot.test.web.client.TestRestTemplateContextCustomizer@23cc638d], resourceBasePath = 'src/main/webapp', contextLoader = 'org.springframework.boot.test.context.SpringBootContextLoader', parent = [null]], attributes = map['org.springframework.test.context.web.ServletTestExecutionListener.activateListener' -> false]]; transaction manager [org.springframework.orm.jpa.JpaTransactionManager@79c5577c]; rollback [true]
    2018-04-24 14:28:37.183  INFO 20521 --- [    Test worker] s.w.s.m.m.a.RequestMappingHandlerMapping : Mapped "{[/comments/{comment-id}],methods=[DELETE]}" onto public org.springframework.http.ResponseEntity<com.crossover.techtrial.model.Article> com.crossover.techtrial.controller.CommentController.deleteArticleById(java.lang.Long)
    2018-04-24 14:28:37.183  INFO 20521 --- [    Test worker] s.w.s.m.m.a.RequestMappingHandlerMapping : Mapped "{[/comments],methods=[POST]}" onto public org.springframework.http.ResponseEntity<com.crossover.techtrial.model.Comment> com.crossover.techtrial.controller.CommentController.createComment(com.crossover.techtrial.model.Comment)
    2018-04-24 14:28:37.183  INFO 20521 --- [    Test worker] s.w.s.m.m.a.RequestMappingHandlerMapping : Mapped "{[/comments/{comments-id}],methods=[GET]}" onto public org.springframework.http.ResponseEntity<com.crossover.techtrial.model.Comment> com.crossover.techtrial.controller.CommentController.getCommentById(java.lang.Long)
    2018-04-24 14:28:37.184  INFO 20521 --- [    Test worker] s.w.s.m.m.a.RequestMappingHandlerMapping : Mapped "{[/comments],methods=[PUT]}" onto public org.springframework.http.ResponseEntity<com.crossover.techtrial.model.Comment> com.crossover.techtrial.controller.CommentController.updateComment(com.crossover.techtrial.model.Comment)
    2018-04-24 14:28:37.195  INFO 20521 --- [    Test worker] s.w.s.m.m.a.RequestMappingHandlerAdapter : Looking for @ControllerAdvice: org.springframework.test.web.servlet.setup.StubWebApplicationContext@47d92aa6
    2018-04-24 14:28:37.198  INFO 20521 --- [    Test worker] .m.m.a.ExceptionHandlerExceptionResolver : Detected @ExceptionHandler methods in com.crossover.techtrial.exceptions.GlobalExceptionHandler#390c490
    2018-04-24 14:28:37.198  INFO 20521 --- [    Test worker] o.s.mock.web.MockServletContext          : Initializing Spring FrameworkServlet ''
    2018-04-24 14:28:37.199  INFO 20521 --- [    Test worker] o.s.t.web.servlet.TestDispatcherServlet  : FrameworkServlet '': initialization started
    2018-04-24 14:28:37.199  INFO 20521 --- [    Test worker] o.s.t.web.servlet.TestDispatcherServlet  : FrameworkServlet '': initialization completed in 0 ms
    2018-04-24 14:28:37.214  INFO 20521 --- [    Test worker] o.s.t.c.transaction.TransactionContext   : Rolled back transaction for test context [DefaultTestContext@37696953 testClass = CommentControllerTest, testInstance = com.crossover.techtrial.controller.CommentControllerTest@66c989e5, testMethod = getComment@CommentControllerTest, testException = [null], mergedContextConfiguration = [WebMergedContextConfiguration@b579f1a testClass = CommentControllerTest, locations = '{}', classes = '{class com.crossover.techtrial.CrossBlogsApplication}', contextInitializerClasses = '[]', activeProfiles = '{test}', propertySourceLocations = '{}', propertySourceProperties = '{org.springframework.boot.test.context.SpringBootTestContextBootstrapper=true, server.port=0}', contextCustomizers = set[org.springframework.boot.test.autoconfigure.properties.PropertyMappingContextCustomizer@0, org.springframework.boot.test.autoconfigure.web.servlet.WebDriverContextCustomizerFactory$Customizer@2ecf0ab3, org.springframework.boot.test.context.filter.ExcludeFilterContextCustomizer@1d166fe6, org.springframework.boot.test.json.DuplicateJsonObjectContextCustomizerFactory$DuplicateJsonObjectContextCustomizer@7d547dff, org.springframework.boot.test.mock.mockito.MockitoContextCustomizer@0, org.springframework.boot.test.web.client.TestRestTemplateContextCustomizer@23cc638d], resourceBasePath = 'src/main/webapp', contextLoader = 'org.springframework.boot.test.context.SpringBootContextLoader', parent = [null]], attributes = map['org.springframework.test.context.web.ServletTestExecutionListener.activateListener' -> false]].
Gradle Test Executor 2 finished executing tests.
2018-04-24 14:28:37.223  INFO 20521 --- [       Thread-9] ConfigServletWebServerApplicationContext : Closing org.springframework.boot.web.servlet.context.AnnotationConfigServletWebServerApplicationContext@527ee9f2: startup date [Tue Apr 24 14:28:16 EET 2018]; root of context hierarchy
2018-04-24 14:28:37.225  INFO 20521 --- [      Thread-11] o.s.w.c.s.GenericWebApplicationContext   : Closing org.springframework.web.context.support.GenericWebApplicationContext@2cfc9fb4: startup date [Tue Apr 24 14:28:31 EET 2018]; root of context hierarchy
2018-04-24 14:28:37.229  INFO 20521 --- [       Thread-9] j.LocalContainerEntityManagerFactoryBean : Closing JPA EntityManagerFactory for persistence unit 'default'
2018-04-24 14:28:37.230  INFO 20521 --- [       Thread-9] com.zaxxer.hikari.HikariDataSource       : HikariPool-1 - Shutdown initiated...
2018-04-24 14:28:37.256  INFO 20521 --- [      Thread-11] j.LocalContainerEntityManagerFactoryBean : Closing JPA EntityManagerFactory for persistence unit 'default'
2018-04-24 14:28:37.257  INFO 20521 --- [      Thread-11] com.zaxxer.hikari.HikariDataSource       : HikariPool-2 - Shutdown initiated...
2018-04-24 14:28:37.272  INFO 20521 --- [       Thread-9] com.zaxxer.hikari.HikariDataSource       : HikariPool-1 - Shutdown completed.
2018-04-24 14:28:37.389  INFO 20521 --- [      Thread-11] com.zaxxer.hikari.HikariDataSource       : HikariPool-2 - Shutdown completed.
Finished generating test XML results (0.012 secs) into: /home/ramazan/Documents/crossovertest/crossblogs-java-sa/build/test-results/test
Generating HTML test report...
Finished generating test html results (0.011 secs) into: /home/ramazan/Documents/crossovertest/crossblogs-java-sa/build/reports/tests/test
:test (Thread[Task worker for ':' Thread 3,5,main]) completed. Took 25.111 secs.

BUILD SUCCESSFUL in 27s
5 actionable tasks: 5 executed
VCS Checkout Cache (/home/ramazan/Documents/crossovertest/crossblogs-java-sa/.gradle/vcsWorkingDirs) has not been cleaned up in 1 days
